Component: Arm Compiler for Embedded 6.23 Tool: armlink [5f102400]

==============================================================================

Section Cross References

    main.o(.text) refers (Special) to systick_wrapper_gnu.o(.text) for __ensure_systick_wrapper
    main.o(.text.main) refers (Special) to systick_wrapper_gnu.o(.text) for __ensure_systick_wrapper
    main.o(.text.main) refers to at32f403a_407_misc.o(.text.nvic_vector_table_set) for nvic_vector_table_set
    main.o(.text.main) refers to at32f403a_407_wk_config.o(.text.wk_system_clock_config) for wk_system_clock_config
    main.o(.text.main) refers to at32f403a_407_wk_config.o(.text.wk_periph_clock_config) for wk_periph_clock_config
    main.o(.text.main) refers to wk_debug.o(.text.wk_debug_config) for wk_debug_config
    main.o(.text.main) refers to at32f403a_407_wk_config.o(.text.wk_nvic_config) for wk_nvic_config
    main.o(.text.main) refers to wk_system.o(.text.wk_timebase_init) for wk_timebase_init
    main.o(.text.main) refers to wk_gpio.o(.text.wk_gpio_config) for wk_gpio_config
    main.o(.text.main) refers to wk_usart.o(.text.wk_usart1_init) for wk_usart1_init
    main.o(.text.main) refers to wk_adc.o(.text.wk_adc1_init) for wk_adc1_init
    main.o(.text.main) refers to wk_tmr.o(.text.wk_tmr1_init) for wk_tmr1_init
    main.o(.text.main) refers to wk_tmr.o(.text.wk_tmr4_init) for wk_tmr4_init
    main.o(.text.main) refers to wk_dac.o(.text.wk_dac_init) for wk_dac_init
    main.o(.text.main) refers to wk_crc.o(.text.wk_crc_init) for wk_crc_init
    main.o(.text.main) refers to wk_wdt.o(.text.wk_wdt_init) for wk_wdt_init
    main.o(.text.main) refers to tmt.o(.text.tmt_init) for tmt_init
    main.o(.text.main) refers to tmt.o(.bss.tmt) for tmt
    main.o(.text.main) refers to main.o(.text.iap_task) for iap_task
    main.o(.text.main) refers to main.o(.text.feed_dog_task) for feed_dog_task
    main.o(.text.main) refers to main.o(.text.pc_task) for pc_task
    main.o(.text.main) refers to main.o(.text.lcd_task) for lcd_task
    main.o(.text.main) refers to main.o(.text.beep_task) for beep_task
    main.o(.text.main) refers to main.o(.text.Output_task) for Output_task
    main.o(.text.main) refers to main.o(.text.key_task) for key_task
    main.o(.text.main) refers to main.o(.text.collect_data_task) for collect_data_task
    main.o(.text.main) refers to main.o(.text.work_task) for work_task
    main.o(.text.main) refers to main.o(.text.flash_task) for flash_task
    main.o(.text.main) refers to main.o(.text.check_ocp_task) for check_ocp_task
    main.o(.text.main) refers to perf_counter.o(.text.init_cycle_counter) for init_cycle_counter
    main.o(.text.main) refers to eventrecorder.o(.text.EventRecorderInitialize) for EventRecorderInitialize
    main.o(.text.main) refers to ps305d_handle.o(.bss.ps305d) for ps305d
    main.o(.text.main) refers to ps305d_handle.o(.text.PS305D_init) for PS305D_init
    main.o(.text.main) refers to adc_filter.o(.bss.ADC_CRT) for ADC_CRT
    main.o(.text.main) refers to adc_filter.o(.text.filter_init) for filter_init
    main.o(.text.main) refers to adc_filter.o(.bss.ADC_VTG) for ADC_VTG
    main.o(.text.main) refers to adc_filter.o(.bss.ADC_TYPEC_CRT) for ADC_TYPEC_CRT
    main.o(.text.main) refers to adc_filter.o(.bss.ADC_USB_CRT) for ADC_USB_CRT
    main.o(.text.main) refers to pid_handle.o(.bss.voltage_pid) for voltage_pid
    main.o(.text.main) refers to pid_handle.o(.text.Compensator_Init) for Compensator_Init
    main.o(.text.main) refers to pid_handle.o(.bss.current_pid) for current_pid
    main.o(.text.main) refers to tm1680.o(.text.TM1680Init) for TM1680Init
    main.o(.text.main) refers to at32_usart.o(.text.BSP_UsartInit) for BSP_UsartInit
    main.o(.text.main) refers to iap.o(.text.iap_init) for iap_init
    main.o(.ARM.exidx.text.main) refers (Special) to systick_wrapper_gnu.o(.text) for __ensure_systick_wrapper
    main.o(.ARM.exidx.text.main) refers to main.o(.text.main) for [Anonymous Symbol]
    main.o(.text.iap_task) refers (Special) to systick_wrapper_gnu.o(.text) for __ensure_systick_wrapper
    main.o(.text.iap_task) refers to iap.o(.text.iap_command_handle) for iap_command_handle
    main.o(.ARM.exidx.text.iap_task) refers (Special) to systick_wrapper_gnu.o(.text) for __ensure_systick_wrapper
    main.o(.ARM.exidx.text.iap_task) refers to main.o(.text.iap_task) for [Anonymous Symbol]
    main.o(.text.feed_dog_task) refers (Special) to systick_wrapper_gnu.o(.text) for __ensure_systick_wrapper
    main.o(.text.feed_dog_task) refers to main.o(.bss.feed_dog_task.first_in) for feed_dog_task.first_in
    main.o(.text.feed_dog_task) refers to at32f403a_407_wdt.o(.text.wdt_counter_reload) for wdt_counter_reload
    main.o(.ARM.exidx.text.feed_dog_task) refers (Special) to systick_wrapper_gnu.o(.text) for __ensure_systick_wrapper
    main.o(.ARM.exidx.text.feed_dog_task) refers to main.o(.text.feed_dog_task) for [Anonymous Symbol]
[...]
    collect_data_handle                      0x0800827d   Thumb Code    36  collect_data_handle.o(.text.collect_data_handle)
    collect_data_task                        0x080082a1   Thumb Code     8  main.o(.text.collect_data_task)
    collect_typec_usb_data                   0x080082a9   Thumb Code   752  collect_data_handle.o(.text.collect_typec_usb_data)
    collect_voltage                          0x080085b1   Thumb Code   224  collect_data_handle.o(.text.collect_voltage)
    convert_data                             0x080086a9   Thumb Code   226  at32_usart.o(.text.convert_data)
    crc_block_calculate                      0x08008811   Thumb Code    66  at32f403a_407_crc.o(.text.crc_block_calculate)
    crc_data_reset                           0x08008855   Thumb Code    18  at32f403a_407_crc.o(.text.crc_data_reset)
    crc_init_data_set                        0x08008869   Thumb Code    20  at32f403a_407_crc.o(.text.crc_init_data_set)
    crc_poly_size_set                        0x0800887d   Thumb Code    38  at32f403a_407_crc.o(.text.crc_poly_size_set)
    crc_poly_value_set                       0x080088a5   Thumb Code    20  at32f403a_407_crc.o(.text.crc_poly_value_set)
    crc_reverse_input_data_set               0x080088b9   Thumb Code    38  at32f403a_407_crc.o(.text.crc_reverse_input_data_set)
    crc_reverse_output_data_set              0x080088e1   Thumb Code    38  at32f403a_407_crc.o(.text.crc_reverse_output_data_set)
    crm_adc_clock_div_set                    0x08008909   Thumb Code    52  at32f403a_407_crm.o(.text.crm_adc_clock_div_set)
    crm_ahb_div_set                          0x0800893d   Thumb Code    38  at32f403a_407_crm.o(.text.crm_ahb_div_set)
    crm_apb1_div_set                         0x08008965   Thumb Code    38  at32f403a_407_crm.o(.text.crm_apb1_div_set)
    crm_apb2_div_set                         0x0800898d   Thumb Code    38  at32f403a_407_crm.o(.text.crm_apb2_div_set)
    crm_auto_step_mode_enable                0x080089b5   Thumb Code    56  at32f403a_407_crm.o(.text.crm_auto_step_mode_enable)
    crm_clock_source_enable                  0x080089ed   Thumb Code   166  at32f403a_407_crm.o(.text.crm_clock_source_enable)
    crm_clocks_freq_get                      0x08008a95   Thumb Code   480  at32f403a_407_crm.o(.text.crm_clocks_freq_get)
    crm_flag_get                             0x08008c75   Thumb Code    62  at32f403a_407_crm.o(.text.crm_flag_get)
    crm_hext_stable_wait                     0x08008cb5   Thumb Code   100  at32f403a_407_crm.o(.text.crm_hext_stable_wait)
    crm_periph_clock_enable                  0x08008d19   Thumb Code    82  at32f403a_407_crm.o(.text.crm_periph_clock_enable)
    crm_pll_config                           0x08008d6d   Thumb Code   188  at32f403a_407_crm.o(.text.crm_pll_config)
    crm_reset                                0x08008e29   Thumb Code   138  at32f403a_407_crm.o(.text.crm_reset)
    crm_sysclk_switch                        0x08008eb5   Thumb Code    70  at32f403a_407_crm.o(.text.crm_sysclk_switch)
    crm_sysclk_switch_status_get             0x08008efd   Thumb Code    16  at32f403a_407_crm.o(.text.crm_sysclk_switch_status_get)
    cur_ec11_event_handle                    0x08008f0d   Thumb Code   208  ec11_handle.o(.text.cur_ec11_event_handle)
    current_display_handle                   0x08008fdd   Thumb Code   310  lcd_handle.o(.text.current_display_handle)
    current_ec11_get_event                   0x08009115   Thumb Code   722  ec11_handle.o(.text.current_ec11_get_event)
    dac_1_data_set                           0x080093e9   Thumb Code    20  at32f403a_407_dac.o(.text.dac_1_data_set)
    dac_2_data_set                           0x080093fd   Thumb Code    20  at32f403a_407_dac.o(.text.dac_2_data_set)
    dac_buffer_auto_switch                   0x08009411   Thumb Code    52  output_handle.o(.text.dac_buffer_auto_switch)
    dac_enable                               0x08009445   Thumb Code    90  at32f403a_407_dac.o(.text.dac_enable)
    dac_output_buffer_enable                 0x080094a1   Thumb Code   112  at32f403a_407_dac.o(.text.dac_output_buffer_enable)
    dac_output_control                       0x08009511   Thumb Code   680  output_handle.o(.text.dac_output_control)
    dac_trigger_enable                       0x080097d9   Thumb Code    98  at32f403a_407_dac.o(.text.dac_trigger_enable)
    data_display_state                       0x08009895   Thumb Code    62  lcd_handle.o(.text.data_display_state)
    delay_ms                                 0x080098d5   Thumb Code   148  perf_counter.o(.text.delay_ms)
    delay_us                                 0x08009969   Thumb Code   148  perf_counter.o(.text.delay_us)
    ec11_handle                              0x080099fd   Thumb Code   112  ec11_handle.o(.text.ec11_handle)
    feed_dog_task                            0x08009a6d   Thumb Code    38  main.o(.text.feed_dog_task)
    filter_init                              0x08009a95   Thumb Code   104  adc_filter.o(.text.filter_init)
    flash_bank1_operation_status_get         0x08009afd   Thumb Code   104  at32f403a_407_flash.o(.text.flash_bank1_operation_status_get)
    flash_bank1_operation_wait_for           0x08009b65   Thumb Code    92  at32f403a_407_flash.o(.text.flash_bank1_operation_wait_for)
    flash_bank2_operation_status_get         0x08009bc1   Thumb Code   104  at32f403a_407_flash.o(.text.flash_bank2_operation_status_get)
    flash_bank2_operation_wait_for           0x08009c29   Thumb Code    92  at32f403a_407_flash.o(.text.flash_bank2_operation_wait_for)
    flash_halfword_program                   0x08009c85   Thumb Code   242  at32f403a_407_flash.o(.text.flash_halfword_program)
    flash_handle                             0x08009d79   Thumb Code  2696  flash_handle.o(.text.flash_handle)
    flash_lock                               0x0800a801   Thumb Code    34  at32f403a_407_flash.o(.text.flash_lock)
    flash_read_halfword                      0x0800a825   Thumb Code    50  flash.o(.text.flash_read_halfword)
    flash_sector_erase                       0x0800a859   Thumb Code   274  at32f403a_407_flash.o(.text.flash_sector_erase)
    flash_spim_dummy_read                    0x0800a96d   Thumb Code    28  at32f403a_407_flash.o(.text.flash_spim_dummy_read)
    flash_spim_operation_status_get          0x0800a989   Thumb Code   104  at32f403a_407_flash.o(.text.flash_spim_operation_status_get)
    flash_spim_operation_wait_for            0x0800a9f1   Thumb Code    92  at32f403a_407_flash.o(.text.flash_spim_operation_wait_for)
    flash_task                               0x0800aa4d   Thumb Code     8  main.o(.text.flash_task)
    flash_unlock                             0x0800aa55   Thumb Code    42  at32f403a_407_flash.o(.text.flash_unlock)
    flash_word_program                       0x0800aa81   Thumb Code   234  at32f403a_407_flash.o(.text.flash_word_program)
    get_adcval                               0x0800ab9d   Thumb Code    78  adc_filter.o(.text.get_adcval)
    get_adcval_average                       0x0800abed   Thumb Code   198  adc_filter.o(.text.get_adcval_average)
    get_digit                                0x0800afed   Thumb Code    98  lcd_handle.o(.text.get_digit)
    get_system_ticks                         0x0800bac5   Thumb Code   144  perf_counter.o(.text.get_system_ticks)
    gpio_bits_reset                          0x0800bb85   Thumb Code    20  at32f403a_407_gpio.o(.text.gpio_bits_reset)
    gpio_bits_set                            0x0800bb99   Thumb Code    20  at32f403a_407_gpio.o(.text.gpio_bits_set)
    gpio_default_para_init                   0x0800bbad   Thumb Code    38  at32f403a_407_gpio.o(.text.gpio_default_para_init)
    gpio_init                                0x0800bbd5   Thumb Code   320  at32f403a_407_gpio.o(.text.gpio_init)
    gpio_input_data_bit_read                 0x0800bd15   Thumb Code    54  at32f403a_407_gpio.o(.text.gpio_input_data_bit_read)
    gpio_pin_remap_config                    0x0800bd4d   Thumb Code   150  at32f403a_407_gpio.o(.text.gpio_pin_remap_config)
    iap_command_handle                       0x0800bde5   Thumb Code    66  iap.o(.text.iap_command_handle)
    iap_init                                 0x0800be29   Thumb Code    50  iap.o(.text.iap_init)
    iap_task                                 0x0800be5d   Thumb Code     8  main.o(.text.iap_task)
    init_cycle_counter                       0x0800be65   Thumb Code   164  perf_counter.o(.text.init_cycle_counter)
    key_event_check                          0x0800bf09   Thumb Code   250  key.o(.text.key_event_check)
    key_handle                               0x0800c005   Thumb Code     8  key_handle.o(.text.key_handle)
    key_task                                 0x0800c00d   Thumb Code     8  main.o(.text.key_task)
    lcd_handle                               0x0800c015   Thumb Code   112  lcd_handle.o(.text.lcd_handle)
    lcd_task                                 0x0800c085   Thumb Code     8  main.o(.text.lcd_task)
    led_display_handle                       0x0800c08d   Thumb Code  1046  lcd_handle.o(.text.led_display_handle)
    main                                     0x0800c4a5   Thumb Code   448  main.o(.text.main)
    move_average_filter                      0x0800c66d   Thumb Code   166  adc_filter.o(.text.move_average_filter)
    nvic_irq_enable                          0x0800c715   Thumb Code    52  at32f403a_407_misc.o(.text.nvic_irq_enable)
    nvic_priority_group_config               0x0800c749   Thumb Code    20  at32f403a_407_misc.o(.text.nvic_priority_group_config)
    nvic_system_reset                        0x0800c75d   Thumb Code     4  at32f403a_407_misc.o(.text.nvic_system_reset)
    nvic_vector_table_set                    0x0800c761   Thumb Code    36  at32f403a_407_misc.o(.text.nvic_vector_table_set)
    ocp_handle                               0x0800c785   Thumb Code   214  work_handle.o(.text.ocp_handle)
    output_control                           0x0800c85d   Thumb Code   290  work_handle.o(.text.output_control)
    pc_comm_handle                           0x0800c981   Thumb Code    56  pc_comm_handle.o(.text.pc_comm_handle)
    pc_event_handle                          0x0800c9b9   Thumb Code   288  pc_comm_handle.o(.text.pc_event_handle)
    pc_task                                  0x0800cad9   Thumb Code     8  main.o(.text.pc_task)
    perfc_port_clear_system_timer_ovf_pending 0x0800cae1   Thumb Code    16  perfc_port_default.o(.text.perfc_port_clear_system_timer_ovf_pending)
    perfc_port_get_system_timer_elapsed      0x0800cb19   Thumb Code    32  perfc_port_default.o(.text.perfc_port_get_system_timer_elapsed)
    perfc_port_get_system_timer_freq         0x0800cb39   Thumb Code    12  perfc_port_default.o(.text.perfc_port_get_system_timer_freq)
    perfc_port_get_system_timer_top          0x0800cb45   Thumb Code    14  perfc_port_default.o(.text.perfc_port_get_system_timer_top)
    perfc_port_init_system_timer             0x0800cb55   Thumb Code   102  perfc_port_default.o(.text.perfc_port_init_system_timer)
    perfc_port_insert_to_system_timer_insert_ovf_handler 0x0800cbbd   Thumb Code   326  perf_counter.o(.text.perfc_port_insert_to_system_timer_insert_ovf_handler)
    perfc_port_is_system_timer_ovf_pending   0x0800cd05   Thumb Code    16  perfc_port_default.o(.text.perfc_port_is_system_timer_ovf_pending)
    queue_init                               0x0800cd3d   Thumb Code    78  util_queue.o(.text.queue_init)
    queue_isEmpty                            0x0800cd8d   Thumb Code    22  util_queue.o(.text.queue_isEmpty)
    queue_isFull                             0x0800cda5   Thumb Code    34  util_queue.o(.text.queue_isFull)
    queue_read                               0x0800cdc9   Thumb Code    72  util_queue.o(.text.queue_read)
    queue_write                              0x0800ce11   Thumb Code    74  util_queue.o(.text.queue_write)
    system_core_clock_update                 0x0800ce5d   Thumb Code   414  system_at32f403a_407.o(.text.system_core_clock_update)
    systick_clock_source_config              0x0800cffd   Thumb Code    56  at32f403a_407_misc.o(.text.systick_clock_source_config)
    tm1680SendByte                           0x0800d035   Thumb Code   158  tm1680.o(.text.tm1680SendByte)
    tm1680Send_4bit                          0x0800d0d5   Thumb Code   148  tm1680.o(.text.tm1680Send_4bit)
    tm1680_start                             0x0800d169   Thumb Code    76  tm1680.o(.text.tm1680_start)
    tm1680_stop                              0x0800d1b5   Thumb Code    78  tm1680.o(.text.tm1680_stop)
    tmr_base_init                            0x0800d205   Thumb Code    34  at32f403a_407_tmr.o(.text.tmr_base_init)
    tmr_channel_value_set                    0x0800d229   Thumb Code    82  at32f403a_407_tmr.o(.text.tmr_channel_value_set)
    tmr_clock_source_div_set                 0x0800d27d   Thumb Code    34  at32f403a_407_tmr.o(.text.tmr_clock_source_div_set)
    tmr_cnt_dir_set                          0x0800d2a1   Thumb Code    34  at32f403a_407_tmr.o(.text.tmr_cnt_dir_set)
    tmr_counter_enable                       0x0800d2c5   Thumb Code    26  at32f403a_407_tmr.o(.text.tmr_counter_enable)
    tmr_flag_clear                           0x0800d2e1   Thumb Code    18  at32f403a_407_tmr.o(.text.tmr_flag_clear)
    tmr_interrupt_enable                     0x0800d2f5   Thumb Code    58  at32f403a_407_tmr.o(.text.tmr_interrupt_enable)
    tmr_interrupt_flag_get                   0x0800d331   Thumb Code    60  at32f403a_407_tmr.o(.text.tmr_interrupt_flag_get)
    tmr_output_channel_buffer_enable         0x0800d36d   Thumb Code   148  at32f403a_407_tmr.o(.text.tmr_output_channel_buffer_enable)
    tmr_output_channel_config                0x0800d401   Thumb Code   534  at32f403a_407_tmr.o(.text.tmr_output_channel_config)
    tmr_output_channel_immediately_set       0x0800d619   Thumb Code   148  at32f403a_407_tmr.o(.text.tmr_output_channel_immediately_set)
    tmr_period_buffer_enable                 0x0800d6ad   Thumb Code    34  at32f403a_407_tmr.o(.text.tmr_period_buffer_enable)
    tmr_primary_mode_select                  0x0800d6d1   Thumb Code    34  at32f403a_407_tmr.o(.text.tmr_primary_mode_select)
    tmr_repetition_counter_set               0x0800d6f5   Thumb Code    28  at32f403a_407_tmr.o(.text.tmr_repetition_counter_set)
    tmr_sub_sync_mode_set                    0x0800d711   Thumb Code    34  at32f403a_407_tmr.o(.text.tmr_sub_sync_mode_set)
    tmt_init                                 0x0800d8ed   Thumb Code   118  tmt.o(.text.tmt_init)
    typec_display_handle                     0x0800dba5   Thumb Code   132  lcd_handle.o(.text.typec_display_handle)
    update_perf_counter                      0x0800dc29   Thumb Code   154  perf_counter.o(.text.update_perf_counter)
    usart_data_receive                       0x0800dcc5   Thumb Code    14  at32f403a_407_usart.o(.text.usart_data_receive)
    usart_data_transmit                      0x0800dcd5   Thumb Code    24  at32f403a_407_usart.o(.text.usart_data_transmit)
    usart_enable                             0x0800dced   Thumb Code    34  at32f403a_407_usart.o(.text.usart_enable)
    usart_flag_clear                         0x0800dd11   Thumb Code    40  at32f403a_407_usart.o(.text.usart_flag_clear)
    usart_flag_get                           0x0800dd39   Thumb Code    42  at32f403a_407_usart.o(.text.usart_flag_get)
    usart_hardware_flow_control_set          0x0800dd65   Thumb Code   144  at32f403a_407_usart.o(.text.usart_hardware_flow_control_set)
    usart_init                               0x0800ddf5   Thumb Code   254  at32f403a_407_usart.o(.text.usart_init)
    usart_interrupt_enable                   0x0800def5   Thumb Code    72  at32f403a_407_usart.o(.text.usart_interrupt_enable)
    usart_parity_selection_config            0x0800df3d   Thumb Code   110  at32f403a_407_usart.o(.text.usart_parity_selection_config)
    usart_receiveData                        0x0800dfad   Thumb Code   228  at32_usart.o(.text.usart_receiveData)
    usart_receiver_enable                    0x0800e091   Thumb Code    34  at32f403a_407_usart.o(.text.usart_receiver_enable)
    usart_sendData                           0x0800e0b5   Thumb Code   274  at32_usart.o(.text.usart_sendData)
    usart_transmitter_enable                 0x0800e1c9   Thumb Code    34  at32f403a_407_usart.o(.text.usart_transmitter_enable)
    usb_display_handle                       0x0800e1ed   Thumb Code   132  lcd_handle.o(.text.usb_display_handle)
    vol_ec11_event_handle                    0x0800e271   Thumb Code   208  ec11_handle.o(.text.vol_ec11_event_handle)
    voltage_display_handle                   0x0800e341   Thumb Code   322  lcd_handle.o(.text.voltage_display_handle)
    voltage_ec11_get_event                   0x0800e485   Thumb Code   654  ec11_handle.o(.text.voltage_ec11_get_event)
    voltage_transformer_control              0x0800e715   Thumb Code   242  work_handle.o(.text.voltage_transformer_control)
    wdt_counter_reload                       0x0800e809   Thumb Code    16  at32f403a_407_wdt.o(.text.wdt_counter_reload)
    wdt_divider_set                          0x0800e819   Thumb Code    30  at32f403a_407_wdt.o(.text.wdt_divider_set)
    wdt_register_write_enable                0x0800e839   Thumb Code    48  at32f403a_407_wdt.o(.text.wdt_register_write_enable)
    wdt_reload_value_set                     0x0800e869   Thumb Code    24  at32f403a_407_wdt.o(.text.wdt_reload_value_set)
    wk_adc1_init                             0x0800e881   Thumb Code   326  wk_adc.o(.text.wk_adc1_init)
    wk_crc_init                              0x0800e9c9   Thumb Code    52  wk_crc.o(.text.wk_crc_init)
    wk_dac_init                              0x0800e9fd   Thumb Code   134  wk_dac.o(.text.wk_dac_init)
    wk_debug_config                          0x0800ea85   Thumb Code    18  wk_debug.o(.text.wk_debug_config)
    wk_gpio_config                           0x0800ea99   Thumb Code   398  wk_gpio.o(.text.wk_gpio_config)
    wk_nvic_config                           0x0800ec29   Thumb Code   190  at32f403a_407_wk_config.o(.text.wk_nvic_config)
    wk_periph_clock_config                   0x0800ece9   Thumb Code   140  at32f403a_407_wk_config.o(.text.wk_periph_clock_config)
    wk_system_clock_config                   0x0800ed75   Thumb Code   176  at32f403a_407_wk_config.o(.text.wk_system_clock_config)
    wk_timebase_handler                      0x0800ee25   Thumb Code     8  wk_system.o(.text.wk_timebase_handler)
    wk_timebase_increase                     0x0800ee2d   Thumb Code    16  wk_system.o(.text.wk_timebase_increase)
    wk_timebase_init                         0x0800ee3d   Thumb Code    90  wk_system.o(.text.wk_timebase_init)
    wk_tmr1_init                             0x0800ee99   Thumb Code    96  wk_tmr.o(.text.wk_tmr1_init)
    wk_tmr4_init                             0x0800eef9   Thumb Code   208  wk_tmr.o(.text.wk_tmr4_init)
    wk_usart1_init                           0x0800efc9   Thumb Code   198  wk_usart.o(.text.wk_usart1_init)
    wk_wdt_init                              0x0800f091   Thumb Code    28  wk_wdt.o(.text.wk_wdt_init)
    work_handle                              0x0800f0ad   Thumb Code    24  work_handle.o(.text.work_handle)
    work_task                                0x0800f0c5   Thumb Code     8  main.o(.text.work_task)
    __scatterload_copy                       0x0800f0cd   Thumb Code    14  handlers.o(i.__scatterload_copy)
    __scatterload_null                       0x0800f0db   Thumb Code     2  handlers.o(i.__scatterload_null)
    __scatterload_zeroinit                   0x0800f0dd   Thumb Code    14  handlers.o(i.__scatterload_zeroinit)
    EventRecorderInfo                        0x0800f0ec   Data          24  eventrecorder.o(.rodata.EventRecorderInfo)
    Region$$Table$$Base                      0x0800f144   Number         0  anon$$obj.o(Region$$Table)
    Region$$Table$$Limit                     0x0800f164   Number         0  anon$$obj.o(Region$$Table)
    SHT$$INIT_ARRAY$$Base                    0x0800f164   Number         0  perf_counter.o(.init_array)
    SHT$$INIT_ARRAY$$Limit                   0x0800f168   Number         0  cpp_init.o(.init_array)
    SystemCoreClock                          0x20000008   Data           4  system_at32f403a_407.o(.data.SystemCoreClock)
    cont_ocp_protect_time                    0x20000010   Data           4  work_handle.o(.data.cont_ocp_protect_time)
    current_ec11                             0x20000018   Data          56  encoderec11.o(.data.current_ec11)
    key_event                                0x2000005c   Data          11  key_handle.o(.data.key_event)
    sbeep                                    0x20000120   Data          16  beep.o(.data.sbeep)
    table                                    0x20000130   Data          18  lcd_handle.o(.data.table)
    voltage_ec11                             0x20000158   Data          56  encoderec11.o(.data.voltage_ec11)
    ADC_CRT                                  0x200001c0   Data          68  adc_filter.o(.bss.ADC_CRT)
    ADC_TYPEC_CRT                            0x20000204   Data          68  adc_filter.o(.bss.ADC_TYPEC_CRT)
    ADC_USB_CRT                              0x20000248   Data          68  adc_filter.o(.bss.ADC_USB_CRT)
    ADC_VTG                                  0x2000028c   Data          68  adc_filter.o(.bss.ADC_VTG)
    actual_display_times                     0x200002f4   Data           4  lcd_handle.o(.bss.actual_display_times)
    chUsart1RxBuffer                         0x200002fa   Data        1024  at32_usart.o(.bss.chUsart1RxBuffer)
    chUsart1TxBuffer                         0x200006fa   Data        1024  at32_usart.o(.bss.chUsart1TxBuffer)
    current_pid                              0x20000b14   Data          64  pid_handle.o(.bss.current_pid)
    g_cur_ec11_analyze_result                0x20000bb8   Data           1  ec11_handle.o(.bss.g_cur_ec11_analyze_result)
    g_lLastTimeStamp                         0x20000bc0   Data           8  perf_counter.o(.bss.g_lLastTimeStamp)
    g_last_set_current_data                  0x20000bc8   Data           4  output_handle.o(.bss.g_last_set_current_data)
    g_last_set_voltage_data                  0x20000bcc   Data           4  output_handle.o(.bss.g_last_set_voltage_data)
    g_nOffset                                0x20000bd0   Data           4  perf_counter.o(.bss.g_nOffset)
    g_vol_ec11_analyze_result                0x20000bd4   Data           1  ec11_handle.o(.bss.g_vol_ec11_analyze_result)
    iap_flag                                 0x20000bd9   Data           1  iap.o(.bss.iap_flag)
    ocp_exint_state                          0x20001144   Data           1  at32f403a_407_int.o(.bss.ocp_exint_state)
    pc_data                                  0x20001148   Data        1540  pc_comm_handle.o(.bss.pc_data)
    pc_event                                 0x2000174c   Data           1  pc_comm_handle.o(.bss.pc_event)
    ps305d                                   0x20001754   Data         156  ps305d_handle.o(.bss.ps305d)
    tUart4Buffer                             0x2000182c   Data          36  at32_usart.o(.bss.tUart4Buffer)
    tUart5Buffer                             0x20001850   Data          36  at32_usart.o(.bss.tUart5Buffer)
    tUsart1Buffer                            0x20001874   Data          36  at32_usart.o(.bss.tUsart1Buffer)
    tUsart2Buffer                            0x20001898   Data          36  at32_usart.o(.bss.tUsart2Buffer)
    tUsart3Buffer                            0x200018bc   Data          36  at32_usart.o(.bss.tUsart3Buffer)
    timebase_ticks                           0x200018e0   Data           4  wk_system.o(.bss.timebase_ticks)
    tmt                                      0x200018e4   Data          24  tmt.o(.bss.tmt)
    tmt_us_tick                              0x200018fc   Data           4  at32f403a_407_int.o(.bss.tmt_us_tick)
    us_tick                                  0x20001900   Data           4  at32f403a_407_int.o(.bss.us_tick)
    voltage_pid                              0x20001904   Data          64  pid_handle.o(.bss.voltage_pid)
    __initial_sp                             0x20001d48   Data           0  startup_at32f403a_407.o(STACK)



==============================================================================

Memory Map of the image

  Image Entry point : 0x08004185

  Load Region LR_IROM1 (Base: 0x08004000, Size: 0x0000b340, Max: 0x00100000, ABSOLUTE, COMPRESSED[0x0000b240])

    Execution Region ER_IROM1 (Exec base: 0x08004000, Load base: 0x08004000, Size: 0x0000b168, Max: 0x00100000, ABSOLUTE)

    Exec Addr    Load Addr    Size         Type   Attr      Idx    E Section Name        Object

    0x08004000   0x08004000   0x00000184   Data   RO          844    RESET               startup_at32f403a_407.o
    0x08004184   0x08004184   0x00000000   Code   RO         1600  * .ARM.Collect$$$$00000000  mc_w.l(entry.o)
    0x08004184   0x08004184   0x00000004   Code   RO         1697    .ARM.Collect$$$$00000001  mc_w.l(entry2.o)
    0x08004188   0x08004188   0x00000004   Code   RO         1700    .ARM.Collect$$$$00000004  mc_w.l(entry5.o)
    0x0800418c   0x0800418c   0x00000000   Code   RO         1702    .ARM.Collect$$$$00000008  mc_w.l(entry7b.o)
    0x0800418c   0x0800418c   0x00000004   Code   RO         1703    .ARM.Collect$$$$00000009  mc_w.l(entry8a.o)
    0x08004190   0x08004190   0x00000000   Code   RO         1704    .ARM.Collect$$$$0000000A  mc_w.l(entry8b.o)
    0x08004190   0x08004190   0x00000008   Code   RO         1705    .ARM.Collect$$$$0000000B  mc_w.l(entry9a.o)
    0x08004198   0x08004198   0x00000000   Code   RO         1707    .ARM.Collect$$$$0000000D  mc_w.l(entry10a.o)
    0x08004198   0x08004198   0x00000000   Code   RO         1709    .ARM.Collect$$$$0000000F  mc_w.l(entry11a.o)
    0x08004198   0x08004198   0x00000004   Code   RO         1698    .ARM.Collect$$$$00002712  mc_w.l(entry2.o)
    0x0800419c   0x0800419c   0x00000024   Code   RO          845    .text               startup_at32f403a_407.o
    0x080041c0   0x080041c0   0x0000001c   Code   RO         1582    .text               systick_wrapper_gnu.o
    0x080041dc   0x080041dc   0x00000062   Code   RO         1603    .text               mc_w.l(ldiv.o)
    0x0800423e   0x0800423e   0x00000024   Code   RO         1607    .text               mc_w.l(memseta.o)
    0x08004262   0x08004262   0x00000002   PAD
    0x08004264   0x08004264   0x00000028   Code   RO         1644    .text               mc_w.l(cpp_init.o)
    0x0800428c   0x0800428c   0x0000014e   Code   RO         1646    .text               mf_w.l(dadd.o)
    0x080043da   0x080043da   0x000000e4   Code   RO         1648    .text               mf_w.l(dmul.o)
    0x080044be   0x080044be   0x000000de   Code   RO         1650    .text               mf_w.l(ddiv.o)
    0x0800459c   0x0800459c   0x00000022   Code   RO         1656    .text               mf_w.l(dflti.o)
    0x080045be   0x080045be   0x0000001a   Code   RO         1658    .text               mf_w.l(dfltui.o)
    0x080045d8   0x080045d8   0x0000003e   Code   RO         1660    .text               mf_w.l(dfixi.o)
    0x08004616   0x08004616   0x00000026   Code   RO         1662    .text               mf_w.l(f2d.o)
    0x0800463c   0x0800463c   0x00000038   Code   RO         1664    .text               mf_w.l(d2f.o)
    0x08004674   0x08004674   0x00000062   Code   RO         1727    .text               mc_w.l(uldiv.o)
    0x080046d6   0x080046d6   0x0000001e   Code   RO         1729    .text               mc_w.l(llshl.o)
    0x080046f4   0x080046f4   0x00000020   Code   RO         1731    .text               mc_w.l(llushr.o)
    0x08004714   0x08004714   0x00000024   Code   RO         1733    .text               mc_w.l(llsshr.o)
    0x08004738   0x08004738   0x00000000   Code   RO         1744    .text               mc_w.l(iusefp.o)
    0x08004738   0x08004738   0x0000006e   Code   RO         1749    .text               mf_w.l(fepilogue.o)
    0x080047a6   0x080047a6   0x000000ba   Code   RO         1751    .text               mf_w.l(depilogue.o)
    0x08004860   0x08004860   0x00000030   Code   RO         1761    .text               mc_w.l(init.o)
    0x08004890   0x08004890   0x00000056   Code   RO         1788    .text               mc_w.l(__dczerorl2.o)
    0x080048e6   0x080048e6   0x00000002   PAD
    0x080048e8   0x080048e8   0x000000b8   Code   RO         1340    .text.ACK           tm1680.o
    0x080049a0   0x080049a0   0x00000078   Code   RO         1074    .text.Actual_Current_display  lcd_handle.o
    0x08004a18   0x08004a18   0x00000096   Code   RO         1086    .text.Actual_Typec_Current_display  lcd_handle.o
    0x08004aae   0x08004aae   0x00000002   PAD
    0x08004ab0   0x08004ab0   0x000000aa   Code   RO         1088    .text.Actual_Typec_Voltage_display  lcd_handle.o
    0x08004b5a   0x08004b5a   0x00000002   PAD
    0x08004b5c   0x08004b5c   0x00000096   Code   RO         1090    .text.Actual_Usb_Current_display  lcd_handle.o
    0x08004bf2   0x08004bf2   0x00000002   PAD
    0x08004bf4   0x08004bf4   0x000000aa   Code   RO         1092    .text.Actual_Usb_Voltage_display  lcd_handle.o
    0x08004c9e   0x08004c9e   0x00000002   PAD
    0x08004ca0   0x08004ca0   0x00000076   Code   RO         1078    .text.Actual_Voltage_display  lcd_handle.o
    0x08004d16   0x08004d16   0x00000002   PAD
    0x08004d18   0x08004d18   0x00000042   Code   RO         1225    .text.BSP_UsartInit  at32_usart.o
    0x08004d5a   0x08004d5a   0x00000002   PAD
    0x08004d5c   0x08004d5c   0x000000fc   Code   RO         1277    .text.BeepProc      beep.o
    0x08004e58   0x08004e58   0x00000004   Code   RO           60    .text.BusFault_Handler  at32f403a_407_int.o
    0x08004e5c   0x08004e5c   0x0000003c   Code   RO         1135    .text.CC_CV_OCP_handle  work_handle.o
    0x08004e98   0x08004e98   0x000000a0   Code   RO         1139    .text.CC_handle     work_handle.o
    0x08004f38   0x08004f38   0x000001e6   Code   RO         1143    .text.CV_handle     work_handle.o
    0x0800511e   0x0800511e   0x00000002   PAD
    0x08005120   0x08005120   0x000002d2   Code   RO         1129    .text.Check_Ammeter  work_handle.o
    0x080053f2   0x080053f2   0x00000002   PAD
    0x080053f4   0x080053f4   0x00000190   Code   RO         1080    .text.Check_QC_PD   lcd_handle.o
    0x08005584   0x08005584   0x00000040   Code   RO         1185    .text.Compensator_Init  pid_handle.o
    0x080055c4   0x080055c4   0x00000002   Code   RO           66    .text.DebugMon_Handler  at32f403a_407_int.o
    0x080055c6   0x080055c6   0x00000002   PAD
    0x080055c8   0x080055c8   0x0000002c   Code   RO         1064    .text.Disp_Vision   lcd_handle.o
    0x080055f4   0x080055f4   0x00000046   Code   RO         1356    .text.Disp_one_person  tm1680.o
    0x0800563a   0x0800563a   0x00000002   PAD
    0x0800563c   0x0800563c   0x00000232   Code   RO         1294    .text.EC11_Analyze  encoderec11.o
    0x0800586e   0x0800586e   0x00000002   PAD
    0x08005870   0x08005870   0x00000032   Code   RO         1296    .text.EC11_CheckRotationSpeed  encoderec11.o
    0x080058a2   0x080058a2   0x00000002   PAD
    0x080058a4   0x080058a4   0x00000020   Code   RO         1292    .text.EC11_ReadPin  encoderec11.o
    0x080058c4   0x080058c4   0x00000022   Code   RO         1298    .text.EC11_ResetKeyState  encoderec11.o
    0x080058e6   0x080058e6   0x00000002   PAD
    0x080058e8   0x080058e8   0x000002b4   Code   RO         1290    .text.EC11_Scan     encoderec11.o
    0x08005b9c   0x08005b9c   0x0000009a   Code   RO         1415    .text.EventGetTS    eventrecorder.o
    0x08005c36   0x08005c36   0x00000002   PAD
    0x08005c38   0x08005c38   0x000000f0   Code   RO         1417    .text.EventRecordItem  eventrecorder.o
    0x08005d28   0x08005d28   0x00000092   Code   RO         1413    .text.EventRecorderEnable  eventrecorder.o
    0x08005dba   0x08005dba   0x00000002   PAD
    0x08005dbc   0x08005dbc   0x000001b8   Code   RO         1409    .text.EventRecorderInitialize  eventrecorder.o
    0x08005f74   0x08005f74   0x0000004a   Code   RO         1419    .text.EventRecorderStart  eventrecorder.o
    0x08005fbe   0x08005fbe   0x00000002   PAD
    0x08005fc0   0x08005fc0   0x00000008   Code   RO         1508    .text.EventRecorderTimerGetCount  perf_counter.o
    0x08005fc8   0x08005fc8   0x00000008   Code   RO         1506    .text.EventRecorderTimerGetFreq  perf_counter.o
    0x08005fd0   0x08005fd0   0x00000004   Code   RO         1504    .text.EventRecorderTimerSetup  perf_counter.o
    0x08005fd4   0x08005fd4   0x000000f8   Code   RO         1133    .text.FAN_Control   work_handle.o
    0x080060cc   0x080060cc   0x00000012   Code   RO         1439    .text.GetRecordIndex  eventrecorder.o
    0x080060de   0x080060de   0x00000002   PAD
    0x080060e0   0x080060e0   0x00000004   Code   RO           56    .text.HardFault_Handler  at32f403a_407_int.o
    0x080060e4   0x080060e4   0x00000012   Code   RO         1447    .text.IncrementRecordsDumped  eventrecorder.o
    0x080060f6   0x080060f6   0x00000002   PAD
    0x080060f8   0x080060f8   0x00000012   Code   RO         1445    .text.IncrementRecordsWritten  eventrecorder.o
    0x0800610a   0x0800610a   0x00000002   PAD
    0x0800610c   0x0800610c   0x0000008c   Code   RO         1441    .text.LockRecord    eventrecorder.o
    0x08006198   0x08006198   0x00000004   Code   RO           58    .text.MemManage_Handler  at32f403a_407_int.o
    0x0800619c   0x0800619c   0x00000002   Code   RO           54    .text.NMI_Handler   at32f403a_407_int.o
    0x0800619e   0x0800619e   0x00000002   PAD
    0x080061a0   0x080061a0   0x0000006c   Code   RO           43    .text.NVIC_EncodePriority  at32f403a_407_wk_config.o
    0x0800620c   0x0800620c   0x0000006c   Code   RO          768    .text.NVIC_EncodePriority  at32f403a_407_misc.o
    0x08006278   0x08006278   0x0000001c   Code   RO           14    .text.Output_task   main.o
    0x08006294   0x08006294   0x0000017e   Code   RO         1047    .text.PS305D_init   ps305d_handle.o
    0x08006412   0x08006412   0x00000002   PAD
    0x08006414   0x08006414   0x00000002   Code   RO           68    .text.PendSV_Handler  at32f403a_407_int.o
    0x08006416   0x08006416   0x00000002   PAD
    0x08006418   0x08006418   0x000000be   Code   RO         1199    .text.Power_Output_Control_Loop  output_handle.o
    0x080064d6   0x080064d6   0x00000002   PAD
    0x080064d8   0x080064d8   0x000001e4   Code   RO         1068    .text.Quick_charge_display_handle  lcd_handle.o
    0x080066bc   0x080066bc   0x0000010a   Code   RO          892    .text.RecvDataFromPC  pc_comm_handle.o
    0x080067c6   0x080067c6   0x00000002   PAD
    0x080067c8   0x080067c8   0x00000002   Code   RO           64    .text.SVC_Handler   at32f403a_407_int.o
    0x080067ca   0x080067ca   0x00000002   PAD
    0x080067cc   0x080067cc   0x0000040c   Code   RO         1072    .text.Set_Current_display  lcd_handle.o
    0x08006bd8   0x08006bd8   0x000003fe   Code   RO         1076    .text.Set_Voltage_display  lcd_handle.o
    0x08006fd6   0x08006fd6   0x00000002   PAD
    0x08006fd8   0x08006fd8   0x000000a6   Code   RO           70    .text.SysTick_Handler  at32f403a_407_int.o
    0x0800707e   0x0800707e   0x00000002   PAD
    0x08007080   0x08007080   0x000000a8   Code   RO          852    .text.SystemInit    system_at32f403a_407.o
    0x08007128   0x08007128   0x0000005a   Code   RO         1360    .text.TM1680Init    tm1680.o
    0x08007182   0x08007182   0x00000002   PAD
    0x08007184   0x08007184   0x0000006a   Code   RO         1358    .text.TM1680PageAllWrite  tm1680.o
    0x080071ee   0x080071ee   0x00000002   PAD
    0x080071f0   0x080071f0   0x00000032   Code   RO         1352    .text.TM1680Write4bit  tm1680.o
    0x08007222   0x08007222   0x00000002   PAD
    0x08007224   0x08007224   0x0000003e   Code   RO         1354    .text.TM1680WriteByte  tm1680.o
    0x08007262   0x08007262   0x00000002   PAD
    0x08007264   0x08007264   0x00000064   Code   RO           72    .text.TMR1_OVF_TMR10_IRQHandler  at32f403a_407_int.o
    0x080072c8   0x080072c8   0x000000c2   Code   RO         1233    .text.USART1_IRQHandler  at32_usart.o
    0x0800738a   0x0800738a   0x00000002   PAD
    0x0800738c   0x0800738c   0x0000005e   Code   RO         1231    .text.USART1_TimeOutCounter  at32_usart.o
    0x080073ea   0x080073ea   0x00000002   PAD
    0x080073ec   0x080073ec   0x00000056   Code   RO         1443    .text.UnlockRecord  eventrecorder.o
    0x08007442   0x08007442   0x00000002   PAD
    0x08007444   0x08007444   0x00000004   Code   RO           62    .text.UsageFault_Handler  at32f403a_407_int.o
    0x08007448   0x08007448   0x00000030   Code   RO          774    .text.__NVIC_EnableIRQ  at32f403a_407_misc.o
    0x08007478   0x08007478   0x00000010   Code   RO           45    .text.__NVIC_GetPriorityGrouping  at32f403a_407_wk_config.o
    0x08007488   0x08007488   0x00000010   Code   RO          770    .text.__NVIC_GetPriorityGrouping  at32f403a_407_misc.o
    0x08007498   0x08007498   0x00000042   Code   RO           41    .text.__NVIC_SetPriority  at32f403a_407_wk_config.o
    0x080074da   0x080074da   0x00000002   PAD
    0x080074dc   0x080074dc   0x00000042   Code   RO          772    .text.__NVIC_SetPriority  at32f403a_407_misc.o
    0x0800751e   0x0800751e   0x00000002   PAD
    0x08007520   0x08007520   0x0000003c   Code   RO          782    .text.__NVIC_SetPriorityGrouping  at32f403a_407_misc.o
    0x0800755c   0x0800755c   0x00000026   Code   RO          764    .text.__NVIC_SystemReset  at32f403a_407_misc.o
    0x08007582   0x08007582   0x00000002   PAD
    0x08007584   0x08007584   0x0000000a   Code   RO         1480    .text.__perf_counter_init  perf_counter.o
    0x0800758e   0x0800758e   0x00000002   PAD
    0x08007590   0x08007590   0x00000002   Code   RO         1470    .text.__perf_os_patch_init  perf_counter.o
    0x08007592   0x08007592   0x00000002   PAD
    0x08007594   0x08007594   0x00000064   Code   RO          539    .text.adc_base_config  at32f403a_407_adc.o
    0x080075f8   0x080075f8   0x0000001c   Code   RO          537    .text.adc_base_default_para_init  at32f403a_407_adc.o
    0x08007614   0x08007614   0x00000012   Code   RO          545    .text.adc_calibration_init  at32f403a_407_adc.o
    0x08007626   0x08007626   0x00000002   PAD
    0x08007628   0x08007628   0x00000028   Code   RO          547    .text.adc_calibration_init_status_get  at32f403a_407_adc.o
    0x08007650   0x08007650   0x00000012   Code   RO          549    .text.adc_calibration_start  at32f403a_407_adc.o
    0x08007662   0x08007662   0x00000002   PAD
    0x08007664   0x08007664   0x00000028   Code   RO          551    .text.adc_calibration_status_get  at32f403a_407_adc.o
    0x0800768c   0x0800768c   0x00000026   Code   RO          535    .text.adc_combine_mode_select  at32f403a_407_adc.o
    0x080076b2   0x080076b2   0x00000002   PAD
    0x080076b4   0x080076b4   0x0000001a   Code   RO          533    .text.adc_enable    at32f403a_407_adc.o
    0x080076ce   0x080076ce   0x00000002   PAD
    0x080076d0   0x080076d0   0x00000034   Code   RO          595    .text.adc_flag_get  at32f403a_407_adc.o
    0x08007704   0x08007704   0x00000162   Code   RO          559    .text.adc_ordinary_channel_set  at32f403a_407_adc.o
    0x08007866   0x08007866   0x00000002   PAD
    0x08007868   0x08007868   0x0000000e   Code   RO          589    .text.adc_ordinary_conversion_data_get  at32f403a_407_adc.o
    0x08007876   0x08007876   0x00000002   PAD
    0x08007878   0x08007878   0x00000074   Code   RO          565    .text.adc_ordinary_conversion_trigger_set  at32f403a_407_adc.o
    0x080078ec   0x080078ec   0x00000022   Code   RO          573    .text.adc_ordinary_part_mode_enable  at32f403a_407_adc.o
    0x0800790e   0x0800790e   0x00000002   PAD
    0x08007910   0x08007910   0x00000022   Code   RO          581    .text.adc_ordinary_software_trigger_enable  at32f403a_407_adc.o
    0x08007932   0x08007932   0x00000002   PAD
    0x08007934   0x08007934   0x0000009a   Code   RO          948    .text.adjust_current  ec11_handle.o
    0x080079ce   0x080079ce   0x00000002   PAD
    0x080079d0   0x080079d0   0x000000aa   Code   RO          946    .text.adjust_voltage  ec11_handle.o
    0x08007a7a   0x08007a7a   0x00000002   PAD
    0x08007a7c   0x08007a7c   0x00000060   Code   RO         1437    .text.atomic_cmp_xch_32  eventrecorder.o
    0x08007adc   0x08007adc   0x0000004c   Code   RO         1449    .text.atomic_inc_32  eventrecorder.o
    0x08007b28   0x08007b28   0x0000010e   Code   RO          905    .text.beep_handle   beep_handle.o
    0x08007c36   0x08007c36   0x00000002   PAD
    0x08007c38   0x08007c38   0x00000014   Code   RO         1275    .text.beep_off      beep.o
    0x08007c4c   0x08007c4c   0x00000014   Code   RO         1273    .text.beep_on       beep.o
    0x08007c60   0x08007c60   0x00000008   Code   RO           12    .text.beep_task     main.o
    0x08007c68   0x08007c68   0x0000001c   Code   RO         1201    .text.check_compensation  output_handle.o
    0x08007c84   0x08007c84   0x00000456   Code   RO          975    .text.check_data_all  flash_handle.o
    0x080080da   0x080080da   0x00000002   PAD
    0x080080dc   0x080080dc   0x0000002e   Code   RO           24    .text.check_ocp_task  main.o
    0x0800810a   0x0800810a   0x00000002   PAD
    0x0800810c   0x0800810c   0x00000042   Code   RO         1486    .text.check_systick  perf_counter.o
    0x0800814e   0x0800814e   0x00000002   PAD
    0x08008150   0x08008150   0x0000012c   Code   RO          920    .text.collect_current  collect_data_handle.o
    0x0800827c   0x0800827c   0x00000024   Code   RO          916    .text.collect_data_handle  collect_data_handle.o
    0x080082a0   0x080082a0   0x00000008   Code   RO           18    .text.collect_data_task  main.o
    0x080082a8   0x080082a8   0x00000308   Code   RO          922    .text.collect_typec_usb_data  collect_data_handle.o
    0x080085b0   0x080085b0   0x000000f8   Code   RO          918    .text.collect_voltage  collect_data_handle.o
    0x080086a8   0x080086a8   0x000000e2   Code   RO         1235    .text.convert_data  at32_usart.o
    0x0800878a   0x0800878a   0x00000002   PAD
    0x0800878c   0x0800878c   0x00000082   Code   RO         1411    .text.crc16_ccitt   eventrecorder.o
    0x0800880e   0x0800880e   0x00000002   PAD
    0x08008810   0x08008810   0x00000042   Code   RO          714    .text.crc_block_calculate  at32f403a_407_crc.o
    0x08008852   0x08008852   0x00000002   PAD
    0x08008854   0x08008854   0x00000012   Code   RO          710    .text.crc_data_reset  at32f403a_407_crc.o
    0x08008866   0x08008866   0x00000002   PAD
    0x08008868   0x08008868   0x00000014   Code   RO          722    .text.crc_init_data_set  at32f403a_407_crc.o
    0x0800887c   0x0800887c   0x00000026   Code   RO          732    .text.crc_poly_size_set  at32f403a_407_crc.o
    0x080088a2   0x080088a2   0x00000002   PAD
    0x080088a4   0x080088a4   0x00000014   Code   RO          728    .text.crc_poly_value_set  at32f403a_407_crc.o
    0x080088b8   0x080088b8   0x00000026   Code   RO          724    .text.crc_reverse_input_data_set  at32f403a_407_crc.o
    0x080088de   0x080088de   0x00000002   PAD
    0x080088e0   0x080088e0   0x00000026   Code   RO          726    .text.crc_reverse_output_data_set  at32f403a_407_crc.o
    0x08008906   0x08008906   0x00000002   PAD
    0x08008908   0x08008908   0x00000034   Code   RO          224    .text.crm_adc_clock_div_set  at32f403a_407_crm.o
    0x0800893c   0x0800893c   0x00000026   Code   RO          218    .text.crm_ahb_div_set  at32f403a_407_crm.o
    0x08008962   0x08008962   0x00000002   PAD
    0x08008964   0x08008964   0x00000026   Code   RO          220    .text.crm_apb1_div_set  at32f403a_407_crm.o
    0x0800898a   0x0800898a   0x00000002   PAD
    0x0800898c   0x0800898c   0x00000026   Code   RO          222    .text.crm_apb2_div_set  at32f403a_407_crm.o
    0x080089b2   0x080089b2   0x00000002   PAD
    0x080089b4   0x080089b4   0x00000038   Code   RO          244    .text.crm_auto_step_mode_enable  at32f403a_407_crm.o
    0x080089ec   0x080089ec   0x000000a6   Code   RO          210    .text.crm_clock_source_enable  at32f403a_407_crm.o
    0x08008a92   0x08008a92   0x00000002   PAD
    0x08008a94   0x08008a94   0x000001e0   Code   RO          238    .text.crm_clocks_freq_get  at32f403a_407_crm.o
    0x08008c74   0x08008c74   0x0000003e   Code   RO          194    .text.crm_flag_get  at32f403a_407_crm.o
    0x08008cb2   0x08008cb2   0x00000002   PAD
    0x08008cb4   0x08008cb4   0x00000064   Code   RO          198    .text.crm_hext_stable_wait  at32f403a_407_crm.o
    0x08008d18   0x08008d18   0x00000052   Code   RO          204    .text.crm_periph_clock_enable  at32f403a_407_crm.o
    0x08008d6a   0x08008d6a   0x00000002   PAD
    0x08008d6c   0x08008d6c   0x000000bc   Code   RO          232    .text.crm_pll_config  at32f403a_407_crm.o
    0x08008e28   0x08008e28   0x0000008a   Code   RO          188    .text.crm_reset     at32f403a_407_crm.o
    0x08008eb2   0x08008eb2   0x00000002   PAD
    0x08008eb4   0x08008eb4   0x00000046   Code   RO          234    .text.crm_sysclk_switch  at32f403a_407_crm.o
    0x08008efa   0x08008efa   0x00000002   PAD
    0x08008efc   0x08008efc   0x00000010   Code   RO          236    .text.crm_sysclk_switch_status_get  at32f403a_407_crm.o
    0x08008f0c   0x08008f0c   0x000000d0   Code   RO          944    .text.cur_ec11_event_handle  ec11_handle.o
    0x08008fdc   0x08008fdc   0x00000136   Code   RO         1062    .text.current_display_handle  lcd_handle.o
    0x08009112   0x08009112   0x00000002   PAD
    0x08009114   0x08009114   0x000002d2   Code   RO          942    .text.current_ec11_get_event  ec11_handle.o
    0x080093e6   0x080093e6   0x00000002   PAD
    0x080093e8   0x080093e8   0x00000014   Code   RO          819    .text.dac_1_data_set  at32f403a_407_dac.o
    0x080093fc   0x080093fc   0x00000014   Code   RO          821    .text.dac_2_data_set  at32f403a_407_dac.o
    0x08009410   0x08009410   0x00000034   Code   RO         1205    .text.dac_buffer_auto_switch  output_handle.o
    0x08009444   0x08009444   0x0000005a   Code   RO          799    .text.dac_enable    at32f403a_407_dac.o
    0x0800949e   0x0800949e   0x00000002   PAD
    0x080094a0   0x080094a0   0x00000070   Code   RO          801    .text.dac_output_buffer_enable  at32f403a_407_dac.o
    0x08009510   0x08009510   0x000002c8   Code   RO         1203    .text.dac_output_control  output_handle.o
    0x080097d8   0x080097d8   0x00000062   Code   RO          803    .text.dac_trigger_enable  at32f403a_407_dac.o
    0x0800983a   0x0800983a   0x00000002   PAD
    0x0800983c   0x0800983c   0x00000056   Code   RO          967    .text.data_check_len  flash_handle.o
    0x08009892   0x08009892   0x00000002   PAD
    0x08009894   0x08009894   0x0000003e   Code   RO         1060    .text.data_display_state  lcd_handle.o
    0x080098d2   0x080098d2   0x00000002   PAD
    0x080098d4   0x080098d4   0x00000094   Code   RO         1484    .text.delay_ms      perf_counter.o
    0x08009968   0x08009968   0x00000094   Code   RO         1482    .text.delay_us      perf_counter.o
    0x080099fc   0x080099fc   0x00000070   Code   RO          936    .text.ec11_handle   ec11_handle.o
    0x08009a6c   0x08009a6c   0x00000026   Code   RO            6    .text.feed_dog_task  main.o
    0x08009a92   0x08009a92   0x00000002   PAD
    0x08009a94   0x08009a94   0x00000068   Code   RO         1371    .text.filter_init   adc_filter.o
    0x08009afc   0x08009afc   0x00000068   Code   RO          614    .text.flash_bank1_operation_status_get  at32f403a_407_flash.o
    0x08009b64   0x08009b64   0x0000005c   Code   RO          622    .text.flash_bank1_operation_wait_for  at32f403a_407_flash.o
    0x08009bc0   0x08009bc0   0x00000068   Code   RO          616    .text.flash_bank2_operation_status_get  at32f403a_407_flash.o
    0x08009c28   0x08009c28   0x0000005c   Code   RO          624    .text.flash_bank2_operation_wait_for  at32f403a_407_flash.o
    0x08009c84   0x08009c84   0x000000f2   Code   RO          662    .text.flash_halfword_program  at32f403a_407_flash.o
    0x08009d76   0x08009d76   0x00000002   PAD
    0x08009d78   0x08009d78   0x00000a88   Code   RO          965    .text.flash_handle  flash_handle.o
    0x0800a800   0x0800a800   0x00000022   Code   RO          636    .text.flash_lock    at32f403a_407_flash.o
    0x0800a822   0x0800a822   0x00000002   PAD
    0x0800a824   0x0800a824   0x00000032   Code   RO         1318    .text.flash_read_halfword  flash.o
    0x0800a856   0x0800a856   0x00000002   PAD
    0x0800a858   0x0800a858   0x00000112   Code   RO          644    .text.flash_sector_erase  at32f403a_407_flash.o
    0x0800a96a   0x0800a96a   0x00000002   PAD
    0x0800a96c   0x0800a96c   0x0000001c   Code   RO          646    .text.flash_spim_dummy_read  at32f403a_407_flash.o
    0x0800a988   0x0800a988   0x00000068   Code   RO          618    .text.flash_spim_operation_status_get  at32f403a_407_flash.o
    0x0800a9f0   0x0800a9f0   0x0000005c   Code   RO          626    .text.flash_spim_operation_wait_for  at32f403a_407_flash.o
    0x0800aa4c   0x0800aa4c   0x00000008   Code   RO           22    .text.flash_task    main.o
    0x0800aa54   0x0800aa54   0x0000002a   Code   RO          628    .text.flash_unlock  at32f403a_407_flash.o
    0x0800aa7e   0x0800aa7e   0x00000002   PAD
    0x0800aa80   0x0800aa80   0x000000ea   Code   RO          660    .text.flash_word_program  at32f403a_407_flash.o
    0x0800ab6a   0x0800ab6a   0x00000002   PAD
    0x0800ab6c   0x0800ab6c   0x00000030   Code   RO         1021    .text.get_a_limin   key_handle.o
    0x0800ab9c   0x0800ab9c   0x0000004e   Code   RO         1373    .text.get_adcval    adc_filter.o
    0x0800abea   0x0800abea   0x00000002   PAD
    0x0800abec   0x0800abec   0x000000c6   Code   RO         1375    .text.get_adcval_average  adc_filter.o
    0x0800acb2   0x0800acb2   0x00000002   PAD
    0x0800acb4   0x0800acb4   0x00000030   Code   RO         1027    .text.get_cc_cv     key_handle.o
    0x0800ace4   0x0800ace4   0x00000030   Code   RO         1029    .text.get_cont_ocp  key_handle.o
    0x0800ad14   0x0800ad14   0x0000016a   Code   RO          969    .text.get_data_from_a  flash_handle.o
    0x0800ae7e   0x0800ae7e   0x00000002   PAD
    0x0800ae80   0x0800ae80   0x0000016a   Code   RO          971    .text.get_data_from_b  flash_handle.o
    0x0800afea   0x0800afea   0x00000002   PAD
    0x0800afec   0x0800afec   0x00000062   Code   RO         1056    .text.get_digit     lcd_handle.o
    0x0800b04e   0x0800b04e   0x00000002   PAD
    0x0800b050   0x0800b050   0x000008b0   Code   RO         1011    .text.get_key       key_handle.o
    0x0800b900   0x0800b900   0x00000030   Code   RO         1013    .text.get_mod1      key_handle.o
    0x0800b930   0x0800b930   0x00000030   Code   RO         1015    .text.get_mod2      key_handle.o
    0x0800b960   0x0800b960   0x00000030   Code   RO         1017    .text.get_mod3      key_handle.o
    0x0800b990   0x0800b990   0x00000030   Code   RO         1019    .text.get_mod4      key_handle.o
    0x0800b9c0   0x0800b9c0   0x00000030   Code   RO         1031    .text.get_once_ocp  key_handle.o
    0x0800b9f0   0x0800b9f0   0x00000030   Code   RO         1033    .text.get_output    key_handle.o
    0x0800ba20   0x0800ba20   0x0000002e   Code   RO         1025    .text.get_reach_5v  key_handle.o
    0x0800ba4e   0x0800ba4e   0x00000002   PAD
    0x0800ba50   0x0800ba50   0x00000072   Code   RO          973    .text.get_reset_data  flash_handle.o
    0x0800bac2   0x0800bac2   0x00000002   PAD
    0x0800bac4   0x0800bac4   0x00000090   Code   RO         1474    .text.get_system_ticks  perf_counter.o
    0x0800bb54   0x0800bb54   0x00000030   Code   RO         1023    .text.get_v_limin   key_handle.o
    0x0800bb84   0x0800bb84   0x00000014   Code   RO          408    .text.gpio_bits_reset  at32f403a_407_gpio.o
    0x0800bb98   0x0800bb98   0x00000014   Code   RO          406    .text.gpio_bits_set  at32f403a_407_gpio.o
    0x0800bbac   0x0800bbac   0x00000026   Code   RO          396    .text.gpio_default_para_init  at32f403a_407_gpio.o
    0x0800bbd2   0x0800bbd2   0x00000002   PAD
    0x0800bbd4   0x0800bbd4   0x00000140   Code   RO          394    .text.gpio_init     at32f403a_407_gpio.o
    0x0800bd14   0x0800bd14   0x00000036   Code   RO          398    .text.gpio_input_data_bit_read  at32f403a_407_gpio.o
    0x0800bd4a   0x0800bd4a   0x00000002   PAD
    0x0800bd4c   0x0800bd4c   0x00000096   Code   RO          424    .text.gpio_pin_remap_config  at32f403a_407_gpio.o
    0x0800bde2   0x0800bde2   0x00000002   PAD
    0x0800bde4   0x0800bde4   0x00000042   Code   RO          141    .text.iap_command_handle  iap.o
    0x0800be26   0x0800be26   0x00000002   PAD
    0x0800be28   0x0800be28   0x00000032   Code   RO          143    .text.iap_init      iap.o
    0x0800be5a   0x0800be5a   0x00000002   PAD
    0x0800be5c   0x0800be5c   0x00000008   Code   RO            4    .text.iap_task      main.o
    0x0800be64   0x0800be64   0x000000a4   Code   RO         1476    .text.init_cycle_counter  perf_counter.o
    0x0800bf08   0x0800bf08   0x000000fa   Code   RO         1327    .text.key_event_check  key.o
    0x0800c002   0x0800c002   0x00000002   PAD
    0x0800c004   0x0800c004   0x00000008   Code   RO         1009    .text.key_handle    key_handle.o
    0x0800c00c   0x0800c00c   0x00000008   Code   RO           16    .text.key_task      main.o
    0x0800c014   0x0800c014   0x00000070   Code   RO         1058    .text.lcd_handle    lcd_handle.o
    0x0800c084   0x0800c084   0x00000008   Code   RO           10    .text.lcd_task      main.o
    0x0800c08c   0x0800c08c   0x00000416   Code   RO         1070    .text.led_display_handle  lcd_handle.o
    0x0800c4a2   0x0800c4a2   0x00000002   PAD
    0x0800c4a4   0x0800c4a4   0x000001c8   Code   RO            2    .text.main          main.o
    0x0800c66c   0x0800c66c   0x000000a6   Code   RO         1377    .text.move_average_filter  adc_filter.o
    0x0800c712   0x0800c712   0x00000002   PAD
    0x0800c714   0x0800c714   0x00000034   Code   RO          766    .text.nvic_irq_enable  at32f403a_407_misc.o
    0x0800c748   0x0800c748   0x00000014   Code   RO          780    .text.nvic_priority_group_config  at32f403a_407_misc.o
    0x0800c75c   0x0800c75c   0x00000004   Code   RO          762    .text.nvic_system_reset  at32f403a_407_misc.o
    0x0800c760   0x0800c760   0x00000024   Code   RO          784    .text.nvic_vector_table_set  at32f403a_407_misc.o
    0x0800c784   0x0800c784   0x000000d6   Code   RO         1141    .text.ocp_handle    work_handle.o
    0x0800c85a   0x0800c85a   0x00000002   PAD
    0x0800c85c   0x0800c85c   0x00000122   Code   RO         1131    .text.output_control  work_handle.o
    0x0800c97e   0x0800c97e   0x00000002   PAD
    0x0800c980   0x0800c980   0x00000038   Code   RO          888    .text.pc_comm_handle  pc_comm_handle.o
    0x0800c9b8   0x0800c9b8   0x00000120   Code   RO          890    .text.pc_event_handle  pc_comm_handle.o
    0x0800cad8   0x0800cad8   0x00000008   Code   RO            8    .text.pc_task       main.o
    0x0800cae0   0x0800cae0   0x00000010   Code   RO         1570    .text.perfc_port_clear_system_timer_ovf_pending  perfc_port_default.o
    0x0800caf0   0x0800caf0   0x00000014   Code   RO         1464    .text.perfc_port_disable_global_interrupt  perf_counter.o
    0x0800cb04   0x0800cb04   0x00000014   Code   RO         1558    .text.perfc_port_disable_global_interrupt  perfc_port_default.o
    0x0800cb18   0x0800cb18   0x00000020   Code   RO         1568    .text.perfc_port_get_system_timer_elapsed  perfc_port_default.o
    0x0800cb38   0x0800cb38   0x0000000c   Code   RO         1562    .text.perfc_port_get_system_timer_freq  perfc_port_default.o
    0x0800cb44   0x0800cb44   0x0000000e   Code   RO         1566    .text.perfc_port_get_system_timer_top  perfc_port_default.o
    0x0800cb52   0x0800cb52   0x00000002   PAD
    0x0800cb54   0x0800cb54   0x00000066   Code   RO         1556    .text.perfc_port_init_system_timer  perfc_port_default.o
    0x0800cbba   0x0800cbba   0x00000002   PAD
    0x0800cbbc   0x0800cbbc   0x00000146   Code   RO         1462    .text.perfc_port_insert_to_system_timer_insert_ovf_handler  perf_counter.o
    0x0800cd02   0x0800cd02   0x00000002   PAD
    0x0800cd04   0x0800cd04   0x00000010   Code   RO         1564    .text.perfc_port_is_system_timer_ovf_pending  perfc_port_default.o
    0x0800cd14   0x0800cd14   0x00000012   Code   RO         1466    .text.perfc_port_resume_global_interrupt  perf_counter.o
    0x0800cd26   0x0800cd26   0x00000002   PAD
    0x0800cd28   0x0800cd28   0x00000012   Code   RO         1560    .text.perfc_port_resume_global_interrupt  perfc_port_default.o
    0x0800cd3a   0x0800cd3a   0x00000002   PAD
    0x0800cd3c   0x0800cd3c   0x0000004e   Code   RO         1251    .text.queue_init    util_queue.o
    0x0800cd8a   0x0800cd8a   0x00000002   PAD
    0x0800cd8c   0x0800cd8c   0x00000016   Code   RO         1259    .text.queue_isEmpty  util_queue.o
    0x0800cda2   0x0800cda2   0x00000002   PAD
    0x0800cda4   0x0800cda4   0x00000022   Code   RO         1255    .text.queue_isFull  util_queue.o
    0x0800cdc6   0x0800cdc6   0x00000002   PAD
    0x0800cdc8   0x0800cdc8   0x00000048   Code   RO         1257    .text.queue_read    util_queue.o
    0x0800ce10   0x0800ce10   0x0000004a   Code   RO         1253    .text.queue_write   util_queue.o
    0x0800ce5a   0x0800ce5a   0x00000002   PAD
    0x0800ce5c   0x0800ce5c   0x0000019e   Code   RO          854    .text.system_core_clock_update  system_at32f403a_407.o
    0x0800cffa   0x0800cffa   0x00000002   PAD
    0x0800cffc   0x0800cffc   0x00000038   Code   RO          788    .text.systick_clock_source_config  at32f403a_407_misc.o
    0x0800d034   0x0800d034   0x0000009e   Code   RO         1344    .text.tm1680SendByte  tm1680.o
    0x0800d0d2   0x0800d0d2   0x00000002   PAD
    0x0800d0d4   0x0800d0d4   0x00000094   Code   RO         1346    .text.tm1680Send_4bit  tm1680.o
    0x0800d168   0x0800d168   0x0000004c   Code   RO         1336    .text.tm1680_start  tm1680.o
    0x0800d1b4   0x0800d1b4   0x0000004e   Code   RO         1338    .text.tm1680_stop   tm1680.o
    0x0800d202   0x0800d202   0x00000002   PAD
    0x0800d204   0x0800d204   0x00000022   Code   RO          281    .text.tmr_base_init  at32f403a_407_tmr.o
    0x0800d226   0x0800d226   0x00000002   PAD
    0x0800d228   0x0800d228   0x00000052   Code   RO          305    .text.tmr_channel_value_set  at32f403a_407_tmr.o
    0x0800d27a   0x0800d27a   0x00000002   PAD
    0x0800d27c   0x0800d27c   0x00000022   Code   RO          283    .text.tmr_clock_source_div_set  at32f403a_407_tmr.o
    0x0800d29e   0x0800d29e   0x00000002   PAD
    0x0800d2a0   0x0800d2a0   0x00000022   Code   RO          285    .text.tmr_cnt_dir_set  at32f403a_407_tmr.o
    0x0800d2c2   0x0800d2c2   0x00000002   PAD
    0x0800d2c4   0x0800d2c4   0x0000001a   Code   RO          273    .text.tmr_counter_enable  at32f403a_407_tmr.o
    0x0800d2de   0x0800d2de   0x00000002   PAD
    0x0800d2e0   0x0800d2e0   0x00000012   Code   RO          359    .text.tmr_flag_clear  at32f403a_407_tmr.o
    0x0800d2f2   0x0800d2f2   0x00000002   PAD
    0x0800d2f4   0x0800d2f4   0x0000003a   Code   RO          353    .text.tmr_interrupt_enable  at32f403a_407_tmr.o
    0x0800d32e   0x0800d32e   0x00000002   PAD
    0x0800d330   0x0800d330   0x0000003c   Code   RO          355    .text.tmr_interrupt_flag_get  at32f403a_407_tmr.o
    0x0800d36c   0x0800d36c   0x00000094   Code   RO          311    .text.tmr_output_channel_buffer_enable  at32f403a_407_tmr.o
    0x0800d400   0x0800d400   0x00000216   Code   RO          297    .text.tmr_output_channel_config  at32f403a_407_tmr.o
    0x0800d616   0x0800d616   0x00000002   PAD
    0x0800d618   0x0800d618   0x00000094   Code   RO          313    .text.tmr_output_channel_immediately_set  at32f403a_407_tmr.o
    0x0800d6ac   0x0800d6ac   0x00000022   Code   RO          309    .text.tmr_period_buffer_enable  at32f403a_407_tmr.o
    0x0800d6ce   0x0800d6ce   0x00000002   PAD
    0x0800d6d0   0x0800d6d0   0x00000022   Code   RO          337    .text.tmr_primary_mode_select  at32f403a_407_tmr.o
    0x0800d6f2   0x0800d6f2   0x00000002   PAD
    0x0800d6f4   0x0800d6f4   0x0000001c   Code   RO          287    .text.tmr_repetition_counter_set  at32f403a_407_tmr.o
    0x0800d710   0x0800d710   0x00000022   Code   RO          349    .text.tmr_sub_sync_mode_set  at32f403a_407_tmr.o
    0x0800d732   0x0800d732   0x00000002   PAD
    0x0800d734   0x0800d734   0x00000088   Code   RO          871    .text.tmt_create    tmt.o
    0x0800d7bc   0x0800d7bc   0x0000012e   Code   RO          873    .text.tmt_delete    tmt.o
    0x0800d8ea   0x0800d8ea   0x00000002   PAD
    0x0800d8ec   0x0800d8ec   0x00000076   Code   RO          865    .text.tmt_init      tmt.o
    0x0800d962   0x0800d962   0x00000002   PAD
    0x0800d964   0x0800d964   0x000000b2   Code   RO          867    .text.tmt_run       tmt.o
    0x0800da16   0x0800da16   0x00000002   PAD
    0x0800da18   0x0800da18   0x00000086   Code   RO          877    .text.tmt_run_ctrl  tmt.o
    0x0800da9e   0x0800da9e   0x00000002   PAD
    0x0800daa0   0x0800daa0   0x00000098   Code   RO          875    .text.tmt_time_ctrl  tmt.o
    0x0800db38   0x0800db38   0x0000006a   Code   RO          869    .text.tmt_update_tick  tmt.o
    0x0800dba2   0x0800dba2   0x00000002   PAD
    0x0800dba4   0x0800dba4   0x00000084   Code   RO         1084    .text.typec_display_handle  lcd_handle.o
    0x0800dc28   0x0800dc28   0x0000009a   Code   RO         1472    .text.update_perf_counter  perf_counter.o
    0x0800dcc2   0x0800dcc2   0x00000002   PAD
    0x0800dcc4   0x0800dcc4   0x0000000e   Code   RO          469    .text.usart_data_receive  at32f403a_407_usart.o
    0x0800dcd2   0x0800dcd2   0x00000002   PAD
    0x0800dcd4   0x0800dcd4   0x00000018   Code   RO          467    .text.usart_data_transmit  at32f403a_407_usart.o
    0x0800dcec   0x0800dcec   0x00000022   Code   RO          441    .text.usart_enable  at32f403a_407_usart.o
    0x0800dd0e   0x0800dd0e   0x00000002   PAD
    0x0800dd10   0x0800dd10   0x00000028   Code   RO          493    .text.usart_flag_clear  at32f403a_407_usart.o
    0x0800dd38   0x0800dd38   0x0000002a   Code   RO          489    .text.usart_flag_get  at32f403a_407_usart.o
    0x0800dd62   0x0800dd62   0x00000002   PAD
    0x0800dd64   0x0800dd64   0x00000090   Code   RO          487    .text.usart_hardware_flow_control_set  at32f403a_407_usart.o
    0x0800ddf4   0x0800ddf4   0x000000fe   Code   RO          437    .text.usart_init    at32f403a_407_usart.o
    0x0800def2   0x0800def2   0x00000002   PAD
    0x0800def4   0x0800def4   0x00000048   Code   RO          451    .text.usart_interrupt_enable  at32f403a_407_usart.o
    0x0800df3c   0x0800df3c   0x0000006e   Code   RO          439    .text.usart_parity_selection_config  at32f403a_407_usart.o
    0x0800dfaa   0x0800dfaa   0x00000002   PAD
    0x0800dfac   0x0800dfac   0x000000e4   Code   RO         1229    .text.usart_receiveData  at32_usart.o
    0x0800e090   0x0800e090   0x00000022   Code   RO          445    .text.usart_receiver_enable  at32f403a_407_usart.o
    0x0800e0b2   0x0800e0b2   0x00000002   PAD
    0x0800e0b4   0x0800e0b4   0x00000112   Code   RO         1227    .text.usart_sendData  at32_usart.o
    0x0800e1c6   0x0800e1c6   0x00000002   PAD
    0x0800e1c8   0x0800e1c8   0x00000022   Code   RO          443    .text.usart_transmitter_enable  at32f403a_407_usart.o
    0x0800e1ea   0x0800e1ea   0x00000002   PAD
    0x0800e1ec   0x0800e1ec   0x00000084   Code   RO         1082    .text.usb_display_handle  lcd_handle.o
    0x0800e270   0x0800e270   0x000000d0   Code   RO          940    .text.vol_ec11_event_handle  ec11_handle.o
    0x0800e340   0x0800e340   0x00000142   Code   RO         1066    .text.voltage_display_handle  lcd_handle.o
    0x0800e482   0x0800e482   0x00000002   PAD
    0x0800e484   0x0800e484   0x0000028e   Code   RO          938    .text.voltage_ec11_get_event  ec11_handle.o
    0x0800e712   0x0800e712   0x00000002   PAD
    0x0800e714   0x0800e714   0x000000f2   Code   RO         1127    .text.voltage_transformer_control  work_handle.o
    0x0800e806   0x0800e806   0x00000002   PAD
    0x0800e808   0x0800e808   0x00000010   Code   RO          745    .text.wdt_counter_reload  at32f403a_407_wdt.o
    0x0800e818   0x0800e818   0x0000001e   Code   RO          749    .text.wdt_divider_set  at32f403a_407_wdt.o
    0x0800e836   0x0800e836   0x00000002   PAD
    0x0800e838   0x0800e838   0x00000030   Code   RO          751    .text.wdt_register_write_enable  at32f403a_407_wdt.o
    0x0800e868   0x0800e868   0x00000018   Code   RO          747    .text.wdt_reload_value_set  at32f403a_407_wdt.o
    0x0800e880   0x0800e880   0x00000146   Code   RO          153    .text.wk_adc1_init  wk_adc.o
    0x0800e9c6   0x0800e9c6   0x00000002   PAD
    0x0800e9c8   0x0800e9c8   0x00000034   Code   RO          106    .text.wk_crc_init   wk_crc.o
    0x0800e9fc   0x0800e9fc   0x00000086   Code   RO          172    .text.wk_dac_init   wk_dac.o
    0x0800ea82   0x0800ea82   0x00000002   PAD
    0x0800ea84   0x0800ea84   0x00000012   Code   RO          114    .text.wk_debug_config  wk_debug.o
    0x0800ea96   0x0800ea96   0x00000002   PAD
    0x0800ea98   0x0800ea98   0x0000018e   Code   RO          122    .text.wk_gpio_config  wk_gpio.o
    0x0800ec26   0x0800ec26   0x00000002   PAD
    0x0800ec28   0x0800ec28   0x000000be   Code   RO           39    .text.wk_nvic_config  at32f403a_407_wk_config.o
    0x0800ece6   0x0800ece6   0x00000002   PAD
    0x0800ece8   0x0800ece8   0x0000008c   Code   RO           37    .text.wk_periph_clock_config  at32f403a_407_wk_config.o
    0x0800ed74   0x0800ed74   0x000000b0   Code   RO           35    .text.wk_system_clock_config  at32f403a_407_wk_config.o
    0x0800ee24   0x0800ee24   0x00000008   Code   RO           96    .text.wk_timebase_handler  wk_system.o
    0x0800ee2c   0x0800ee2c   0x00000010   Code   RO           88    .text.wk_timebase_increase  wk_system.o
    0x0800ee3c   0x0800ee3c   0x0000005a   Code   RO           94    .text.wk_timebase_init  wk_system.o
    0x0800ee96   0x0800ee96   0x00000002   PAD
    0x0800ee98   0x0800ee98   0x00000060   Code   RO          161    .text.wk_tmr1_init  wk_tmr.o
    0x0800eef8   0x0800eef8   0x000000d0   Code   RO          163    .text.wk_tmr4_init  wk_tmr.o
    0x0800efc8   0x0800efc8   0x000000c6   Code   RO          180    .text.wk_usart1_init  wk_usart.o
    0x0800f08e   0x0800f08e   0x00000002   PAD
    0x0800f090   0x0800f090   0x0000001c   Code   RO          133    .text.wk_wdt_init   wk_wdt.o
    0x0800f0ac   0x0800f0ac   0x00000018   Code   RO         1125    .text.work_handle   work_handle.o
    0x0800f0c4   0x0800f0c4   0x00000008   Code   RO           20    .text.work_task     main.o
    0x0800f0cc   0x0800f0cc   0x0000000e   Code   RO         1782    i.__scatterload_copy  mc_w.l(handlers.o)
    0x0800f0da   0x0800f0da   0x00000002   Code   RO         1783    i.__scatterload_null  mc_w.l(handlers.o)
    0x0800f0dc   0x0800f0dc   0x0000000e   Code   RO         1784    i.__scatterload_zeroinit  mc_w.l(handlers.o)
    0x0800f0ea   0x0800f0ea   0x00000002   PAD
    0x0800f0ec   0x0800f0ec   0x00000018   Data   RO         1454    .rodata.EventRecorderInfo  eventrecorder.o
    0x0800f104   0x0800f104   0x00000008   Data   RO          263    .rodata.crm_clocks_freq_get.adc_div_table  at32f403a_407_crm.o
    0x0800f10c   0x0800f10c   0x00000008   Data   RO          261    .rodata.crm_clocks_freq_get.ahb_apb1_div_table  at32f403a_407_crm.o
    0x0800f114   0x0800f114   0x00000008   Data   RO          262    .rodata.crm_clocks_freq_get.ahb_apb2_div_table  at32f403a_407_crm.o
    0x0800f11c   0x0800f11c   0x00000010   Data   RO          260    .rodata.crm_clocks_freq_get.sclk_ahb_div_table  at32f403a_407_crm.o
    0x0800f12c   0x0800f12c   0x00000005   Data   RO         1279    .rodata.str1.1      beep.o
    0x0800f131   0x0800f131   0x00000010   Data   RO          857    .rodata.system_core_clock_update.sys_ahb_div_table  system_at32f403a_407.o
    0x0800f141   0x0800f141   0x00000003   PAD
    0x0800f144   0x0800f144   0x00000020   Data   RO         1781    Region$$Table       anon$$obj.o
    0x0800f164   0x0800f164   0x00000004   Data   RO         1548    .init_array         perf_counter.o
    0x0800f168   0x0800f164   0x00000000   Data   RO         1642    .init_array         mc_w.l(cpp_init.o)


    Execution Region RW_IRAM1 (Exec base: 0x20000000, Load base: 0x0800f180, Size: 0x00001d48, Max: 0x00018000, ABSOLUTE, COMPRESSED[0x000000c0])

    Exec Addr    Load Addr    Size         Type   Attr      Idx    E Section Name        Object

    0x20000000   COMPRESSED   0x00000004   Data   RW         1152    .data.FAN_Control.check_tmep_times  work_handle.o
    0x20000004   COMPRESSED   0x00000001   Data   RW         1107    .data.Quick_charge_display_handle.quick_charge_runtime  lcd_handle.o
    0x20000005   COMPRESSED   0x00000001   PAD
    0x20000006   COMPRESSED   0x00000002   Data   RW           79    .data.SysTick_Handler.flicker_times  at32f403a_407_int.o
    0x20000008   COMPRESSED   0x00000004   Data   RW          856    .data.SystemCoreClock  system_at32f403a_407.o
    0x2000000c   COMPRESSED   0x00000001   Data   RW          909    .data.beep_handle.beep_warning_time  beep_handle.o
    0x2000000d   COMPRESSED   0x00000003   PAD
    0x20000010   COMPRESSED   0x00000004   Data   RW         1145    .data.cont_ocp_protect_time  work_handle.o
    0x20000014   COMPRESSED   0x00000004   Data   RW         1102    .data.current_display_handle.set_display_times  lcd_handle.o
    0x20000018   COMPRESSED   0x00000038   Data   RW         1301    .data.current_ec11  encoderec11.o
    0x20000050   COMPRESSED   0x00000004   Data   RW          952    .data.current_ec11_get_event.set_time2  ec11_handle.o
    0x20000054   COMPRESSED   0x00000001   Data   RW          954    .data.g_cur_ec11_event  ec11_handle.o
    0x20000055   COMPRESSED   0x00000001   Data   RW          956    .data.g_vol_ec11_event  ec11_handle.o
    0x20000056   COMPRESSED   0x00000002   PAD
    0x20000058   COMPRESSED   0x00000004   Data   RW         1038    .data.get_key.set_time  key_handle.o
    0x2000005c   COMPRESSED   0x0000000b   Data   RW         1035    .data.key_event     key_handle.o
    0x20000067   COMPRESSED   0x00000001   Data   RW         1329    .data.key_event_check.key_event  key.o
    0x20000068   COMPRESSED   0x000000b0   Data   RW         1039    .data.keys          key_handle.o
    0x20000118   COMPRESSED   0x00000004   Data   RW         1540    .data.s_wMSUnit     perf_counter.o
    0x2000011c   COMPRESSED   0x00000004   Data   RW         1543    .data.s_wUSUnit     perf_counter.o
    0x20000120   COMPRESSED   0x00000010   Data   RW         1280    .data.sbeep         beep.o
    0x20000130   COMPRESSED   0x00000012   Data   RW         1095    .data.table         lcd_handle.o
    0x20000142   COMPRESSED   0x00000002   PAD
    0x20000144   COMPRESSED   0x00000004   Data   RW         1112    .data.typec_display_handle.last_current_data  lcd_handle.o
    0x20000148   COMPRESSED   0x00000004   Data   RW         1113    .data.typec_display_handle.last_voltage_data  lcd_handle.o
    0x2000014c   COMPRESSED   0x00000004   Data   RW         1114    .data.usb_display_handle.last_current_dat  lcd_handle.o
    0x20000150   COMPRESSED   0x00000004   Data   RW         1115    .data.usb_display_handle.last_voltage_dat  lcd_handle.o
    0x20000154   COMPRESSED   0x00000004   Data   RW         1103    .data.voltage_display_handle.set_display_times1  lcd_handle.o
    0x20000158   COMPRESSED   0x00000038   Data   RW         1300    .data.voltage_ec11  encoderec11.o
    0x20000190   COMPRESSED   0x00000004   Data   RW          955    .data.voltage_ec11_get_event.set_time1  ec11_handle.o
    0x20000194   COMPRESSED   0x0000002c   PAD
    0x200001c0        -       0x00000044   Zero   RW         1380    .bss.ADC_CRT        adc_filter.o
    0x20000204        -       0x00000044   Zero   RW         1381    .bss.ADC_TYPEC_CRT  adc_filter.o
    0x20000248        -       0x00000044   Zero   RW         1382    .bss.ADC_USB_CRT    adc_filter.o
    0x2000028c        -       0x00000044   Zero   RW         1379    .bss.ADC_VTG        adc_filter.o
    0x200002d0        -       0x00000001   Zero   RW         1281    .bss.BeepProc.s_BeepStartTime  beep.o
    0x200002d1        -       0x00000001   Zero   RW         1158    .bss.CC_handle.cv_times  work_handle.o
    0x200002d2        -       0x00000002   Zero   RW         1156    .bss.CV_handle.current_data  work_handle.o
    0x200002d4        -       0x00000001   Zero   RW         1155    .bss.CV_handle.ocp_pin  work_handle.o
    0x200002d5        -       0x00000001   Zero   RW         1148    .bss.Check_Ammeter.check_times  work_handle.o
    0x200002d6        -       0x00000001   Zero   RW         1149    .bss.Check_Ammeter.check_times1  work_handle.o
    0x200002d7        -       0x00000001   Zero   RW         1151    .bss.Check_Ammeter.check_vol_times  work_handle.o
    0x200002d8        -       0x00000001   Zero   RW         1150    .bss.Check_Ammeter.first_in  work_handle.o
    0x200002d9        -       0x00000001   Zero   RW         1106    .bss.Check_QC_PD.both_number  lcd_handle.o
    0x200002da        -       0x00000001   Zero   RW         1105    .bss.Check_QC_PD.just_typec_number  lcd_handle.o
    0x200002db        -       0x00000001   Zero   RW         1104    .bss.Check_QC_PD.just_usb_number  lcd_handle.o
    0x200002dc        -       0x00000001   Zero   RW         1302    .bss.EC11_Scan.a_now  encoderec11.o
    0x200002dd        -       0x00000001   Zero   RW         1303    .bss.EC11_Scan.b_now  encoderec11.o
    0x200002de        -       0x00000001   Zero   RW         1304    .bss.EC11_Scan.key_now  encoderec11.o
    0x200002df        -       0x00000001   Zero   RW         1153    .bss.FAN_Control.in_first  work_handle.o
    0x200002e0        -       0x00000004   Zero   RW         1108    .bss.Quick_charge_display_handle.typec_disp_crt  lcd_handle.o
    0x200002e4        -       0x00000004   Zero   RW         1109    .bss.Quick_charge_display_handle.typec_disp_vlt  lcd_handle.o
    0x200002e8        -       0x00000004   Zero   RW         1110    .bss.Quick_charge_display_handle.usb_disp_crt  lcd_handle.o
    0x200002ec        -       0x00000004   Zero   RW         1111    .bss.Quick_charge_display_handle.usb_disp_vlt  lcd_handle.o
    0x200002f0        -       0x00000001   Zero   RW         1117    .bss.Set_Current_display.first_in  lcd_handle.o
    0x200002f1        -       0x00000001   Zero   RW         1116    .bss.Set_Voltage_display.first_in  lcd_handle.o
    0x200002f2   COMPRESSED   0x00000002   PAD
    0x200002f4        -       0x00000004   Zero   RW         1094    .bss.actual_display_times  lcd_handle.o
    0x200002f8        -       0x00000001   Zero   RW          908    .bss.beep_handle.ocp_number  beep_handle.o
    0x200002f9        -       0x00000001   Zero   RW          907    .bss.beep_handle.ocp_time  beep_handle.o
    0x200002fa        -       0x00000400   Zero   RW         1238    .bss.chUsart1RxBuffer  at32_usart.o
    0x200006fa        -       0x00000400   Zero   RW         1239    .bss.chUsart1TxBuffer  at32_usart.o
    0x20000afa   COMPRESSED   0x00000002   PAD
    0x20000afc        -       0x00000004   Zero   RW          924    .bss.collect_typec_usb_data.collect_data_times  collect_data_handle.o
    0x20000b00        -       0x00000004   Zero   RW          926    .bss.collect_typec_usb_data.t_a  collect_data_handle.o
    0x20000b04        -       0x00000004   Zero   RW          925    .bss.collect_typec_usb_data.t_v  collect_data_handle.o
    0x20000b08        -       0x00000004   Zero   RW          927    .bss.collect_typec_usb_data.u_a  collect_data_handle.o
    0x20000b0c        -       0x00000004   Zero   RW          928    .bss.collect_typec_usb_data.u_v  collect_data_handle.o
    0x20000b10        -       0x00000004   Zero   RW          953    .bss.current_ec11_get_event.disp_vision_time  ec11_handle.o
    0x20000b14        -       0x00000040   Zero   RW         1191    .bss.current_pid    pid_handle.o
    0x20000b54        -       0x00000001   Zero   RW         1154    .bss.cv_state       work_handle.o
    0x20000b55   COMPRESSED   0x00000003   PAD
    0x20000b58        -       0x00000004   Zero   RW         1214    .bss.dac_output_control.g_dac_current_output  output_handle.o
    0x20000b5c        -       0x00000002   Zero   RW         1216    .bss.dac_output_control.g_dac_current_value  output_handle.o
    0x20000b5e   COMPRESSED   0x00000002   PAD
    0x20000b60        -       0x00000004   Zero   RW         1215    .bss.dac_output_control.g_dac_voltage_output  output_handle.o
    0x20000b64        -       0x00000002   Zero   RW         1217    .bss.dac_output_control.g_dac_voltage_value  output_handle.o
    0x20000b66        -       0x00000001   Zero   RW         1098    .bss.data_display_state.last_output  lcd_handle.o
    0x20000b67        -       0x00000001   Zero   RW         1097    .bss.display_run    lcd_handle.o
    0x20000b68        -       0x00000001   Zero   RW           26    .bss.feed_dog_task.first_in  main.o
    0x20000b69   COMPRESSED   0x00000001   PAD
    0x20000b6a        -       0x00000002   Zero   RW         1000    .bss.flash_handle.a_ver  flash_handle.o
    0x20000b6c        -       0x00000002   Zero   RW         1001    .bss.flash_handle.b_ver  flash_handle.o
    0x20000b6e        -       0x00000001   Zero   RW          978    .bss.flash_handle.first_start_flag  flash_handle.o
    0x20000b6f        -       0x00000001   Zero   RW          999    .bss.flash_handle.flash_count  flash_handle.o
    0x20000b70        -       0x00000002   Zero   RW          998    .bss.flash_handle.flash_version  flash_handle.o
    0x20000b72        -       0x00000001   Zero   RW          995    .bss.flash_handle.last_i_limin_state  flash_handle.o
    0x20000b73   COMPRESSED   0x00000001   PAD
    0x20000b74        -       0x00000004   Zero   RW          980    .bss.flash_handle.last_i_setdata  flash_handle.o
    0x20000b78        -       0x00000001   Zero   RW          996    .bss.flash_handle.last_lock_state  flash_handle.o
    0x20000b79   COMPRESSED   0x00000003   PAD
    0x20000b7c        -       0x00000004   Zero   RW          982    .bss.flash_handle.last_mod1_i_setdata  flash_handle.o
    0x20000b80        -       0x00000001   Zero   RW          983    .bss.flash_handle.last_mod1_ocp_mode  flash_handle.o
    0x20000b81   COMPRESSED   0x00000003   PAD
    0x20000b84        -       0x00000004   Zero   RW          981    .bss.flash_handle.last_mod1_v_setdata  flash_handle.o
    0x20000b88        -       0x00000004   Zero   RW          985    .bss.flash_handle.last_mod2_i_setdata  flash_handle.o
    0x20000b8c        -       0x00000001   Zero   RW          986    .bss.flash_handle.last_mod2_ocp_mode  flash_handle.o
    0x20000b8d   COMPRESSED   0x00000003   PAD
    0x20000b90        -       0x00000004   Zero   RW          984    .bss.flash_handle.last_mod2_v_setdata  flash_handle.o
    0x20000b94        -       0x00000004   Zero   RW          988    .bss.flash_handle.last_mod3_i_setdata  flash_handle.o
    0x20000b98        -       0x00000001   Zero   RW          989    .bss.flash_handle.last_mod3_ocp_mode  flash_handle.o
    0x20000b99   COMPRESSED   0x00000003   PAD
    0x20000b9c        -       0x00000004   Zero   RW          987    .bss.flash_handle.last_mod3_v_setdata  flash_handle.o
    0x20000ba0        -       0x00000004   Zero   RW          991    .bss.flash_handle.last_mod4_i_setdata  flash_handle.o
    0x20000ba4        -       0x00000001   Zero   RW          992    .bss.flash_handle.last_mod4_ocp_mode  flash_handle.o
    0x20000ba5   COMPRESSED   0x00000003   PAD
    0x20000ba8        -       0x00000004   Zero   RW          990    .bss.flash_handle.last_mod4_v_setdata  flash_handle.o
    0x20000bac        -       0x00000001   Zero   RW          993    .bss.flash_handle.last_ocp_mode  flash_handle.o
    0x20000bad        -       0x00000001   Zero   RW          997    .bss.flash_handle.last_speak_state  flash_handle.o
    0x20000bae        -       0x00000001   Zero   RW          994    .bss.flash_handle.last_v_limin_state  flash_handle.o
    0x20000baf   COMPRESSED   0x00000001   PAD
    0x20000bb0        -       0x00000004   Zero   RW          979    .bss.flash_handle.last_v_setdata  flash_handle.o
    0x20000bb4        -       0x00000001   Zero   RW          977    .bss.flash_handle.sflash  flash_handle.o
    0x20000bb5   COMPRESSED   0x00000001   PAD
    0x20000bb6        -       0x00000002   Zero   RW         1213    .bss.g_cur_comp_timer  output_handle.o
    0x20000bb8        -       0x00000001   Zero   RW          951    .bss.g_cur_ec11_analyze_result  ec11_handle.o
    0x20000bb9   COMPRESSED   0x00000007   PAD
    0x20000bc0        -       0x00000008   Zero   RW         1537    .bss.g_lLastTimeStamp  perf_counter.o
    0x20000bc8        -       0x00000004   Zero   RW         1208    .bss.g_last_set_current_data  output_handle.o
    0x20000bcc        -       0x00000004   Zero   RW         1207    .bss.g_last_set_voltage_data  output_handle.o
    0x20000bd0        -       0x00000004   Zero   RW         1536    .bss.g_nOffset      perf_counter.o
    0x20000bd4        -       0x00000001   Zero   RW          950    .bss.g_vol_ec11_analyze_result  ec11_handle.o
    0x20000bd5        -       0x00000001   Zero   RW          957    .bss.g_vol_long_press_handled  ec11_handle.o
    0x20000bd6        -       0x00000002   Zero   RW         1037    .bss.get_key.last_set_vol_value  key_handle.o
    0x20000bd8        -       0x00000001   Zero   RW         1036    .bss.get_key.set_done  key_handle.o
    0x20000bd9        -       0x00000001   Zero   RW          145    .bss.iap_flag       iap.o
    0x20000bda        -       0x00000001   Zero   RW         1099    .bss.led_display_handle.last_cur_limin_flag  lcd_handle.o
    0x20000bdb        -       0x00000001   Zero   RW         1101    .bss.led_display_handle.last_lock_state  lcd_handle.o
    0x20000bdc        -       0x00000001   Zero   RW         1100    .bss.led_display_handle.last_vol_limin_flag  lcd_handle.o
    0x20000bdd   COMPRESSED   0x00000023   PAD
    0x20000c00        -       0x000004a4   Zero   RW         1453    .bss.noinit         eventrecorder.o
    0x200010a4        -       0x000000a0   Zero   RW          879    .bss.object         tmt.o
    0x20001144        -       0x00000001   Zero   RW           78    .bss.ocp_exint_state  at32f403a_407_int.o
    0x20001145   COMPRESSED   0x00000001   PAD
    0x20001146        -       0x00000002   Zero   RW          894    .bss.pc_comm_handle.time  pc_comm_handle.o
    0x20001148        -       0x00000604   Zero   RW          895    .bss.pc_data        pc_comm_handle.o
    0x2000174c        -       0x00000001   Zero   RW          897    .bss.pc_event       pc_comm_handle.o
    0x2000174d   COMPRESSED   0x00000003   PAD
    0x20001750        -       0x00000004   Zero   RW          896    .bss.pc_event_handle.crc_value  pc_comm_handle.o
    0x20001754        -       0x0000009c   Zero   RW         1049    .bss.ps305d         ps305d_handle.o
    0x200017f0        -       0x00000008   Zero   RW         1545    .bss.s_lOldTimestamp  perf_counter.o
    0x200017f8        -       0x00000008   Zero   RW         1547    .bss.s_lOldTimestampMS  perf_counter.o
    0x20001800        -       0x00000008   Zero   RW         1546    .bss.s_lOldTimestampUS  perf_counter.o
    0x20001808        -       0x00000008   Zero   RW         1538    .bss.s_lSystemClockCounts  perf_counter.o
    0x20001810        -       0x00000008   Zero   RW         1541    .bss.s_lSystemMS    perf_counter.o
    0x20001818        -       0x00000008   Zero   RW         1544    .bss.s_lSystemUS    perf_counter.o
    0x20001820        -       0x00000004   Zero   RW         1539    .bss.s_wMSResidule  perf_counter.o
    0x20001824        -       0x00000004   Zero   RW         1542    .bss.s_wUSResidule  perf_counter.o
    0x20001828        -       0x00000004   Zero   RW         1157    .bss.state_timer_us  work_handle.o
    0x2000182c        -       0x00000024   Zero   RW         1242    .bss.tUart4Buffer   at32_usart.o
    0x20001850        -       0x00000024   Zero   RW         1243    .bss.tUart5Buffer   at32_usart.o
    0x20001874        -       0x00000024   Zero   RW         1237    .bss.tUsart1Buffer  at32_usart.o
    0x20001898        -       0x00000024   Zero   RW         1240    .bss.tUsart2Buffer  at32_usart.o
    0x200018bc        -       0x00000024   Zero   RW         1241    .bss.tUsart3Buffer  at32_usart.o
    0x200018e0        -       0x00000004   Zero   RW           98    .bss.timebase_ticks  wk_system.o
    0x200018e4        -       0x00000018   Zero   RW          880    .bss.tmt            tmt.o
    0x200018fc        -       0x00000004   Zero   RW           77    .bss.tmt_us_tick    at32f403a_407_int.o
    0x20001900        -       0x00000004   Zero   RW           76    .bss.us_tick        at32f403a_407_int.o
    0x20001904        -       0x00000040   Zero   RW         1190    .bss.voltage_pid    pid_handle.o
    0x20001944        -       0x00000001   Zero   RW         1161    .bss.voltage_transformer_control.first_in  work_handle.o
    0x20001945   COMPRESSED   0x00000001   PAD
    0x20001946        -       0x00000002   Zero   RW         1160    .bss.voltage_transformer_control.last_voltage  work_handle.o
    0x20001948        -       0x00000400   Zero   RW          842    STACK               startup_at32f403a_407.o


==============================================================================

Image component sizes


      Code (inc. data)   RO Data    RW Data    ZI Data      Debug   Object Name

       546          0          0          0        272       6173   adc_filter.o
      1082          0          0          0       2228       5062   at32_usart.o
       912          0          0          0          0      15634   at32f403a_407_adc.o
       238          0          0          0          0       3150   at32f403a_407_crc.o
      1524          6         40          0          0      20190   at32f403a_407_crm.o
       340          0          0          0          0       7607   at32f403a_407_dac.o
      1442          0          0          0          0      14398   at32f403a_407_flash.o
       602          0          0          0          0      14459   at32f403a_407_gpio.o
       290          0          0          2          9       6244   at32f403a_407_int.o
       504          0          0          0          0       6642   at32f403a_407_misc.o
      1306         32          0          0          0      23612   at32f403a_407_tmr.o
       802          0          0          0          0      10319   at32f403a_407_usart.o
       118          0          0          0          0       2350   at32f403a_407_wdt.o
       696          0          0          0          0       8905   at32f403a_407_wk_config.o
       292          0          5         16          1       5093   beep.o
       270          0          0          1          2        936   beep_handle.o
      1360         84          0          0         20       1408   collect_data_handle.o
      2228         84          0         10          7       4429   ec11_handle.o
      1370          8          0        112          3       7750   encoderec11.o
      1636          0         24          0       1188       8731   eventrecorder.o
        50          0          0          0          0       1204   flash.o
      4730          8          0          0         58       4623   flash_handle.o
       116          0          0          0          1        699   iap.o
       250          4          0          1          0       1208   key.o
      2758          0          0        191          3       7872   key_handle.o
      6078         28          0         43         30       8411   lcd_handle.o
       632          8          0          0          1       2393   main.o
       982         32          0          0         22       2696   output_handle.o
       610          0          0          0       1547       2220   pc_comm_handle.o
      1220          0          4          8         68      10193   perf_counter.o
       230          0          0          0          0       3126   perfc_port_default.o
        64          0          0          0        128       3774   pid_handle.o
       382          0          0          0        156       4742   ps305d_handle.o
        36          8        388          0       1024        836   startup_at32f403a_407.o
       582          0         16          4          0       7798   system_at32f403a_407.o
        28          8          0          0          0        470   systick_wrapper_gnu.o
      1022          0          0          0          0       6573   tm1680.o
      1126          0          0          0        184       2899   tmt.o
       280          0          0          0          0       2362   util_queue.o
       326          0          0          0          0      10598   wk_adc.o
        52          0          0          0          0        794   wk_crc.o
       134          0          0          0          0       4999   wk_dac.o
        18          0          0          0          0        618   wk_debug.o
       398          0          0          0          0       5050   wk_gpio.o
       114          0          0          0          4       1736   wk_system.o
       304          0          0          0          0      10561   wk_tmr.o
       198          0          0          0          0       6927   wk_usart.o
        28          0          0          0          0        728   wk_wdt.o
      2446          0          0          8         17      12105   work_handle.o

    ----------------------------------------------------------------------
     43044        310        512        404       7092     301307   Object Totals
         0          0         32          0          0          0   (incl. Generated)
       292          0          3          8        119          0   (incl. Padding)

    ----------------------------------------------------------------------

      Code (inc. data)   RO Data    RW Data    ZI Data      Debug   Library Member Name

        86          0          0          0          0          0   __dczerorl2.o
        40          8          0          0          0         80   cpp_init.o
         0          0          0          0          0          0   entry.o
         0          0          0          0          0          0   entry10a.o
         0          0          0          0          0          0   entry11a.o
         8          4          0          0          0          0   entry2.o
         4          0          0          0          0          0   entry5.o
         0          0          0          0          0          0   entry7b.o
         4          0          0          0          0          0   entry8a.o
         0          0          0          0          0          0   entry8b.o
         8          4          0          0          0          0   entry9a.o
        30          0          0          0          0          0   handlers.o
        48         10          0          0          0         68   init.o
         0          0          0          0          0          0   iusefp.o
        98          0          0          0          0         84   ldiv.o
        30          0          0          0          0         68   llshl.o
        36          0          0          0          0         68   llsshr.o
        32          0          0          0          0         68   llushr.o
        36          0          0          0          0        108   memseta.o
        98          0          0          0          0         92   uldiv.o
        56          0          0          0          0         88   d2f.o
       334          0          0          0          0        148   dadd.o
       222          0          0          0          0        100   ddiv.o
       186          0          0          0          0        176   depilogue.o
        62          0          0          0          0         80   dfixi.o
        34          0          0          0          0         76   dflti.o
        26          0          0          0          0         76   dfltui.o
       228          0          0          0          0         96   dmul.o
        38          0          0          0          0         68   f2d.o
       110          0          0          0          0        168   fepilogue.o

    ----------------------------------------------------------------------
      1860         26          0          0          0       1712   Library Totals
         6          0          0          0          0          0   (incl. Padding)

    ----------------------------------------------------------------------

      Code (inc. data)   RO Data    RW Data    ZI Data      Debug   Library Name

       558         26          0          0          0        636   mc_w.l
      1296          0          0          0          0       1076   mf_w.l

    ----------------------------------------------------------------------
      1860         26          0          0          0       1712   Library Totals

    ----------------------------------------------------------------------

==============================================================================


      Code (inc. data)   RO Data    RW Data    ZI Data      Debug   

     44904        336        512        404       7092     301603   Grand Totals
     44904        336        512        192       7092     301603   ELF Image Totals (compressed)
     44904        336        512        192          0          0   ROM Totals

==============================================================================

    Total RO  Size (Code + RO Data)                45416 (  44.35kB)
    Total RW  Size (RW Data + ZI Data)              7496 (   7.32kB)
    Total ROM Size (Code + RO Data + RW Data)      45608 (  44.54kB)

==============================================================================

