Component: Arm Compiler for Embedded 6.23 Tool: armlink [5f102400]

==============================================================================

Section Cross References

    main.o(.text) refers (Special) to systick_wrapper_gnu.o(.text) for __ensure_systick_wrapper
    main.o(.text.main) refers (Special) to systick_wrapper_gnu.o(.text) for __ensure_systick_wrapper
    main.o(.text.main) refers to at32f403a_407_misc.o(.text.nvic_vector_table_set) for nvic_vector_table_set
    main.o(.text.main) refers to at32f403a_407_wk_config.o(.text.wk_system_clock_config) for wk_system_clock_config
    main.o(.text.main) refers to at32f403a_407_wk_config.o(.text.wk_periph_clock_config) for wk_periph_clock_config
    main.o(.text.main) refers to wk_debug.o(.text.wk_debug_config) for wk_debug_config
    main.o(.text.main) refers to at32f403a_407_wk_config.o(.text.wk_nvic_config) for wk_nvic_config
    main.o(.text.main) refers to wk_system.o(.text.wk_timebase_init) for wk_timebase_init
    main.o(.text.main) refers to wk_gpio.o(.text.wk_gpio_config) for wk_gpio_config
    main.o(.text.main) refers to wk_usart.o(.text.wk_usart1_init) for wk_usart1_init
    main.o(.text.main) refers to wk_adc.o(.text.wk_adc1_init) for wk_adc1_init
    main.o(.text.main) refers to wk_tmr.o(.text.wk_tmr4_init) for wk_tmr4_init
    main.o(.text.main) refers to wk_dac.o(.text.wk_dac_init) for wk_dac_init
    main.o(.text.main) refers to wk_crc.o(.text.wk_crc_init) for wk_crc_init
    main.o(.text.main) refers to wk_wdt.o(.text.wk_wdt_init) for wk_wdt_init
    main.o(.text.main) refers to tmt.o(.text.tmt_init) for tmt_init
    main.o(.text.main) refers to tmt.o(.bss.tmt) for tmt
    main.o(.text.main) refers to main.o(.text.iap_task) for iap_task
    main.o(.text.main) refers to main.o(.text.feed_dog_task) for feed_dog_task
    main.o(.text.main) refers to main.o(.text.pc_task) for pc_task
    main.o(.text.main) refers to main.o(.text.lcd_task) for lcd_task
    main.o(.text.main) refers to main.o(.text.ec11_task) for ec11_task
    main.o(.text.main) refers to main.o(.text.beep_task) for beep_task
    main.o(.text.main) refers to main.o(.text.Output_task) for Output_task
    main.o(.text.main) refers to main.o(.text.key_task) for key_task
    main.o(.text.main) refers to main.o(.text.collect_data_task) for collect_data_task
    main.o(.text.main) refers to main.o(.text.work_task) for work_task
    main.o(.text.main) refers to main.o(.text.flash_task) for flash_task
    main.o(.text.main) refers to perf_counter.o(.text.init_cycle_counter) for init_cycle_counter
    main.o(.text.main) refers to eventrecorder.o(.text.EventRecorderInitialize) for EventRecorderInitialize
    main.o(.text.main) refers to ps305d_handle.o(.bss.ps305d) for ps305d
    main.o(.text.main) refers to ps305d_handle.o(.text.PS305D_init) for PS305D_init
    main.o(.text.main) refers to adc_filter.o(.bss.ADC_CRT) for ADC_CRT
    main.o(.text.main) refers to adc_filter.o(.text.filter_init) for filter_init
    main.o(.text.main) refers to adc_filter.o(.bss.ADC_VTG) for ADC_VTG
    main.o(.text.main) refers to pid_handle.o(.bss.voltage_pid) for voltage_pid
    main.o(.text.main) refers to pid_handle.o(.text.Compensator_Init) for Compensator_Init
    main.o(.text.main) refers to pid_handle.o(.bss.current_pid) for current_pid
    main.o(.text.main) refers to tm1680.o(.text.TM1680Init) for TM1680Init
    main.o(.text.main) refers to at32_usart.o(.text.BSP_UsartInit) for BSP_UsartInit
    main.o(.text.main) refers to iap.o(.text.iap_init) for iap_init
    main.o(.ARM.exidx.text.main) refers (Special) to systick_wrapper_gnu.o(.text) for __ensure_systick_wrapper
    main.o(.ARM.exidx.text.main) refers to main.o(.text.main) for [Anonymous Symbol]
    main.o(.text.iap_task) refers (Special) to systick_wrapper_gnu.o(.text) for __ensure_systick_wrapper
    main.o(.text.iap_task) refers to iap.o(.text.iap_command_handle) for iap_command_handle
    main.o(.ARM.exidx.text.iap_task) refers (Special) to systick_wrapper_gnu.o(.text) for __ensure_systick_wrapper
    main.o(.ARM.exidx.text.iap_task) refers to main.o(.text.iap_task) for [Anonymous Symbol]
    main.o(.text.feed_dog_task) refers (Special) to systick_wrapper_gnu.o(.text) for __ensure_systick_wrapper
    main.o(.text.feed_dog_task) refers to main.o(.bss.feed_dog_task.first_in) for feed_dog_task.first_in
    main.o(.text.feed_dog_task) refers to at32f403a_407_wdt.o(.text.wdt_counter_reload) for wdt_counter_reload
    main.o(.ARM.exidx.text.feed_dog_task) refers (Special) to systick_wrapper_gnu.o(.text) for __ensure_systick_wrapper
    main.o(.ARM.exidx.text.feed_dog_task) refers to main.o(.text.feed_dog_task) for [Anonymous Symbol]
    main.o(.text.pc_task) refers (Special) to systick_wrapper_gnu.o(.text) for __ensure_systick_wrapper
    main.o(.text.pc_task) refers to pc_comm_handle.o(.text.pc_comm_handle) for pc_comm_handle
[...]
    BeepProc                                 0x08004d85   Thumb Code   252  beep.o(.text.BeepProc)
    BusFault_Handler                         0x08004e81   Thumb Code     4  at32f403a_407_int.o(.text.BusFault_Handler)
    CC_CV_OCP_handle                         0x08004e85   Thumb Code    64  work_handle.o(.text.CC_CV_OCP_handle)
    CC_handle                                0x08004ec5   Thumb Code   162  work_handle.o(.text.CC_handle)
    CV_handle                                0x08004f69   Thumb Code   160  work_handle.o(.text.CV_handle)
    Check_Ammeter                            0x08005009   Thumb Code   722  work_handle.o(.text.Check_Ammeter)
    Compensator_Init                         0x080052dd   Thumb Code    64  pid_handle.o(.text.Compensator_Init)
    DebugMon_Handler                         0x0800531d   Thumb Code     2  at32f403a_407_int.o(.text.DebugMon_Handler)
    Disp_one_person                          0x08005321   Thumb Code    70  tm1680.o(.text.Disp_one_person)
    EC11_Analyze                             0x08005369   Thumb Code   562  encoderec11.o(.text.EC11_Analyze)
    EC11_Scan                                0x08005615   Thumb Code   692  encoderec11.o(.text.EC11_Scan)
    EventRecorderEnable                      0x08005a55   Thumb Code   146  eventrecorder.o(.text.EventRecorderEnable)
    EventRecorderInitialize                  0x08005ae9   Thumb Code   440  eventrecorder.o(.text.EventRecorderInitialize)
    EventRecorderStart                       0x08005ca1   Thumb Code    74  eventrecorder.o(.text.EventRecorderStart)
    EventRecorderTimerGetCount               0x08005ced   Thumb Code     8  perf_counter.o(.text.EventRecorderTimerGetCount)
    EventRecorderTimerGetFreq                0x08005cf5   Thumb Code     8  perf_counter.o(.text.EventRecorderTimerGetFreq)
    EventRecorderTimerSetup                  0x08005cfd   Thumb Code     4  perf_counter.o(.text.EventRecorderTimerSetup)
    FAN_Control                              0x08005d01   Thumb Code   248  work_handle.o(.text.FAN_Control)
    HardFault_Handler                        0x08005e0d   Thumb Code     4  at32f403a_407_int.o(.text.HardFault_Handler)
    MemManage_Handler                        0x08005ec5   Thumb Code     4  at32f403a_407_int.o(.text.MemManage_Handler)
    NMI_Handler                              0x08005ec9   Thumb Code     2  at32f403a_407_int.o(.text.NMI_Handler)
    Output_task                              0x08005f39   Thumb Code    28  main.o(.text.Output_task)
    PS305D_init                              0x08005f55   Thumb Code   356  ps305d_handle.o(.text.PS305D_init)
    PendSV_Handler                           0x080060b9   Thumb Code     2  at32f403a_407_int.o(.text.PendSV_Handler)
    Power_Output_Control_Loop                0x080060bd   Thumb Code   266  output_handle.o(.text.Power_Output_Control_Loop)
    SVC_Handler                              0x080062d5   Thumb Code     2  at32f403a_407_int.o(.text.SVC_Handler)
    Set_Current_display                      0x080062d9   Thumb Code  1036  lcd_handle.o(.text.Set_Current_display)
    Set_Voltage_display                      0x080066e5   Thumb Code  1022  lcd_handle.o(.text.Set_Voltage_display)
    $Super$$SysTick_Handler                  0x08006ae5   Thumb Code   160  at32f403a_407_int.o(.text.SysTick_Handler)
    SystemInit                               0x08006b85   Thumb Code   168  system_at32f403a_407.o(.text.SystemInit)
    TM1680Init                               0x08006c2d   Thumb Code    90  tm1680.o(.text.TM1680Init)
    TM1680PageAllWrite                       0x08006c89   Thumb Code   106  tm1680.o(.text.TM1680PageAllWrite)
    TM1680Write4bit                          0x08006cf5   Thumb Code    50  tm1680.o(.text.TM1680Write4bit)
    TM1680WriteByte                          0x08006d29   Thumb Code    62  tm1680.o(.text.TM1680WriteByte)
    USART1_IRQHandler                        0x08006d69   Thumb Code   194  at32_usart.o(.text.USART1_IRQHandler)
    USART1_TimeOutCounter                    0x08006e2d   Thumb Code    94  at32_usart.o(.text.USART1_TimeOutCounter)
    UsageFault_Handler                       0x08006ee5   Thumb Code     4  at32f403a_407_int.o(.text.UsageFault_Handler)
    __perf_counter_init                      0x080070fd   Thumb Code    10  perf_counter.o(.text.__perf_counter_init)
    __perf_os_patch_init                     0x08007109   Thumb Code     2  perf_counter.o(.text.__perf_os_patch_init)
    adc_base_config                          0x0800710d   Thumb Code   100  at32f403a_407_adc.o(.text.adc_base_config)
    adc_base_default_para_init               0x08007171   Thumb Code    28  at32f403a_407_adc.o(.text.adc_base_default_para_init)
    adc_calibration_init                     0x0800718d   Thumb Code    18  at32f403a_407_adc.o(.text.adc_calibration_init)
    adc_calibration_init_status_get          0x080071a1   Thumb Code    40  at32f403a_407_adc.o(.text.adc_calibration_init_status_get)
    adc_calibration_start                    0x080071c9   Thumb Code    18  at32f403a_407_adc.o(.text.adc_calibration_start)
    adc_calibration_status_get               0x080071dd   Thumb Code    40  at32f403a_407_adc.o(.text.adc_calibration_status_get)
    adc_combine_mode_select                  0x08007205   Thumb Code    38  at32f403a_407_adc.o(.text.adc_combine_mode_select)
    adc_enable                               0x0800722d   Thumb Code    26  at32f403a_407_adc.o(.text.adc_enable)
    adc_flag_get                             0x08007249   Thumb Code    52  at32f403a_407_adc.o(.text.adc_flag_get)
    adc_ordinary_channel_set                 0x0800727d   Thumb Code   354  at32f403a_407_adc.o(.text.adc_ordinary_channel_set)
    adc_ordinary_conversion_data_get         0x080073e1   Thumb Code    14  at32f403a_407_adc.o(.text.adc_ordinary_conversion_data_get)
    adc_ordinary_conversion_trigger_set      0x080073f1   Thumb Code   116  at32f403a_407_adc.o(.text.adc_ordinary_conversion_trigger_set)
    adc_ordinary_part_mode_enable            0x08007465   Thumb Code    34  at32f403a_407_adc.o(.text.adc_ordinary_part_mode_enable)
    adc_ordinary_software_trigger_enable     0x08007489   Thumb Code    34  at32f403a_407_adc.o(.text.adc_ordinary_software_trigger_enable)
    beep_task                                0x08007581   Thumb Code   206  main.o(.text.beep_task)
    check_compensation                       0x08007651   Thumb Code    32  output_handle.o(.text.check_compensation)
    collect_current                          0x08007b11   Thumb Code   200  collect_data_handle.o(.text.collect_current)
    collect_data_handle                      0x08007bf1   Thumb Code    36  collect_data_handle.o(.text.collect_data_handle)
    collect_data_task                        0x08007c15   Thumb Code     8  main.o(.text.collect_data_task)
    collect_typec_usb_data                   0x08007c21   Thumb Code   712  collect_data_handle.o(.text.collect_typec_usb_data)
    collect_voltage                          0x08007ef9   Thumb Code   200  collect_data_handle.o(.text.collect_voltage)
    convert_data                             0x08007fd9   Thumb Code   226  at32_usart.o(.text.convert_data)
    crc_block_calculate                      0x08008141   Thumb Code    66  at32f403a_407_crc.o(.text.crc_block_calculate)
    crc_data_reset                           0x08008185   Thumb Code    18  at32f403a_407_crc.o(.text.crc_data_reset)
    crc_init_data_set                        0x08008199   Thumb Code    20  at32f403a_407_crc.o(.text.crc_init_data_set)
    crc_poly_size_set                        0x080081ad   Thumb Code    38  at32f403a_407_crc.o(.text.crc_poly_size_set)
    crc_poly_value_set                       0x080081d5   Thumb Code    20  at32f403a_407_crc.o(.text.crc_poly_value_set)
    crc_reverse_input_data_set               0x080081e9   Thumb Code    38  at32f403a_407_crc.o(.text.crc_reverse_input_data_set)
    crc_reverse_output_data_set              0x08008211   Thumb Code    38  at32f403a_407_crc.o(.text.crc_reverse_output_data_set)
    crm_adc_clock_div_set                    0x08008239   Thumb Code    52  at32f403a_407_crm.o(.text.crm_adc_clock_div_set)
    crm_ahb_div_set                          0x0800826d   Thumb Code    38  at32f403a_407_crm.o(.text.crm_ahb_div_set)
    crm_apb1_div_set                         0x08008295   Thumb Code    38  at32f403a_407_crm.o(.text.crm_apb1_div_set)
    crm_apb2_div_set                         0x080082bd   Thumb Code    38  at32f403a_407_crm.o(.text.crm_apb2_div_set)
    crm_auto_step_mode_enable                0x080082e5   Thumb Code    56  at32f403a_407_crm.o(.text.crm_auto_step_mode_enable)
    crm_clock_source_enable                  0x0800831d   Thumb Code   166  at32f403a_407_crm.o(.text.crm_clock_source_enable)
    crm_clocks_freq_get                      0x080083c5   Thumb Code   480  at32f403a_407_crm.o(.text.crm_clocks_freq_get)
    crm_flag_get                             0x080085a5   Thumb Code    62  at32f403a_407_crm.o(.text.crm_flag_get)
    crm_hext_stable_wait                     0x080085e5   Thumb Code   100  at32f403a_407_crm.o(.text.crm_hext_stable_wait)
    crm_periph_clock_enable                  0x08008649   Thumb Code    82  at32f403a_407_crm.o(.text.crm_periph_clock_enable)
    crm_pll_config                           0x0800869d   Thumb Code   188  at32f403a_407_crm.o(.text.crm_pll_config)
    crm_reset                                0x08008759   Thumb Code   138  at32f403a_407_crm.o(.text.crm_reset)
    crm_sysclk_switch                        0x080087e5   Thumb Code    70  at32f403a_407_crm.o(.text.crm_sysclk_switch)
    crm_sysclk_switch_status_get             0x0800882d   Thumb Code    16  at32f403a_407_crm.o(.text.crm_sysclk_switch_status_get)
    cur_ec11_event_handle                    0x0800883d   Thumb Code   708  ec11_handle.o(.text.cur_ec11_event_handle)
    current_display_handle                   0x08008b01   Thumb Code   336  lcd_handle.o(.text.current_display_handle)
    current_ec11_get_event                   0x08008c51   Thumb Code   710  ec11_handle.o(.text.current_ec11_get_event)
    dac_1_data_set                           0x08008f19   Thumb Code    20  at32f403a_407_dac.o(.text.dac_1_data_set)
    dac_2_data_set                           0x08008f2d   Thumb Code    20  at32f403a_407_dac.o(.text.dac_2_data_set)
    dac_buffer_auto_switch                   0x08008f41   Thumb Code    58  output_handle.o(.text.dac_buffer_auto_switch)
    dac_enable                               0x08008f7d   Thumb Code    90  at32f403a_407_dac.o(.text.dac_enable)
    dac_output_buffer_enable                 0x08008fd9   Thumb Code   112  at32f403a_407_dac.o(.text.dac_output_buffer_enable)
    dac_output_control                       0x08009049   Thumb Code   760  output_handle.o(.text.dac_output_control)
    dac_trigger_enable                       0x08009361   Thumb Code    98  at32f403a_407_dac.o(.text.dac_trigger_enable)
    data_display_state                       0x0800941d   Thumb Code    62  lcd_handle.o(.text.data_display_state)
    delay_ms                                 0x0800945d   Thumb Code   148  perf_counter.o(.text.delay_ms)
    delay_us                                 0x080094f1   Thumb Code   148  perf_counter.o(.text.delay_us)
    ec11_handle                              0x08009585   Thumb Code   112  ec11_handle.o(.text.ec11_handle)
    ec11_task                                0x080095f5   Thumb Code     2  main.o(.text.ec11_task)
    feed_dog_task                            0x080095f9   Thumb Code    38  main.o(.text.feed_dog_task)
    filter_init                              0x08009621   Thumb Code   104  adc_filter.o(.text.filter_init)
    flash_bank1_operation_status_get         0x08009689   Thumb Code   104  at32f403a_407_flash.o(.text.flash_bank1_operation_status_get)
    flash_bank1_operation_wait_for           0x080096f1   Thumb Code    92  at32f403a_407_flash.o(.text.flash_bank1_operation_wait_for)
    flash_bank2_operation_status_get         0x0800974d   Thumb Code   104  at32f403a_407_flash.o(.text.flash_bank2_operation_status_get)
    flash_bank2_operation_wait_for           0x080097b5   Thumb Code    92  at32f403a_407_flash.o(.text.flash_bank2_operation_wait_for)
    flash_halfword_program                   0x08009811   Thumb Code   242  at32f403a_407_flash.o(.text.flash_halfword_program)
    flash_handle                             0x08009905   Thumb Code  2696  flash_handle.o(.text.flash_handle)
    flash_lock                               0x0800a38d   Thumb Code    34  at32f403a_407_flash.o(.text.flash_lock)
    flash_read_halfword                      0x0800a3b1   Thumb Code    50  flash.o(.text.flash_read_halfword)
    flash_sector_erase                       0x0800a3e5   Thumb Code   274  at32f403a_407_flash.o(.text.flash_sector_erase)
    flash_spim_dummy_read                    0x0800a4f9   Thumb Code    28  at32f403a_407_flash.o(.text.flash_spim_dummy_read)
    flash_spim_operation_status_get          0x0800a515   Thumb Code   104  at32f403a_407_flash.o(.text.flash_spim_operation_status_get)
    flash_spim_operation_wait_for            0x0800a57d   Thumb Code    92  at32f403a_407_flash.o(.text.flash_spim_operation_wait_for)
    flash_task                               0x0800a5d9   Thumb Code     8  main.o(.text.flash_task)
    flash_unlock                             0x0800a5e1   Thumb Code    42  at32f403a_407_flash.o(.text.flash_unlock)
    flash_word_program                       0x0800a60d   Thumb Code   234  at32f403a_407_flash.o(.text.flash_word_program)
    get_adcval                               0x0800a729   Thumb Code    78  adc_filter.o(.text.get_adcval)
    get_adcval_average                       0x0800a779   Thumb Code   198  adc_filter.o(.text.get_adcval_average)
    get_digit                                0x0800ab79   Thumb Code    98  lcd_handle.o(.text.get_digit)
    get_system_ticks                         0x0800b62d   Thumb Code   144  perf_counter.o(.text.get_system_ticks)
    gpio_bits_reset                          0x0800b6ed   Thumb Code    20  at32f403a_407_gpio.o(.text.gpio_bits_reset)
    gpio_bits_set                            0x0800b701   Thumb Code    20  at32f403a_407_gpio.o(.text.gpio_bits_set)
    gpio_default_para_init                   0x0800b715   Thumb Code    38  at32f403a_407_gpio.o(.text.gpio_default_para_init)
    gpio_init                                0x0800b73d   Thumb Code   320  at32f403a_407_gpio.o(.text.gpio_init)
    gpio_input_data_bit_read                 0x0800b87d   Thumb Code    54  at32f403a_407_gpio.o(.text.gpio_input_data_bit_read)
    gpio_pin_remap_config                    0x0800b8b5   Thumb Code   150  at32f403a_407_gpio.o(.text.gpio_pin_remap_config)
    iap_command_handle                       0x0800b94d   Thumb Code    66  iap.o(.text.iap_command_handle)
    iap_init                                 0x0800b991   Thumb Code    50  iap.o(.text.iap_init)
    iap_task                                 0x0800b9c5   Thumb Code     8  main.o(.text.iap_task)
    init_cycle_counter                       0x0800b9cd   Thumb Code   164  perf_counter.o(.text.init_cycle_counter)
    key_event_check                          0x0800ba71   Thumb Code   250  key.o(.text.key_event_check)
    key_handle                               0x0800bb6d   Thumb Code     8  key_handle.o(.text.key_handle)
    key_task                                 0x0800bb75   Thumb Code     8  main.o(.text.key_task)
    lcd_handle                               0x0800bb7d   Thumb Code    90  lcd_handle.o(.text.lcd_handle)
    lcd_task                                 0x0800bbd9   Thumb Code     8  main.o(.text.lcd_task)
    led_display_handle                       0x0800bbe1   Thumb Code   902  lcd_handle.o(.text.led_display_handle)
    main                                     0x0800bf69   Thumb Code   416  main.o(.text.main)
    move_average_filter                      0x0800c111   Thumb Code   166  adc_filter.o(.text.move_average_filter)
    nvic_priority_group_config               0x0800c1b9   Thumb Code    20  at32f403a_407_misc.o(.text.nvic_priority_group_config)
    nvic_system_reset                        0x0800c1cd   Thumb Code     4  at32f403a_407_misc.o(.text.nvic_system_reset)
    nvic_vector_table_set                    0x0800c1d1   Thumb Code    36  at32f403a_407_misc.o(.text.nvic_vector_table_set)
    ocp_handle                               0x0800c1f5   Thumb Code   190  work_handle.o(.text.ocp_handle)
    output_control                           0x0800c2b5   Thumb Code   222  work_handle.o(.text.output_control)
    pc_comm_handle                           0x0800c395   Thumb Code    56  pc_comm_handle.o(.text.pc_comm_handle)
    pc_event_handle                          0x0800c3cd   Thumb Code   120  pc_comm_handle.o(.text.pc_event_handle)
    pc_task                                  0x0800c445   Thumb Code     8  main.o(.text.pc_task)
    perfc_port_clear_system_timer_ovf_pending 0x0800c44d   Thumb Code    16  perfc_port_default.o(.text.perfc_port_clear_system_timer_ovf_pending)
    perfc_port_get_system_timer_elapsed      0x0800c485   Thumb Code    32  perfc_port_default.o(.text.perfc_port_get_system_timer_elapsed)
    perfc_port_get_system_timer_freq         0x0800c4a5   Thumb Code    12  perfc_port_default.o(.text.perfc_port_get_system_timer_freq)
    perfc_port_get_system_timer_top          0x0800c4b1   Thumb Code    14  perfc_port_default.o(.text.perfc_port_get_system_timer_top)
    perfc_port_init_system_timer             0x0800c4c1   Thumb Code   102  perfc_port_default.o(.text.perfc_port_init_system_timer)
    perfc_port_insert_to_system_timer_insert_ovf_handler 0x0800c529   Thumb Code   326  perf_counter.o(.text.perfc_port_insert_to_system_timer_insert_ovf_handler)
    perfc_port_is_system_timer_ovf_pending   0x0800c671   Thumb Code    16  perfc_port_default.o(.text.perfc_port_is_system_timer_ovf_pending)
    queue_init                               0x0800c6a9   Thumb Code    78  util_queue.o(.text.queue_init)
    queue_isEmpty                            0x0800c6f9   Thumb Code    22  util_queue.o(.text.queue_isEmpty)
    queue_isFull                             0x0800c711   Thumb Code    34  util_queue.o(.text.queue_isFull)
    queue_read                               0x0800c735   Thumb Code    72  util_queue.o(.text.queue_read)
    queue_write                              0x0800c77d   Thumb Code    74  util_queue.o(.text.queue_write)
    system_core_clock_update                 0x0800c7c9   Thumb Code   414  system_at32f403a_407.o(.text.system_core_clock_update)
    systick_clock_source_config              0x0800c969   Thumb Code    56  at32f403a_407_misc.o(.text.systick_clock_source_config)
    tm1680SendByte                           0x0800c9a1   Thumb Code   158  tm1680.o(.text.tm1680SendByte)
    tm1680Send_4bit                          0x0800ca41   Thumb Code   148  tm1680.o(.text.tm1680Send_4bit)
    tm1680_start                             0x0800cad5   Thumb Code    76  tm1680.o(.text.tm1680_start)
    tm1680_stop                              0x0800cb21   Thumb Code    78  tm1680.o(.text.tm1680_stop)
    tmr_base_init                            0x0800cb71   Thumb Code    34  at32f403a_407_tmr.o(.text.tmr_base_init)
    tmr_channel_value_set                    0x0800cb95   Thumb Code    82  at32f403a_407_tmr.o(.text.tmr_channel_value_set)
    tmr_clock_source_div_set                 0x0800cbe9   Thumb Code    34  at32f403a_407_tmr.o(.text.tmr_clock_source_div_set)
    tmr_cnt_dir_set                          0x0800cc0d   Thumb Code    34  at32f403a_407_tmr.o(.text.tmr_cnt_dir_set)
    tmr_counter_enable                       0x0800cc31   Thumb Code    26  at32f403a_407_tmr.o(.text.tmr_counter_enable)
    tmr_output_channel_buffer_enable         0x0800cc4d   Thumb Code   148  at32f403a_407_tmr.o(.text.tmr_output_channel_buffer_enable)
    tmr_output_channel_config                0x0800cce1   Thumb Code   534  at32f403a_407_tmr.o(.text.tmr_output_channel_config)
    tmr_output_channel_immediately_set       0x0800cef9   Thumb Code   148  at32f403a_407_tmr.o(.text.tmr_output_channel_immediately_set)
    tmr_period_buffer_enable                 0x0800cf8d   Thumb Code    34  at32f403a_407_tmr.o(.text.tmr_period_buffer_enable)
    tmr_primary_mode_select                  0x0800cfb1   Thumb Code    34  at32f403a_407_tmr.o(.text.tmr_primary_mode_select)
    tmr_sub_sync_mode_set                    0x0800cfd5   Thumb Code    34  at32f403a_407_tmr.o(.text.tmr_sub_sync_mode_set)
    tmt_init                                 0x0800d1b1   Thumb Code   118  tmt.o(.text.tmt_init)
    typec_display_handle                     0x0800d469   Thumb Code   120  lcd_handle.o(.text.typec_display_handle)
    update_perf_counter                      0x0800d4e1   Thumb Code   154  perf_counter.o(.text.update_perf_counter)
    usart_data_receive                       0x0800d57d   Thumb Code    14  at32f403a_407_usart.o(.text.usart_data_receive)
    usart_data_transmit                      0x0800d58d   Thumb Code    24  at32f403a_407_usart.o(.text.usart_data_transmit)
    usart_enable                             0x0800d5a5   Thumb Code    34  at32f403a_407_usart.o(.text.usart_enable)
    usart_flag_clear                         0x0800d5c9   Thumb Code    40  at32f403a_407_usart.o(.text.usart_flag_clear)
    usart_flag_get                           0x0800d5f1   Thumb Code    42  at32f403a_407_usart.o(.text.usart_flag_get)
    usart_hardware_flow_control_set          0x0800d61d   Thumb Code   144  at32f403a_407_usart.o(.text.usart_hardware_flow_control_set)
    usart_init                               0x0800d6ad   Thumb Code   254  at32f403a_407_usart.o(.text.usart_init)
    usart_parity_selection_config            0x0800d7ad   Thumb Code   110  at32f403a_407_usart.o(.text.usart_parity_selection_config)
    usart_receiveData                        0x0800d81d   Thumb Code   228  at32_usart.o(.text.usart_receiveData)
    usart_receiver_enable                    0x0800d901   Thumb Code    34  at32f403a_407_usart.o(.text.usart_receiver_enable)
    usart_sendData                           0x0800d925   Thumb Code   274  at32_usart.o(.text.usart_sendData)
    usart_transmitter_enable                 0x0800da39   Thumb Code    34  at32f403a_407_usart.o(.text.usart_transmitter_enable)
    usb_display_handle                       0x0800da5d   Thumb Code   120  lcd_handle.o(.text.usb_display_handle)
    vol_ec11_event_handle                    0x0800dad5   Thumb Code  1032  ec11_handle.o(.text.vol_ec11_event_handle)
    voltage_display_handle                   0x0800dedd   Thumb Code   292  lcd_handle.o(.text.voltage_display_handle)
    voltage_ec11_get_event                   0x0800e001   Thumb Code   686  ec11_handle.o(.text.voltage_ec11_get_event)
    voltage_transformer_control              0x0800e2b1   Thumb Code   242  work_handle.o(.text.voltage_transformer_control)
    wdt_counter_reload                       0x0800e3a5   Thumb Code    16  at32f403a_407_wdt.o(.text.wdt_counter_reload)
    wdt_divider_set                          0x0800e3b5   Thumb Code    30  at32f403a_407_wdt.o(.text.wdt_divider_set)
    wdt_register_write_enable                0x0800e3d5   Thumb Code    48  at32f403a_407_wdt.o(.text.wdt_register_write_enable)
    wdt_reload_value_set                     0x0800e405   Thumb Code    24  at32f403a_407_wdt.o(.text.wdt_reload_value_set)
    wk_adc1_init                             0x0800e41d   Thumb Code   326  wk_adc.o(.text.wk_adc1_init)
    wk_crc_init                              0x0800e565   Thumb Code    52  wk_crc.o(.text.wk_crc_init)
    wk_dac_init                              0x0800e599   Thumb Code   134  wk_dac.o(.text.wk_dac_init)
    wk_debug_config                          0x0800e621   Thumb Code    18  wk_debug.o(.text.wk_debug_config)
    wk_gpio_config                           0x0800e635   Thumb Code   448  wk_gpio.o(.text.wk_gpio_config)
    wk_nvic_config                           0x0800e7f5   Thumb Code   170  at32f403a_407_wk_config.o(.text.wk_nvic_config)
    wk_periph_clock_config                   0x0800e8a1   Thumb Code   128  at32f403a_407_wk_config.o(.text.wk_periph_clock_config)
    wk_system_clock_config                   0x0800e921   Thumb Code   176  at32f403a_407_wk_config.o(.text.wk_system_clock_config)
    wk_timebase_handler                      0x0800e9d1   Thumb Code     8  wk_system.o(.text.wk_timebase_handler)
    wk_timebase_increase                     0x0800e9d9   Thumb Code    16  wk_system.o(.text.wk_timebase_increase)
    wk_timebase_init                         0x0800e9e9   Thumb Code    90  wk_system.o(.text.wk_timebase_init)
    wk_tmr4_init                             0x0800ea45   Thumb Code   208  wk_tmr.o(.text.wk_tmr4_init)
    wk_usart1_init                           0x0800eb15   Thumb Code   170  wk_usart.o(.text.wk_usart1_init)
    wk_wdt_init                              0x0800ebc1   Thumb Code    28  wk_wdt.o(.text.wk_wdt_init)
    work_handle                              0x0800ebdd   Thumb Code    60  work_handle.o(.text.work_handle)
    work_task                                0x0800ec19   Thumb Code     8  main.o(.text.work_task)
    __scatterload_copy                       0x0800ec21   Thumb Code    14  handlers.o(i.__scatterload_copy)
    __scatterload_null                       0x0800ec2f   Thumb Code     2  handlers.o(i.__scatterload_null)
    __scatterload_zeroinit                   0x0800ec31   Thumb Code    14  handlers.o(i.__scatterload_zeroinit)
    EventRecorderInfo                        0x0800ec40   Data          24  eventrecorder.o(.rodata.EventRecorderInfo)
    Region$$Table$$Base                      0x0800ec98   Number         0  anon$$obj.o(Region$$Table)
    Region$$Table$$Limit                     0x0800ecb8   Number         0  anon$$obj.o(Region$$Table)
    SHT$$INIT_ARRAY$$Base                    0x0800ecb8   Number         0  perf_counter.o(.init_array)
    SHT$$INIT_ARRAY$$Limit                   0x0800ecbc   Number         0  cpp_init.o(.init_array)
    SystemCoreClock                          0x20000008   Data           4  system_at32f403a_407.o(.data.SystemCoreClock)
    current_ec11                             0x20000018   Data          56  encoderec11.o(.data.current_ec11)
    key_event                                0x20000058   Data          11  key_handle.o(.data.key_event)
    sbeep                                    0x2000011c   Data          16  beep.o(.data.sbeep)
    table                                    0x2000012c   Data          18  lcd_handle.o(.data.table)
    voltage_ec11                             0x20000144   Data          56  encoderec11.o(.data.voltage_ec11)
    ADC_CRT                                  0x20000180   Data          68  adc_filter.o(.bss.ADC_CRT)
    ADC_VTG                                  0x200001c4   Data          68  adc_filter.o(.bss.ADC_VTG)
    air_analyze_result                       0x2000021c   Data           1  ec11_handle.o(.bss.air_analyze_result)
    chUsart1RxBuffer                         0x2000021f   Data        1024  at32_usart.o(.bss.chUsart1RxBuffer)
    chUsart1TxBuffer                         0x2000061f   Data        1024  at32_usart.o(.bss.chUsart1TxBuffer)
    current_pid                              0x20000a38   Data          64  pid_handle.o(.bss.current_pid)
    g_lLastTimeStamp                         0x20000ae0   Data           8  perf_counter.o(.bss.g_lLastTimeStamp)
    g_nOffset                                0x20000ae8   Data           4  perf_counter.o(.bss.g_nOffset)
    iap_flag                                 0x20000aef   Data           1  iap.o(.bss.iap_flag)
    pc_data                                  0x20001048   Data         532  pc_comm_handle.o(.bss.pc_data)
    pc_event                                 0x2000125c   Data           1  pc_comm_handle.o(.bss.pc_event)
    ps305d                                   0x20001260   Data         144  ps305d_handle.o(.bss.ps305d)
    tUart4Buffer                             0x20001328   Data          36  at32_usart.o(.bss.tUart4Buffer)
    tUart5Buffer                             0x2000134c   Data          36  at32_usart.o(.bss.tUart5Buffer)
    tUsart1Buffer                            0x20001370   Data          36  at32_usart.o(.bss.tUsart1Buffer)
    tUsart2Buffer                            0x20001394   Data          36  at32_usart.o(.bss.tUsart2Buffer)
    tUsart3Buffer                            0x200013b8   Data          36  at32_usart.o(.bss.tUsart3Buffer)
    temp_analyze_result                      0x200013dc   Data           1  ec11_handle.o(.bss.temp_analyze_result)
    timebase_ticks                           0x200013e0   Data           4  wk_system.o(.bss.timebase_ticks)
    tmt                                      0x200013e4   Data          24  tmt.o(.bss.tmt)
    voltage_pid                              0x200013fc   Data          64  pid_handle.o(.bss.voltage_pid)
    __initial_sp                             0x20001840   Data           0  startup_at32f403a_407.o(STACK)



==============================================================================

Memory Map of the image

  Image Entry point : 0x08004185

  Load Region LR_IROM1 (Base: 0x08004000, Size: 0x0000ae40, Max: 0x00100000, ABSOLUTE, COMPRESSED[0x0000ad80])

    Execution Region ER_IROM1 (Exec base: 0x08004000, Load base: 0x08004000, Size: 0x0000acbc, Max: 0x00100000, ABSOLUTE)

    Exec Addr    Load Addr    Size         Type   Attr      Idx    E Section Name        Object

    0x08004000   0x08004000   0x00000184   Data   RO          836    RESET               startup_at32f403a_407.o
    0x08004184   0x08004184   0x00000000   Code   RO         1564  * .ARM.Collect$$$$00000000  mc_w.l(entry.o)
    0x08004184   0x08004184   0x00000004   Code   RO         1661    .ARM.Collect$$$$00000001  mc_w.l(entry2.o)
    0x08004188   0x08004188   0x00000004   Code   RO         1664    .ARM.Collect$$$$00000004  mc_w.l(entry5.o)
    0x0800418c   0x0800418c   0x00000000   Code   RO         1666    .ARM.Collect$$$$00000008  mc_w.l(entry7b.o)
    0x0800418c   0x0800418c   0x00000004   Code   RO         1667    .ARM.Collect$$$$00000009  mc_w.l(entry8a.o)
    0x08004190   0x08004190   0x00000000   Code   RO         1668    .ARM.Collect$$$$0000000A  mc_w.l(entry8b.o)
    0x08004190   0x08004190   0x00000008   Code   RO         1669    .ARM.Collect$$$$0000000B  mc_w.l(entry9a.o)
    0x08004198   0x08004198   0x00000000   Code   RO         1671    .ARM.Collect$$$$0000000D  mc_w.l(entry10a.o)
    0x08004198   0x08004198   0x00000000   Code   RO         1673    .ARM.Collect$$$$0000000F  mc_w.l(entry11a.o)
    0x08004198   0x08004198   0x00000004   Code   RO         1662    .ARM.Collect$$$$00002712  mc_w.l(entry2.o)
    0x0800419c   0x0800419c   0x00000024   Code   RO          837    .text               startup_at32f403a_407.o
    0x080041c0   0x080041c0   0x0000001c   Code   RO         1546    .text               systick_wrapper_gnu.o
    0x080041dc   0x080041dc   0x00000062   Code   RO         1567    .text               mc_w.l(ldiv.o)
    0x0800423e   0x0800423e   0x00000024   Code   RO         1571    .text               mc_w.l(memseta.o)
    0x08004262   0x08004262   0x00000002   PAD
    0x08004264   0x08004264   0x00000028   Code   RO         1608    .text               mc_w.l(cpp_init.o)
    0x0800428c   0x0800428c   0x0000014e   Code   RO         1610    .text               mf_w.l(dadd.o)
    0x080043da   0x080043da   0x000000e4   Code   RO         1612    .text               mf_w.l(dmul.o)
    0x080044be   0x080044be   0x000000de   Code   RO         1614    .text               mf_w.l(ddiv.o)
    0x0800459c   0x0800459c   0x00000022   Code   RO         1620    .text               mf_w.l(dflti.o)
    0x080045be   0x080045be   0x0000001a   Code   RO         1622    .text               mf_w.l(dfltui.o)
    0x080045d8   0x080045d8   0x0000003e   Code   RO         1624    .text               mf_w.l(dfixi.o)
    0x08004616   0x08004616   0x00000026   Code   RO         1626    .text               mf_w.l(f2d.o)
    0x0800463c   0x0800463c   0x00000038   Code   RO         1628    .text               mf_w.l(d2f.o)
    0x08004674   0x08004674   0x00000062   Code   RO         1691    .text               mc_w.l(uldiv.o)
    0x080046d6   0x080046d6   0x0000001e   Code   RO         1693    .text               mc_w.l(llshl.o)
    0x080046f4   0x080046f4   0x00000020   Code   RO         1695    .text               mc_w.l(llushr.o)
    0x08004714   0x08004714   0x00000024   Code   RO         1697    .text               mc_w.l(llsshr.o)
    0x08004738   0x08004738   0x00000000   Code   RO         1708    .text               mc_w.l(iusefp.o)
    0x08004738   0x08004738   0x0000006e   Code   RO         1713    .text               mf_w.l(fepilogue.o)
    0x080047a6   0x080047a6   0x000000ba   Code   RO         1715    .text               mf_w.l(depilogue.o)
    0x08004860   0x08004860   0x00000030   Code   RO         1725    .text               mc_w.l(init.o)
    0x08004890   0x08004890   0x00000056   Code   RO         1752    .text               mc_w.l(__dczerorl2.o)
    0x080048e6   0x080048e6   0x00000002   PAD
    0x080048e8   0x080048e8   0x000000b8   Code   RO         1306    .text.ACK           tm1680.o
    0x080049a0   0x080049a0   0x00000078   Code   RO         1061    .text.Actual_Current_display  lcd_handle.o
    0x08004a18   0x08004a18   0x000000aa   Code   RO         1067    .text.Actual_Typec_Current_display  lcd_handle.o
    0x08004ac2   0x08004ac2   0x00000002   PAD
    0x08004ac4   0x08004ac4   0x000000aa   Code   RO         1069    .text.Actual_Typec_Voltage_display  lcd_handle.o
    0x08004b6e   0x08004b6e   0x00000002   PAD
    0x08004b70   0x08004b70   0x000000aa   Code   RO         1071    .text.Actual_Usb_Current_display  lcd_handle.o
    0x08004c1a   0x08004c1a   0x00000002   PAD
    0x08004c1c   0x08004c1c   0x000000aa   Code   RO         1073    .text.Actual_Usb_Voltage_display  lcd_handle.o
    0x08004cc6   0x08004cc6   0x00000002   PAD
    0x08004cc8   0x08004cc8   0x00000076   Code   RO         1065    .text.Actual_Voltage_display  lcd_handle.o
    0x08004d3e   0x08004d3e   0x00000002   PAD
    0x08004d40   0x08004d40   0x00000042   Code   RO         1191    .text.BSP_UsartInit  at32_usart.o
    0x08004d82   0x08004d82   0x00000002   PAD
    0x08004d84   0x08004d84   0x000000fc   Code   RO         1243    .text.BeepProc      beep.o
    0x08004e80   0x08004e80   0x00000004   Code   RO           62    .text.BusFault_Handler  at32f403a_407_int.o
    0x08004e84   0x08004e84   0x00000040   Code   RO         1104    .text.CC_CV_OCP_handle  work_handle.o
    0x08004ec4   0x08004ec4   0x000000a2   Code   RO         1108    .text.CC_handle     work_handle.o
    0x08004f66   0x08004f66   0x00000002   PAD
    0x08004f68   0x08004f68   0x000000a0   Code   RO         1106    .text.CV_handle     work_handle.o
    0x08005008   0x08005008   0x000002d2   Code   RO         1098    .text.Check_Ammeter  work_handle.o
    0x080052da   0x080052da   0x00000002   PAD
    0x080052dc   0x080052dc   0x00000040   Code   RO         1146    .text.Compensator_Init  pid_handle.o
    0x0800531c   0x0800531c   0x00000002   Code   RO           68    .text.DebugMon_Handler  at32f403a_407_int.o
    0x0800531e   0x0800531e   0x00000002   PAD
    0x08005320   0x08005320   0x00000046   Code   RO         1322    .text.Disp_one_person  tm1680.o
    0x08005366   0x08005366   0x00000002   PAD
    0x08005368   0x08005368   0x00000232   Code   RO         1260    .text.EC11_Analyze  encoderec11.o
    0x0800559a   0x0800559a   0x00000002   PAD
    0x0800559c   0x0800559c   0x00000032   Code   RO         1262    .text.EC11_CheckRotationSpeed  encoderec11.o
    0x080055ce   0x080055ce   0x00000002   PAD
    0x080055d0   0x080055d0   0x00000020   Code   RO         1258    .text.EC11_ReadPin  encoderec11.o
    0x080055f0   0x080055f0   0x00000022   Code   RO         1264    .text.EC11_ResetKeyState  encoderec11.o
    0x08005612   0x08005612   0x00000002   PAD
    0x08005614   0x08005614   0x000002b4   Code   RO         1256    .text.EC11_Scan     encoderec11.o
    0x080058c8   0x080058c8   0x0000009a   Code   RO         1379    .text.EventGetTS    eventrecorder.o
    0x08005962   0x08005962   0x00000002   PAD
    0x08005964   0x08005964   0x000000f0   Code   RO         1381    .text.EventRecordItem  eventrecorder.o
    0x08005a54   0x08005a54   0x00000092   Code   RO         1377    .text.EventRecorderEnable  eventrecorder.o
    0x08005ae6   0x08005ae6   0x00000002   PAD
    0x08005ae8   0x08005ae8   0x000001b8   Code   RO         1373    .text.EventRecorderInitialize  eventrecorder.o
    0x08005ca0   0x08005ca0   0x0000004a   Code   RO         1383    .text.EventRecorderStart  eventrecorder.o
    0x08005cea   0x08005cea   0x00000002   PAD
    0x08005cec   0x08005cec   0x00000008   Code   RO         1472    .text.EventRecorderTimerGetCount  perf_counter.o
    0x08005cf4   0x08005cf4   0x00000008   Code   RO         1470    .text.EventRecorderTimerGetFreq  perf_counter.o
    0x08005cfc   0x08005cfc   0x00000004   Code   RO         1468    .text.EventRecorderTimerSetup  perf_counter.o
    0x08005d00   0x08005d00   0x000000f8   Code   RO         1102    .text.FAN_Control   work_handle.o
    0x08005df8   0x08005df8   0x00000012   Code   RO         1403    .text.GetRecordIndex  eventrecorder.o
    0x08005e0a   0x08005e0a   0x00000002   PAD
    0x08005e0c   0x08005e0c   0x00000004   Code   RO           58    .text.HardFault_Handler  at32f403a_407_int.o
    0x08005e10   0x08005e10   0x00000012   Code   RO         1411    .text.IncrementRecordsDumped  eventrecorder.o
    0x08005e22   0x08005e22   0x00000002   PAD
    0x08005e24   0x08005e24   0x00000012   Code   RO         1409    .text.IncrementRecordsWritten  eventrecorder.o
    0x08005e36   0x08005e36   0x00000002   PAD
    0x08005e38   0x08005e38   0x0000008c   Code   RO         1405    .text.LockRecord    eventrecorder.o
    0x08005ec4   0x08005ec4   0x00000004   Code   RO           60    .text.MemManage_Handler  at32f403a_407_int.o
    0x08005ec8   0x08005ec8   0x00000002   Code   RO           56    .text.NMI_Handler   at32f403a_407_int.o
    0x08005eca   0x08005eca   0x00000002   PAD
    0x08005ecc   0x08005ecc   0x0000006c   Code   RO           45    .text.NVIC_EncodePriority  at32f403a_407_wk_config.o
    0x08005f38   0x08005f38   0x0000001c   Code   RO           16    .text.Output_task   main.o
    0x08005f54   0x08005f54   0x00000164   Code   RO         1034    .text.PS305D_init   ps305d_handle.o
    0x080060b8   0x080060b8   0x00000002   Code   RO           70    .text.PendSV_Handler  at32f403a_407_int.o
    0x080060ba   0x080060ba   0x00000002   PAD
    0x080060bc   0x080060bc   0x0000010a   Code   RO         1160    .text.Power_Output_Control_Loop  output_handle.o
    0x080061c6   0x080061c6   0x00000002   PAD
    0x080061c8   0x080061c8   0x0000010a   Code   RO          884    .text.RecvDataFromPC  pc_comm_handle.o
    0x080062d2   0x080062d2   0x00000002   PAD
    0x080062d4   0x080062d4   0x00000002   Code   RO           66    .text.SVC_Handler   at32f403a_407_int.o
    0x080062d6   0x080062d6   0x00000002   PAD
    0x080062d8   0x080062d8   0x0000040c   Code   RO         1059    .text.Set_Current_display  lcd_handle.o
    0x080066e4   0x080066e4   0x000003fe   Code   RO         1063    .text.Set_Voltage_display  lcd_handle.o
    0x08006ae2   0x08006ae2   0x00000002   PAD
    0x08006ae4   0x08006ae4   0x000000a0   Code   RO           72    .text.SysTick_Handler  at32f403a_407_int.o
    0x08006b84   0x08006b84   0x000000a8   Code   RO          844    .text.SystemInit    system_at32f403a_407.o
    0x08006c2c   0x08006c2c   0x0000005a   Code   RO         1326    .text.TM1680Init    tm1680.o
    0x08006c86   0x08006c86   0x00000002   PAD
    0x08006c88   0x08006c88   0x0000006a   Code   RO         1324    .text.TM1680PageAllWrite  tm1680.o
    0x08006cf2   0x08006cf2   0x00000002   PAD
    0x08006cf4   0x08006cf4   0x00000032   Code   RO         1318    .text.TM1680Write4bit  tm1680.o
    0x08006d26   0x08006d26   0x00000002   PAD
    0x08006d28   0x08006d28   0x0000003e   Code   RO         1320    .text.TM1680WriteByte  tm1680.o
    0x08006d66   0x08006d66   0x00000002   PAD
    0x08006d68   0x08006d68   0x000000c2   Code   RO         1199    .text.USART1_IRQHandler  at32_usart.o
    0x08006e2a   0x08006e2a   0x00000002   PAD
    0x08006e2c   0x08006e2c   0x0000005e   Code   RO         1197    .text.USART1_TimeOutCounter  at32_usart.o
    0x08006e8a   0x08006e8a   0x00000002   PAD
    0x08006e8c   0x08006e8c   0x00000056   Code   RO         1407    .text.UnlockRecord  eventrecorder.o
    0x08006ee2   0x08006ee2   0x00000002   PAD
    0x08006ee4   0x08006ee4   0x00000004   Code   RO           64    .text.UsageFault_Handler  at32f403a_407_int.o
    0x08006ee8   0x08006ee8   0x0000015a   Code   RO          886    .text.WriteDataToPC  pc_comm_handle.o
    0x08007042   0x08007042   0x00000002   PAD
    0x08007044   0x08007044   0x00000010   Code   RO           47    .text.__NVIC_GetPriorityGrouping  at32f403a_407_wk_config.o
    0x08007054   0x08007054   0x00000042   Code   RO           43    .text.__NVIC_SetPriority  at32f403a_407_wk_config.o
    0x08007096   0x08007096   0x00000002   PAD
    0x08007098   0x08007098   0x0000003c   Code   RO          774    .text.__NVIC_SetPriorityGrouping  at32f403a_407_misc.o
    0x080070d4   0x080070d4   0x00000026   Code   RO          756    .text.__NVIC_SystemReset  at32f403a_407_misc.o
    0x080070fa   0x080070fa   0x00000002   PAD
    0x080070fc   0x080070fc   0x0000000a   Code   RO         1444    .text.__perf_counter_init  perf_counter.o
    0x08007106   0x08007106   0x00000002   PAD
    0x08007108   0x08007108   0x00000002   Code   RO         1434    .text.__perf_os_patch_init  perf_counter.o
    0x0800710a   0x0800710a   0x00000002   PAD
    0x0800710c   0x0800710c   0x00000064   Code   RO          531    .text.adc_base_config  at32f403a_407_adc.o
    0x08007170   0x08007170   0x0000001c   Code   RO          529    .text.adc_base_default_para_init  at32f403a_407_adc.o
    0x0800718c   0x0800718c   0x00000012   Code   RO          537    .text.adc_calibration_init  at32f403a_407_adc.o
    0x0800719e   0x0800719e   0x00000002   PAD
    0x080071a0   0x080071a0   0x00000028   Code   RO          539    .text.adc_calibration_init_status_get  at32f403a_407_adc.o
    0x080071c8   0x080071c8   0x00000012   Code   RO          541    .text.adc_calibration_start  at32f403a_407_adc.o
    0x080071da   0x080071da   0x00000002   PAD
    0x080071dc   0x080071dc   0x00000028   Code   RO          543    .text.adc_calibration_status_get  at32f403a_407_adc.o
    0x08007204   0x08007204   0x00000026   Code   RO          527    .text.adc_combine_mode_select  at32f403a_407_adc.o
    0x0800722a   0x0800722a   0x00000002   PAD
    0x0800722c   0x0800722c   0x0000001a   Code   RO          525    .text.adc_enable    at32f403a_407_adc.o
    0x08007246   0x08007246   0x00000002   PAD
    0x08007248   0x08007248   0x00000034   Code   RO          587    .text.adc_flag_get  at32f403a_407_adc.o
    0x0800727c   0x0800727c   0x00000162   Code   RO          551    .text.adc_ordinary_channel_set  at32f403a_407_adc.o
    0x080073de   0x080073de   0x00000002   PAD
    0x080073e0   0x080073e0   0x0000000e   Code   RO          581    .text.adc_ordinary_conversion_data_get  at32f403a_407_adc.o
    0x080073ee   0x080073ee   0x00000002   PAD
    0x080073f0   0x080073f0   0x00000074   Code   RO          557    .text.adc_ordinary_conversion_trigger_set  at32f403a_407_adc.o
    0x08007464   0x08007464   0x00000022   Code   RO          565    .text.adc_ordinary_part_mode_enable  at32f403a_407_adc.o
    0x08007486   0x08007486   0x00000002   PAD
    0x08007488   0x08007488   0x00000022   Code   RO          573    .text.adc_ordinary_software_trigger_enable  at32f403a_407_adc.o
    0x080074aa   0x080074aa   0x00000002   PAD
    0x080074ac   0x080074ac   0x00000060   Code   RO         1401    .text.atomic_cmp_xch_32  eventrecorder.o
    0x0800750c   0x0800750c   0x0000004c   Code   RO         1413    .text.atomic_inc_32  eventrecorder.o
    0x08007558   0x08007558   0x00000014   Code   RO         1241    .text.beep_off      beep.o
    0x0800756c   0x0800756c   0x00000014   Code   RO         1239    .text.beep_on       beep.o
    0x08007580   0x08007580   0x000000ce   Code   RO           14    .text.beep_task     main.o
    0x0800764e   0x0800764e   0x00000002   PAD
    0x08007650   0x08007650   0x00000020   Code   RO         1162    .text.check_compensation  output_handle.o
    0x08007670   0x08007670   0x00000456   Code   RO          962    .text.check_data_all  flash_handle.o
    0x08007ac6   0x08007ac6   0x00000002   PAD
    0x08007ac8   0x08007ac8   0x00000042   Code   RO         1450    .text.check_systick  perf_counter.o
    0x08007b0a   0x08007b0a   0x00000006   PAD
    0x08007b10   0x08007b10   0x000000e0   Code   RO          911    .text.collect_current  collect_data_handle.o
    0x08007bf0   0x08007bf0   0x00000024   Code   RO          907    .text.collect_data_handle  collect_data_handle.o
    0x08007c14   0x08007c14   0x00000008   Code   RO           20    .text.collect_data_task  main.o
    0x08007c1c   0x08007c1c   0x00000004   PAD
    0x08007c20   0x08007c20   0x000002d8   Code   RO          913    .text.collect_typec_usb_data  collect_data_handle.o
    0x08007ef8   0x08007ef8   0x000000e0   Code   RO          909    .text.collect_voltage  collect_data_handle.o
    0x08007fd8   0x08007fd8   0x000000e2   Code   RO         1201    .text.convert_data  at32_usart.o
    0x080080ba   0x080080ba   0x00000002   PAD
    0x080080bc   0x080080bc   0x00000082   Code   RO         1375    .text.crc16_ccitt   eventrecorder.o
    0x0800813e   0x0800813e   0x00000002   PAD
    0x08008140   0x08008140   0x00000042   Code   RO          706    .text.crc_block_calculate  at32f403a_407_crc.o
    0x08008182   0x08008182   0x00000002   PAD
    0x08008184   0x08008184   0x00000012   Code   RO          702    .text.crc_data_reset  at32f403a_407_crc.o
    0x08008196   0x08008196   0x00000002   PAD
    0x08008198   0x08008198   0x00000014   Code   RO          714    .text.crc_init_data_set  at32f403a_407_crc.o
    0x080081ac   0x080081ac   0x00000026   Code   RO          724    .text.crc_poly_size_set  at32f403a_407_crc.o
    0x080081d2   0x080081d2   0x00000002   PAD
    0x080081d4   0x080081d4   0x00000014   Code   RO          720    .text.crc_poly_value_set  at32f403a_407_crc.o
    0x080081e8   0x080081e8   0x00000026   Code   RO          716    .text.crc_reverse_input_data_set  at32f403a_407_crc.o
    0x0800820e   0x0800820e   0x00000002   PAD
    0x08008210   0x08008210   0x00000026   Code   RO          718    .text.crc_reverse_output_data_set  at32f403a_407_crc.o
    0x08008236   0x08008236   0x00000002   PAD
    0x08008238   0x08008238   0x00000034   Code   RO          216    .text.crm_adc_clock_div_set  at32f403a_407_crm.o
    0x0800826c   0x0800826c   0x00000026   Code   RO          210    .text.crm_ahb_div_set  at32f403a_407_crm.o
    0x08008292   0x08008292   0x00000002   PAD
    0x08008294   0x08008294   0x00000026   Code   RO          212    .text.crm_apb1_div_set  at32f403a_407_crm.o
    0x080082ba   0x080082ba   0x00000002   PAD
    0x080082bc   0x080082bc   0x00000026   Code   RO          214    .text.crm_apb2_div_set  at32f403a_407_crm.o
    0x080082e2   0x080082e2   0x00000002   PAD
    0x080082e4   0x080082e4   0x00000038   Code   RO          236    .text.crm_auto_step_mode_enable  at32f403a_407_crm.o
    0x0800831c   0x0800831c   0x000000a6   Code   RO          202    .text.crm_clock_source_enable  at32f403a_407_crm.o
    0x080083c2   0x080083c2   0x00000002   PAD
    0x080083c4   0x080083c4   0x000001e0   Code   RO          230    .text.crm_clocks_freq_get  at32f403a_407_crm.o
    0x080085a4   0x080085a4   0x0000003e   Code   RO          186    .text.crm_flag_get  at32f403a_407_crm.o
    0x080085e2   0x080085e2   0x00000002   PAD
    0x080085e4   0x080085e4   0x00000064   Code   RO          190    .text.crm_hext_stable_wait  at32f403a_407_crm.o
    0x08008648   0x08008648   0x00000052   Code   RO          196    .text.crm_periph_clock_enable  at32f403a_407_crm.o
    0x0800869a   0x0800869a   0x00000002   PAD
    0x0800869c   0x0800869c   0x000000bc   Code   RO          224    .text.crm_pll_config  at32f403a_407_crm.o
    0x08008758   0x08008758   0x0000008a   Code   RO          180    .text.crm_reset     at32f403a_407_crm.o
    0x080087e2   0x080087e2   0x00000002   PAD
    0x080087e4   0x080087e4   0x00000046   Code   RO          226    .text.crm_sysclk_switch  at32f403a_407_crm.o
    0x0800882a   0x0800882a   0x00000002   PAD
    0x0800882c   0x0800882c   0x00000010   Code   RO          228    .text.crm_sysclk_switch_status_get  at32f403a_407_crm.o
    0x0800883c   0x0800883c   0x000002c4   Code   RO          935    .text.cur_ec11_event_handle  ec11_handle.o
    0x08008b00   0x08008b00   0x00000150   Code   RO         1049    .text.current_display_handle  lcd_handle.o
    0x08008c50   0x08008c50   0x000002c6   Code   RO          933    .text.current_ec11_get_event  ec11_handle.o
    0x08008f16   0x08008f16   0x00000002   PAD
    0x08008f18   0x08008f18   0x00000014   Code   RO          811    .text.dac_1_data_set  at32f403a_407_dac.o
    0x08008f2c   0x08008f2c   0x00000014   Code   RO          813    .text.dac_2_data_set  at32f403a_407_dac.o
    0x08008f40   0x08008f40   0x0000003a   Code   RO         1166    .text.dac_buffer_auto_switch  output_handle.o
    0x08008f7a   0x08008f7a   0x00000002   PAD
    0x08008f7c   0x08008f7c   0x0000005a   Code   RO          791    .text.dac_enable    at32f403a_407_dac.o
    0x08008fd6   0x08008fd6   0x00000002   PAD
    0x08008fd8   0x08008fd8   0x00000070   Code   RO          793    .text.dac_output_buffer_enable  at32f403a_407_dac.o
    0x08009048   0x08009048   0x00000318   Code   RO         1164    .text.dac_output_control  output_handle.o
    0x08009360   0x08009360   0x00000062   Code   RO          795    .text.dac_trigger_enable  at32f403a_407_dac.o
    0x080093c2   0x080093c2   0x00000002   PAD
    0x080093c4   0x080093c4   0x00000056   Code   RO          954    .text.data_check_len  flash_handle.o
    0x0800941a   0x0800941a   0x00000002   PAD
    0x0800941c   0x0800941c   0x0000003e   Code   RO         1047    .text.data_display_state  lcd_handle.o
    0x0800945a   0x0800945a   0x00000002   PAD
    0x0800945c   0x0800945c   0x00000094   Code   RO         1448    .text.delay_ms      perf_counter.o
    0x080094f0   0x080094f0   0x00000094   Code   RO         1446    .text.delay_us      perf_counter.o
    0x08009584   0x08009584   0x00000070   Code   RO          927    .text.ec11_handle   ec11_handle.o
    0x080095f4   0x080095f4   0x00000002   Code   RO           12    .text.ec11_task     main.o
    0x080095f6   0x080095f6   0x00000002   PAD
    0x080095f8   0x080095f8   0x00000026   Code   RO            6    .text.feed_dog_task  main.o
    0x0800961e   0x0800961e   0x00000002   PAD
    0x08009620   0x08009620   0x00000068   Code   RO         1337    .text.filter_init   adc_filter.o
    0x08009688   0x08009688   0x00000068   Code   RO          606    .text.flash_bank1_operation_status_get  at32f403a_407_flash.o
    0x080096f0   0x080096f0   0x0000005c   Code   RO          614    .text.flash_bank1_operation_wait_for  at32f403a_407_flash.o
    0x0800974c   0x0800974c   0x00000068   Code   RO          608    .text.flash_bank2_operation_status_get  at32f403a_407_flash.o
    0x080097b4   0x080097b4   0x0000005c   Code   RO          616    .text.flash_bank2_operation_wait_for  at32f403a_407_flash.o
    0x08009810   0x08009810   0x000000f2   Code   RO          654    .text.flash_halfword_program  at32f403a_407_flash.o
    0x08009902   0x08009902   0x00000002   PAD
    0x08009904   0x08009904   0x00000a88   Code   RO          952    .text.flash_handle  flash_handle.o
    0x0800a38c   0x0800a38c   0x00000022   Code   RO          628    .text.flash_lock    at32f403a_407_flash.o
    0x0800a3ae   0x0800a3ae   0x00000002   PAD
    0x0800a3b0   0x0800a3b0   0x00000032   Code   RO         1284    .text.flash_read_halfword  flash.o
    0x0800a3e2   0x0800a3e2   0x00000002   PAD
    0x0800a3e4   0x0800a3e4   0x00000112   Code   RO          636    .text.flash_sector_erase  at32f403a_407_flash.o
    0x0800a4f6   0x0800a4f6   0x00000002   PAD
    0x0800a4f8   0x0800a4f8   0x0000001c   Code   RO          638    .text.flash_spim_dummy_read  at32f403a_407_flash.o
    0x0800a514   0x0800a514   0x00000068   Code   RO          610    .text.flash_spim_operation_status_get  at32f403a_407_flash.o
    0x0800a57c   0x0800a57c   0x0000005c   Code   RO          618    .text.flash_spim_operation_wait_for  at32f403a_407_flash.o
    0x0800a5d8   0x0800a5d8   0x00000008   Code   RO           24    .text.flash_task    main.o
    0x0800a5e0   0x0800a5e0   0x0000002a   Code   RO          620    .text.flash_unlock  at32f403a_407_flash.o
    0x0800a60a   0x0800a60a   0x00000002   PAD
    0x0800a60c   0x0800a60c   0x000000ea   Code   RO          652    .text.flash_word_program  at32f403a_407_flash.o
    0x0800a6f6   0x0800a6f6   0x00000002   PAD
    0x0800a6f8   0x0800a6f8   0x00000030   Code   RO         1008    .text.get_a_limin   key_handle.o
    0x0800a728   0x0800a728   0x0000004e   Code   RO         1339    .text.get_adcval    adc_filter.o
    0x0800a776   0x0800a776   0x00000002   PAD
    0x0800a778   0x0800a778   0x000000c6   Code   RO         1341    .text.get_adcval_average  adc_filter.o
    0x0800a83e   0x0800a83e   0x00000002   PAD
    0x0800a840   0x0800a840   0x00000030   Code   RO         1014    .text.get_cc_cv     key_handle.o
    0x0800a870   0x0800a870   0x00000030   Code   RO         1016    .text.get_cont_ocp  key_handle.o
    0x0800a8a0   0x0800a8a0   0x0000016a   Code   RO          956    .text.get_data_from_a  flash_handle.o
    0x0800aa0a   0x0800aa0a   0x00000002   PAD
    0x0800aa0c   0x0800aa0c   0x0000016a   Code   RO          958    .text.get_data_from_b  flash_handle.o
    0x0800ab76   0x0800ab76   0x00000002   PAD
    0x0800ab78   0x0800ab78   0x00000062   Code   RO         1043    .text.get_digit     lcd_handle.o
    0x0800abda   0x0800abda   0x00000002   PAD
    0x0800abdc   0x0800abdc   0x0000088a   Code   RO          998    .text.get_key       key_handle.o
    0x0800b466   0x0800b466   0x00000002   PAD
    0x0800b468   0x0800b468   0x00000030   Code   RO         1000    .text.get_mod1      key_handle.o
    0x0800b498   0x0800b498   0x00000030   Code   RO         1002    .text.get_mod2      key_handle.o
    0x0800b4c8   0x0800b4c8   0x00000030   Code   RO         1004    .text.get_mod3      key_handle.o
    0x0800b4f8   0x0800b4f8   0x00000030   Code   RO         1006    .text.get_mod4      key_handle.o
    0x0800b528   0x0800b528   0x00000030   Code   RO         1018    .text.get_once_ocp  key_handle.o
    0x0800b558   0x0800b558   0x00000030   Code   RO         1020    .text.get_output    key_handle.o
    0x0800b588   0x0800b588   0x0000002e   Code   RO         1012    .text.get_reach_5v  key_handle.o
    0x0800b5b6   0x0800b5b6   0x00000002   PAD
    0x0800b5b8   0x0800b5b8   0x00000072   Code   RO          960    .text.get_reset_data  flash_handle.o
    0x0800b62a   0x0800b62a   0x00000002   PAD
    0x0800b62c   0x0800b62c   0x00000090   Code   RO         1438    .text.get_system_ticks  perf_counter.o
    0x0800b6bc   0x0800b6bc   0x00000030   Code   RO         1010    .text.get_v_limin   key_handle.o
    0x0800b6ec   0x0800b6ec   0x00000014   Code   RO          400    .text.gpio_bits_reset  at32f403a_407_gpio.o
    0x0800b700   0x0800b700   0x00000014   Code   RO          398    .text.gpio_bits_set  at32f403a_407_gpio.o
    0x0800b714   0x0800b714   0x00000026   Code   RO          388    .text.gpio_default_para_init  at32f403a_407_gpio.o
    0x0800b73a   0x0800b73a   0x00000002   PAD
    0x0800b73c   0x0800b73c   0x00000140   Code   RO          386    .text.gpio_init     at32f403a_407_gpio.o
    0x0800b87c   0x0800b87c   0x00000036   Code   RO          390    .text.gpio_input_data_bit_read  at32f403a_407_gpio.o
    0x0800b8b2   0x0800b8b2   0x00000002   PAD
    0x0800b8b4   0x0800b8b4   0x00000096   Code   RO          416    .text.gpio_pin_remap_config  at32f403a_407_gpio.o
    0x0800b94a   0x0800b94a   0x00000002   PAD
    0x0800b94c   0x0800b94c   0x00000042   Code   RO          136    .text.iap_command_handle  iap.o
    0x0800b98e   0x0800b98e   0x00000002   PAD
    0x0800b990   0x0800b990   0x00000032   Code   RO          138    .text.iap_init      iap.o
    0x0800b9c2   0x0800b9c2   0x00000002   PAD
    0x0800b9c4   0x0800b9c4   0x00000008   Code   RO            4    .text.iap_task      main.o
    0x0800b9cc   0x0800b9cc   0x000000a4   Code   RO         1440    .text.init_cycle_counter  perf_counter.o
    0x0800ba70   0x0800ba70   0x000000fa   Code   RO         1293    .text.key_event_check  key.o
    0x0800bb6a   0x0800bb6a   0x00000002   PAD
    0x0800bb6c   0x0800bb6c   0x00000008   Code   RO          996    .text.key_handle    key_handle.o
    0x0800bb74   0x0800bb74   0x00000008   Code   RO           18    .text.key_task      main.o
    0x0800bb7c   0x0800bb7c   0x0000005a   Code   RO         1045    .text.lcd_handle    lcd_handle.o
    0x0800bbd6   0x0800bbd6   0x00000002   PAD
    0x0800bbd8   0x0800bbd8   0x00000008   Code   RO           10    .text.lcd_task      main.o
    0x0800bbe0   0x0800bbe0   0x00000386   Code   RO         1057    .text.led_display_handle  lcd_handle.o
    0x0800bf66   0x0800bf66   0x00000002   PAD
    0x0800bf68   0x0800bf68   0x000001a8   Code   RO            2    .text.main          main.o
    0x0800c110   0x0800c110   0x000000a6   Code   RO         1343    .text.move_average_filter  adc_filter.o
    0x0800c1b6   0x0800c1b6   0x00000002   PAD
    0x0800c1b8   0x0800c1b8   0x00000014   Code   RO          772    .text.nvic_priority_group_config  at32f403a_407_misc.o
    0x0800c1cc   0x0800c1cc   0x00000004   Code   RO          754    .text.nvic_system_reset  at32f403a_407_misc.o
    0x0800c1d0   0x0800c1d0   0x00000024   Code   RO          776    .text.nvic_vector_table_set  at32f403a_407_misc.o
    0x0800c1f4   0x0800c1f4   0x000000be   Code   RO         1110    .text.ocp_handle    work_handle.o
    0x0800c2b2   0x0800c2b2   0x00000002   PAD
    0x0800c2b4   0x0800c2b4   0x000000de   Code   RO         1100    .text.output_control  work_handle.o
    0x0800c392   0x0800c392   0x00000002   PAD
    0x0800c394   0x0800c394   0x00000038   Code   RO          880    .text.pc_comm_handle  pc_comm_handle.o
    0x0800c3cc   0x0800c3cc   0x00000078   Code   RO          882    .text.pc_event_handle  pc_comm_handle.o
    0x0800c444   0x0800c444   0x00000008   Code   RO            8    .text.pc_task       main.o
    0x0800c44c   0x0800c44c   0x00000010   Code   RO         1534    .text.perfc_port_clear_system_timer_ovf_pending  perfc_port_default.o
    0x0800c45c   0x0800c45c   0x00000014   Code   RO         1428    .text.perfc_port_disable_global_interrupt  perf_counter.o
    0x0800c470   0x0800c470   0x00000014   Code   RO         1522    .text.perfc_port_disable_global_interrupt  perfc_port_default.o
    0x0800c484   0x0800c484   0x00000020   Code   RO         1532    .text.perfc_port_get_system_timer_elapsed  perfc_port_default.o
    0x0800c4a4   0x0800c4a4   0x0000000c   Code   RO         1526    .text.perfc_port_get_system_timer_freq  perfc_port_default.o
    0x0800c4b0   0x0800c4b0   0x0000000e   Code   RO         1530    .text.perfc_port_get_system_timer_top  perfc_port_default.o
    0x0800c4be   0x0800c4be   0x00000002   PAD
    0x0800c4c0   0x0800c4c0   0x00000066   Code   RO         1520    .text.perfc_port_init_system_timer  perfc_port_default.o
    0x0800c526   0x0800c526   0x00000002   PAD
    0x0800c528   0x0800c528   0x00000146   Code   RO         1426    .text.perfc_port_insert_to_system_timer_insert_ovf_handler  perf_counter.o
    0x0800c66e   0x0800c66e   0x00000002   PAD
    0x0800c670   0x0800c670   0x00000010   Code   RO         1528    .text.perfc_port_is_system_timer_ovf_pending  perfc_port_default.o
    0x0800c680   0x0800c680   0x00000012   Code   RO         1430    .text.perfc_port_resume_global_interrupt  perf_counter.o
    0x0800c692   0x0800c692   0x00000002   PAD
    0x0800c694   0x0800c694   0x00000012   Code   RO         1524    .text.perfc_port_resume_global_interrupt  perfc_port_default.o
    0x0800c6a6   0x0800c6a6   0x00000002   PAD
    0x0800c6a8   0x0800c6a8   0x0000004e   Code   RO         1217    .text.queue_init    util_queue.o
    0x0800c6f6   0x0800c6f6   0x00000002   PAD
    0x0800c6f8   0x0800c6f8   0x00000016   Code   RO         1225    .text.queue_isEmpty  util_queue.o
    0x0800c70e   0x0800c70e   0x00000002   PAD
    0x0800c710   0x0800c710   0x00000022   Code   RO         1221    .text.queue_isFull  util_queue.o
    0x0800c732   0x0800c732   0x00000002   PAD
    0x0800c734   0x0800c734   0x00000048   Code   RO         1223    .text.queue_read    util_queue.o
    0x0800c77c   0x0800c77c   0x0000004a   Code   RO         1219    .text.queue_write   util_queue.o
    0x0800c7c6   0x0800c7c6   0x00000002   PAD
    0x0800c7c8   0x0800c7c8   0x0000019e   Code   RO          846    .text.system_core_clock_update  system_at32f403a_407.o
    0x0800c966   0x0800c966   0x00000002   PAD
    0x0800c968   0x0800c968   0x00000038   Code   RO          780    .text.systick_clock_source_config  at32f403a_407_misc.o
    0x0800c9a0   0x0800c9a0   0x0000009e   Code   RO         1310    .text.tm1680SendByte  tm1680.o
    0x0800ca3e   0x0800ca3e   0x00000002   PAD
    0x0800ca40   0x0800ca40   0x00000094   Code   RO         1312    .text.tm1680Send_4bit  tm1680.o
    0x0800cad4   0x0800cad4   0x0000004c   Code   RO         1302    .text.tm1680_start  tm1680.o
    0x0800cb20   0x0800cb20   0x0000004e   Code   RO         1304    .text.tm1680_stop   tm1680.o
    0x0800cb6e   0x0800cb6e   0x00000002   PAD
    0x0800cb70   0x0800cb70   0x00000022   Code   RO          273    .text.tmr_base_init  at32f403a_407_tmr.o
    0x0800cb92   0x0800cb92   0x00000002   PAD
    0x0800cb94   0x0800cb94   0x00000052   Code   RO          297    .text.tmr_channel_value_set  at32f403a_407_tmr.o
    0x0800cbe6   0x0800cbe6   0x00000002   PAD
    0x0800cbe8   0x0800cbe8   0x00000022   Code   RO          275    .text.tmr_clock_source_div_set  at32f403a_407_tmr.o
    0x0800cc0a   0x0800cc0a   0x00000002   PAD
    0x0800cc0c   0x0800cc0c   0x00000022   Code   RO          277    .text.tmr_cnt_dir_set  at32f403a_407_tmr.o
    0x0800cc2e   0x0800cc2e   0x00000002   PAD
    0x0800cc30   0x0800cc30   0x0000001a   Code   RO          265    .text.tmr_counter_enable  at32f403a_407_tmr.o
    0x0800cc4a   0x0800cc4a   0x00000002   PAD
    0x0800cc4c   0x0800cc4c   0x00000094   Code   RO          303    .text.tmr_output_channel_buffer_enable  at32f403a_407_tmr.o
    0x0800cce0   0x0800cce0   0x00000216   Code   RO          289    .text.tmr_output_channel_config  at32f403a_407_tmr.o
    0x0800cef6   0x0800cef6   0x00000002   PAD
    0x0800cef8   0x0800cef8   0x00000094   Code   RO          305    .text.tmr_output_channel_immediately_set  at32f403a_407_tmr.o
    0x0800cf8c   0x0800cf8c   0x00000022   Code   RO          301    .text.tmr_period_buffer_enable  at32f403a_407_tmr.o
    0x0800cfae   0x0800cfae   0x00000002   PAD
    0x0800cfb0   0x0800cfb0   0x00000022   Code   RO          329    .text.tmr_primary_mode_select  at32f403a_407_tmr.o
    0x0800cfd2   0x0800cfd2   0x00000002   PAD
    0x0800cfd4   0x0800cfd4   0x00000022   Code   RO          341    .text.tmr_sub_sync_mode_set  at32f403a_407_tmr.o
    0x0800cff6   0x0800cff6   0x00000002   PAD
    0x0800cff8   0x0800cff8   0x00000088   Code   RO          863    .text.tmt_create    tmt.o
    0x0800d080   0x0800d080   0x0000012e   Code   RO          865    .text.tmt_delete    tmt.o
    0x0800d1ae   0x0800d1ae   0x00000002   PAD
    0x0800d1b0   0x0800d1b0   0x00000076   Code   RO          857    .text.tmt_init      tmt.o
    0x0800d226   0x0800d226   0x00000002   PAD
    0x0800d228   0x0800d228   0x000000b2   Code   RO          859    .text.tmt_run       tmt.o
    0x0800d2da   0x0800d2da   0x00000002   PAD
    0x0800d2dc   0x0800d2dc   0x00000086   Code   RO          869    .text.tmt_run_ctrl  tmt.o
    0x0800d362   0x0800d362   0x00000002   PAD
    0x0800d364   0x0800d364   0x00000098   Code   RO          867    .text.tmt_time_ctrl  tmt.o
    0x0800d3fc   0x0800d3fc   0x0000006a   Code   RO          861    .text.tmt_update_tick  tmt.o
    0x0800d466   0x0800d466   0x00000002   PAD
    0x0800d468   0x0800d468   0x00000078   Code   RO         1055    .text.typec_display_handle  lcd_handle.o
    0x0800d4e0   0x0800d4e0   0x0000009a   Code   RO         1436    .text.update_perf_counter  perf_counter.o
    0x0800d57a   0x0800d57a   0x00000002   PAD
    0x0800d57c   0x0800d57c   0x0000000e   Code   RO          461    .text.usart_data_receive  at32f403a_407_usart.o
    0x0800d58a   0x0800d58a   0x00000002   PAD
    0x0800d58c   0x0800d58c   0x00000018   Code   RO          459    .text.usart_data_transmit  at32f403a_407_usart.o
    0x0800d5a4   0x0800d5a4   0x00000022   Code   RO          433    .text.usart_enable  at32f403a_407_usart.o
    0x0800d5c6   0x0800d5c6   0x00000002   PAD
    0x0800d5c8   0x0800d5c8   0x00000028   Code   RO          485    .text.usart_flag_clear  at32f403a_407_usart.o
    0x0800d5f0   0x0800d5f0   0x0000002a   Code   RO          481    .text.usart_flag_get  at32f403a_407_usart.o
    0x0800d61a   0x0800d61a   0x00000002   PAD
    0x0800d61c   0x0800d61c   0x00000090   Code   RO          479    .text.usart_hardware_flow_control_set  at32f403a_407_usart.o
    0x0800d6ac   0x0800d6ac   0x000000fe   Code   RO          429    .text.usart_init    at32f403a_407_usart.o
    0x0800d7aa   0x0800d7aa   0x00000002   PAD
    0x0800d7ac   0x0800d7ac   0x0000006e   Code   RO          431    .text.usart_parity_selection_config  at32f403a_407_usart.o
    0x0800d81a   0x0800d81a   0x00000002   PAD
    0x0800d81c   0x0800d81c   0x000000e4   Code   RO         1195    .text.usart_receiveData  at32_usart.o
    0x0800d900   0x0800d900   0x00000022   Code   RO          437    .text.usart_receiver_enable  at32f403a_407_usart.o
    0x0800d922   0x0800d922   0x00000002   PAD
    0x0800d924   0x0800d924   0x00000112   Code   RO         1193    .text.usart_sendData  at32_usart.o
    0x0800da36   0x0800da36   0x00000002   PAD
    0x0800da38   0x0800da38   0x00000022   Code   RO          435    .text.usart_transmitter_enable  at32f403a_407_usart.o
    0x0800da5a   0x0800da5a   0x00000002   PAD
    0x0800da5c   0x0800da5c   0x00000078   Code   RO         1053    .text.usb_display_handle  lcd_handle.o
    0x0800dad4   0x0800dad4   0x00000408   Code   RO          931    .text.vol_ec11_event_handle  ec11_handle.o
    0x0800dedc   0x0800dedc   0x00000124   Code   RO         1051    .text.voltage_display_handle  lcd_handle.o
    0x0800e000   0x0800e000   0x000002ae   Code   RO          929    .text.voltage_ec11_get_event  ec11_handle.o
    0x0800e2ae   0x0800e2ae   0x00000002   PAD
    0x0800e2b0   0x0800e2b0   0x000000f2   Code   RO         1096    .text.voltage_transformer_control  work_handle.o
    0x0800e3a2   0x0800e3a2   0x00000002   PAD
    0x0800e3a4   0x0800e3a4   0x00000010   Code   RO          737    .text.wdt_counter_reload  at32f403a_407_wdt.o
    0x0800e3b4   0x0800e3b4   0x0000001e   Code   RO          741    .text.wdt_divider_set  at32f403a_407_wdt.o
    0x0800e3d2   0x0800e3d2   0x00000002   PAD
    0x0800e3d4   0x0800e3d4   0x00000030   Code   RO          743    .text.wdt_register_write_enable  at32f403a_407_wdt.o
    0x0800e404   0x0800e404   0x00000018   Code   RO          739    .text.wdt_reload_value_set  at32f403a_407_wdt.o
    0x0800e41c   0x0800e41c   0x00000146   Code   RO          148    .text.wk_adc1_init  wk_adc.o
    0x0800e562   0x0800e562   0x00000002   PAD
    0x0800e564   0x0800e564   0x00000034   Code   RO          101    .text.wk_crc_init   wk_crc.o
    0x0800e598   0x0800e598   0x00000086   Code   RO          164    .text.wk_dac_init   wk_dac.o
    0x0800e61e   0x0800e61e   0x00000002   PAD
    0x0800e620   0x0800e620   0x00000012   Code   RO          109    .text.wk_debug_config  wk_debug.o
    0x0800e632   0x0800e632   0x00000002   PAD
    0x0800e634   0x0800e634   0x000001c0   Code   RO          117    .text.wk_gpio_config  wk_gpio.o
    0x0800e7f4   0x0800e7f4   0x000000aa   Code   RO           41    .text.wk_nvic_config  at32f403a_407_wk_config.o
    0x0800e89e   0x0800e89e   0x00000002   PAD
    0x0800e8a0   0x0800e8a0   0x00000080   Code   RO           39    .text.wk_periph_clock_config  at32f403a_407_wk_config.o
    0x0800e920   0x0800e920   0x000000b0   Code   RO           37    .text.wk_system_clock_config  at32f403a_407_wk_config.o
    0x0800e9d0   0x0800e9d0   0x00000008   Code   RO           91    .text.wk_timebase_handler  wk_system.o
    0x0800e9d8   0x0800e9d8   0x00000010   Code   RO           83    .text.wk_timebase_increase  wk_system.o
    0x0800e9e8   0x0800e9e8   0x0000005a   Code   RO           89    .text.wk_timebase_init  wk_system.o
    0x0800ea42   0x0800ea42   0x00000002   PAD
    0x0800ea44   0x0800ea44   0x000000d0   Code   RO          156    .text.wk_tmr4_init  wk_tmr.o
    0x0800eb14   0x0800eb14   0x000000aa   Code   RO          172    .text.wk_usart1_init  wk_usart.o
    0x0800ebbe   0x0800ebbe   0x00000002   PAD
    0x0800ebc0   0x0800ebc0   0x0000001c   Code   RO          128    .text.wk_wdt_init   wk_wdt.o
    0x0800ebdc   0x0800ebdc   0x0000003c   Code   RO         1094    .text.work_handle   work_handle.o
    0x0800ec18   0x0800ec18   0x00000008   Code   RO           22    .text.work_task     main.o
    0x0800ec20   0x0800ec20   0x0000000e   Code   RO         1746    i.__scatterload_copy  mc_w.l(handlers.o)
    0x0800ec2e   0x0800ec2e   0x00000002   Code   RO         1747    i.__scatterload_null  mc_w.l(handlers.o)
    0x0800ec30   0x0800ec30   0x0000000e   Code   RO         1748    i.__scatterload_zeroinit  mc_w.l(handlers.o)
    0x0800ec3e   0x0800ec3e   0x00000002   PAD
    0x0800ec40   0x0800ec40   0x00000018   Data   RO         1418    .rodata.EventRecorderInfo  eventrecorder.o
    0x0800ec58   0x0800ec58   0x00000008   Data   RO          255    .rodata.crm_clocks_freq_get.adc_div_table  at32f403a_407_crm.o
    0x0800ec60   0x0800ec60   0x00000008   Data   RO          253    .rodata.crm_clocks_freq_get.ahb_apb1_div_table  at32f403a_407_crm.o
    0x0800ec68   0x0800ec68   0x00000008   Data   RO          254    .rodata.crm_clocks_freq_get.ahb_apb2_div_table  at32f403a_407_crm.o
    0x0800ec70   0x0800ec70   0x00000010   Data   RO          252    .rodata.crm_clocks_freq_get.sclk_ahb_div_table  at32f403a_407_crm.o
    0x0800ec80   0x0800ec80   0x00000005   Data   RO         1245    .rodata.str1.1      beep.o
    0x0800ec85   0x0800ec85   0x00000010   Data   RO          849    .rodata.system_core_clock_update.sys_ahb_div_table  system_at32f403a_407.o
    0x0800ec95   0x0800ec95   0x00000003   PAD
    0x0800ec98   0x0800ec98   0x00000020   Data   RO         1745    Region$$Table       anon$$obj.o
    0x0800ecb8   0x0800ecb8   0x00000004   Data   RO         1512    .init_array         perf_counter.o
    0x0800ecbc   0x0800ecb8   0x00000000   Data   RO         1606    .init_array         mc_w.l(cpp_init.o)


    Execution Region RW_IRAM1 (Exec base: 0x20000000, Load base: 0x0800ecc0, Size: 0x00001840, Max: 0x00018000, ABSOLUTE, COMPRESSED[0x000000c0])

    Exec Addr    Load Addr    Size         Type   Attr      Idx    E Section Name        Object

    0x20000000   COMPRESSED   0x00000004   Data   RW         1116    .data.FAN_Control.check_tmep_times  work_handle.o
    0x20000004   COMPRESSED   0x00000002   Data   RW           74    .data.SysTick_Handler.flicker_times  at32f403a_407_int.o
    0x20000006   COMPRESSED   0x00000002   PAD
    0x20000008   COMPRESSED   0x00000004   Data   RW          848    .data.SystemCoreClock  system_at32f403a_407.o
    0x2000000c   COMPRESSED   0x00000004   Data   RW         1118    .data.cont_ocp_protect_time  work_handle.o
    0x20000010   COMPRESSED   0x00000001   Data   RW          941    .data.cur_ec11_handle_event  ec11_handle.o
    0x20000011   COMPRESSED   0x00000003   PAD
    0x20000014   COMPRESSED   0x00000004   Data   RW         1082    .data.current_display_handle.set_display_times  lcd_handle.o
    0x20000018   COMPRESSED   0x00000038   Data   RW         1267    .data.current_ec11  encoderec11.o
    0x20000050   COMPRESSED   0x00000004   Data   RW          940    .data.current_ec11_get_event.set_time2  ec11_handle.o
    0x20000054   COMPRESSED   0x00000004   Data   RW         1025    .data.get_key.set_time  key_handle.o
    0x20000058   COMPRESSED   0x0000000b   Data   RW         1022    .data.key_event     key_handle.o
    0x20000063   COMPRESSED   0x00000001   Data   RW         1295    .data.key_event_check.key_event  key.o
    0x20000064   COMPRESSED   0x000000b0   Data   RW         1026    .data.keys          key_handle.o
    0x20000114   COMPRESSED   0x00000004   Data   RW         1504    .data.s_wMSUnit     perf_counter.o
    0x20000118   COMPRESSED   0x00000004   Data   RW         1507    .data.s_wUSUnit     perf_counter.o
    0x2000011c   COMPRESSED   0x00000010   Data   RW         1246    .data.sbeep         beep.o
    0x2000012c   COMPRESSED   0x00000012   Data   RW         1075    .data.table         lcd_handle.o
    0x2000013e   COMPRESSED   0x00000001   Data   RW          944    .data.vol_ec11_handle_event  ec11_handle.o
    0x2000013f   COMPRESSED   0x00000001   PAD
    0x20000140   COMPRESSED   0x00000004   Data   RW         1084    .data.voltage_display_handle.set_display_times1  lcd_handle.o
    0x20000144   COMPRESSED   0x00000038   Data   RW         1266    .data.voltage_ec11  encoderec11.o
    0x2000017c   COMPRESSED   0x00000004   Data   RW          943    .data.voltage_ec11_get_event.set_time1  ec11_handle.o
    0x20000180        -       0x00000044   Zero   RW         1346    .bss.ADC_CRT        adc_filter.o
    0x200001c4        -       0x00000044   Zero   RW         1345    .bss.ADC_VTG        adc_filter.o
    0x20000208        -       0x00000001   Zero   RW         1247    .bss.BeepProc.s_BeepStartTime  beep.o
    0x20000209        -       0x00000001   Zero   RW         1120    .bss.CC_handle.cv_times  work_handle.o
    0x2000020a        -       0x00000001   Zero   RW         1119    .bss.CV_handle.ocp_times  work_handle.o
    0x2000020b        -       0x00000001   Zero   RW         1112    .bss.Check_Ammeter.check_times  work_handle.o
    0x2000020c        -       0x00000001   Zero   RW         1113    .bss.Check_Ammeter.check_times1  work_handle.o
    0x2000020d        -       0x00000001   Zero   RW         1115    .bss.Check_Ammeter.check_vol_times  work_handle.o
    0x2000020e        -       0x00000001   Zero   RW         1114    .bss.Check_Ammeter.first_in  work_handle.o
    0x2000020f        -       0x00000001   Zero   RW         1268    .bss.EC11_Scan.a_now  encoderec11.o
    0x20000210        -       0x00000001   Zero   RW         1269    .bss.EC11_Scan.b_now  encoderec11.o
    0x20000211        -       0x00000001   Zero   RW         1270    .bss.EC11_Scan.key_now  encoderec11.o
    0x20000212        -       0x00000001   Zero   RW         1117    .bss.FAN_Control.in_first  work_handle.o
    0x20000213   COMPRESSED   0x00000001   PAD
    0x20000214        -       0x00000002   Zero   RW         1175    .bss.Power_Output_Control_Loop.cur_com_time  output_handle.o
    0x20000216        -       0x00000001   Zero   RW         1086    .bss.Set_Current_display.first_in  lcd_handle.o
    0x20000217        -       0x00000001   Zero   RW         1085    .bss.Set_Voltage_display.first_in  lcd_handle.o
    0x20000218        -       0x00000004   Zero   RW          891    .bss.WriteDataToPC.crc_value  pc_comm_handle.o
    0x2000021c        -       0x00000001   Zero   RW          938    .bss.air_analyze_result  ec11_handle.o
    0x2000021d        -       0x00000001   Zero   RW           28    .bss.beep_task.ocp_number  main.o
    0x2000021e        -       0x00000001   Zero   RW           27    .bss.beep_task.ocp_time  main.o
    0x2000021f        -       0x00000400   Zero   RW         1204    .bss.chUsart1RxBuffer  at32_usart.o
    0x2000061f        -       0x00000400   Zero   RW         1205    .bss.chUsart1TxBuffer  at32_usart.o
    0x20000a1f   COMPRESSED   0x00000001   PAD
    0x20000a20        -       0x00000004   Zero   RW          915    .bss.collect_typec_usb_data.collect_data_times  collect_data_handle.o
    0x20000a24        -       0x00000004   Zero   RW          917    .bss.collect_typec_usb_data.t_a  collect_data_handle.o
    0x20000a28        -       0x00000004   Zero   RW          916    .bss.collect_typec_usb_data.t_v  collect_data_handle.o
    0x20000a2c        -       0x00000004   Zero   RW          918    .bss.collect_typec_usb_data.u_a  collect_data_handle.o
    0x20000a30        -       0x00000004   Zero   RW          919    .bss.collect_typec_usb_data.u_v  collect_data_handle.o
    0x20000a34        -       0x00000004   Zero   RW         1083    .bss.current_display_handle.actual_display_times  lcd_handle.o
    0x20000a38        -       0x00000040   Zero   RW         1152    .bss.current_pid    pid_handle.o
    0x20000a78        -       0x00000004   Zero   RW         1178    .bss.dac_output_control.dac_output_crt_data  output_handle.o
    0x20000a7c        -       0x00000002   Zero   RW         1180    .bss.dac_output_control.dac_output_value  output_handle.o
    0x20000a7e        -       0x00000002   Zero   RW         1181    .bss.dac_output_control.dac_output_value1  output_handle.o
    0x20000a80        -       0x00000004   Zero   RW         1179    .bss.dac_output_control.dac_output_vtg_data  output_handle.o
    0x20000a84        -       0x00000004   Zero   RW         1183    .bss.dac_output_control.sum_current_data  output_handle.o
    0x20000a88        -       0x00000004   Zero   RW         1182    .bss.dac_output_control.sum_voltage_data  output_handle.o
    0x20000a8c        -       0x00000001   Zero   RW         1078    .bss.data_display_state.last_output  lcd_handle.o
    0x20000a8d        -       0x00000001   Zero   RW         1077    .bss.display_run    lcd_handle.o
    0x20000a8e        -       0x00000001   Zero   RW           26    .bss.feed_dog_task.first_in  main.o
    0x20000a8f   COMPRESSED   0x00000001   PAD
    0x20000a90        -       0x00000002   Zero   RW          987    .bss.flash_handle.a_ver  flash_handle.o
    0x20000a92        -       0x00000002   Zero   RW          988    .bss.flash_handle.b_ver  flash_handle.o
    0x20000a94        -       0x00000001   Zero   RW          965    .bss.flash_handle.first_start_flag  flash_handle.o
    0x20000a95        -       0x00000001   Zero   RW          986    .bss.flash_handle.flash_count  flash_handle.o
    0x20000a96        -       0x00000002   Zero   RW          985    .bss.flash_handle.flash_version  flash_handle.o
    0x20000a98        -       0x00000001   Zero   RW          982    .bss.flash_handle.last_i_limin_state  flash_handle.o
    0x20000a99   COMPRESSED   0x00000003   PAD
    0x20000a9c        -       0x00000004   Zero   RW          967    .bss.flash_handle.last_i_setdata  flash_handle.o
    0x20000aa0        -       0x00000001   Zero   RW          983    .bss.flash_handle.last_lock_state  flash_handle.o
    0x20000aa1   COMPRESSED   0x00000003   PAD
    0x20000aa4        -       0x00000004   Zero   RW          969    .bss.flash_handle.last_mod1_i_setdata  flash_handle.o
    0x20000aa8        -       0x00000001   Zero   RW          970    .bss.flash_handle.last_mod1_ocp_mode  flash_handle.o
    0x20000aa9   COMPRESSED   0x00000003   PAD
    0x20000aac        -       0x00000004   Zero   RW          968    .bss.flash_handle.last_mod1_v_setdata  flash_handle.o
    0x20000ab0        -       0x00000004   Zero   RW          972    .bss.flash_handle.last_mod2_i_setdata  flash_handle.o
    0x20000ab4        -       0x00000001   Zero   RW          973    .bss.flash_handle.last_mod2_ocp_mode  flash_handle.o
    0x20000ab5   COMPRESSED   0x00000003   PAD
    0x20000ab8        -       0x00000004   Zero   RW          971    .bss.flash_handle.last_mod2_v_setdata  flash_handle.o
    0x20000abc        -       0x00000004   Zero   RW          975    .bss.flash_handle.last_mod3_i_setdata  flash_handle.o
    0x20000ac0        -       0x00000001   Zero   RW          976    .bss.flash_handle.last_mod3_ocp_mode  flash_handle.o
    0x20000ac1   COMPRESSED   0x00000003   PAD
    0x20000ac4        -       0x00000004   Zero   RW          974    .bss.flash_handle.last_mod3_v_setdata  flash_handle.o
    0x20000ac8        -       0x00000004   Zero   RW          978    .bss.flash_handle.last_mod4_i_setdata  flash_handle.o
    0x20000acc        -       0x00000001   Zero   RW          979    .bss.flash_handle.last_mod4_ocp_mode  flash_handle.o
    0x20000acd   COMPRESSED   0x00000003   PAD
    0x20000ad0        -       0x00000004   Zero   RW          977    .bss.flash_handle.last_mod4_v_setdata  flash_handle.o
    0x20000ad4        -       0x00000001   Zero   RW          980    .bss.flash_handle.last_ocp_mode  flash_handle.o
    0x20000ad5        -       0x00000001   Zero   RW          984    .bss.flash_handle.last_speak_state  flash_handle.o
    0x20000ad6        -       0x00000001   Zero   RW          981    .bss.flash_handle.last_v_limin_state  flash_handle.o
    0x20000ad7   COMPRESSED   0x00000001   PAD
    0x20000ad8        -       0x00000004   Zero   RW          966    .bss.flash_handle.last_v_setdata  flash_handle.o
    0x20000adc        -       0x00000001   Zero   RW          964    .bss.flash_handle.sflash  flash_handle.o
    0x20000add   COMPRESSED   0x00000003   PAD
    0x20000ae0        -       0x00000008   Zero   RW         1501    .bss.g_lLastTimeStamp  perf_counter.o
    0x20000ae8        -       0x00000004   Zero   RW         1500    .bss.g_nOffset      perf_counter.o
    0x20000aec        -       0x00000002   Zero   RW         1024    .bss.get_key.last_set_vol_value  key_handle.o
    0x20000aee        -       0x00000001   Zero   RW         1023    .bss.get_key.set_done  key_handle.o
    0x20000aef        -       0x00000001   Zero   RW          140    .bss.iap_flag       iap.o
    0x20000af0        -       0x00000002   Zero   RW         1177    .bss.last_set_current_data  output_handle.o
    0x20000af2        -       0x00000002   Zero   RW         1176    .bss.last_set_voltage_data  output_handle.o
    0x20000af4        -       0x00000001   Zero   RW         1079    .bss.led_display_handle.last_cur_limin_flag  lcd_handle.o
    0x20000af5        -       0x00000001   Zero   RW         1081    .bss.led_display_handle.last_lock_state  lcd_handle.o
    0x20000af6        -       0x00000001   Zero   RW         1080    .bss.led_display_handle.last_vol_limin_flag  lcd_handle.o
    0x20000af7   COMPRESSED   0x00000009   PAD
    0x20000b00        -       0x000004a4   Zero   RW         1417    .bss.noinit         eventrecorder.o
    0x20000fa4        -       0x000000a0   Zero   RW          871    .bss.object         tmt.o
    0x20001044        -       0x00000001   Zero   RW          888    .bss.pc_comm_handle.time  pc_comm_handle.o
    0x20001045   COMPRESSED   0x00000003   PAD
    0x20001048        -       0x00000214   Zero   RW          889    .bss.pc_data        pc_comm_handle.o
    0x2000125c        -       0x00000001   Zero   RW          890    .bss.pc_event       pc_comm_handle.o
    0x2000125d   COMPRESSED   0x00000003   PAD
    0x20001260        -       0x00000090   Zero   RW         1036    .bss.ps305d         ps305d_handle.o
    0x200012f0        -       0x00000008   Zero   RW         1509    .bss.s_lOldTimestamp  perf_counter.o
    0x200012f8        -       0x00000008   Zero   RW         1511    .bss.s_lOldTimestampMS  perf_counter.o
    0x20001300        -       0x00000008   Zero   RW         1510    .bss.s_lOldTimestampUS  perf_counter.o
    0x20001308        -       0x00000008   Zero   RW         1502    .bss.s_lSystemClockCounts  perf_counter.o
    0x20001310        -       0x00000008   Zero   RW         1505    .bss.s_lSystemMS    perf_counter.o
    0x20001318        -       0x00000008   Zero   RW         1508    .bss.s_lSystemUS    perf_counter.o
    0x20001320        -       0x00000004   Zero   RW         1503    .bss.s_wMSResidule  perf_counter.o
    0x20001324        -       0x00000004   Zero   RW         1506    .bss.s_wUSResidule  perf_counter.o
    0x20001328        -       0x00000024   Zero   RW         1208    .bss.tUart4Buffer   at32_usart.o
    0x2000134c        -       0x00000024   Zero   RW         1209    .bss.tUart5Buffer   at32_usart.o
    0x20001370        -       0x00000024   Zero   RW         1203    .bss.tUsart1Buffer  at32_usart.o
    0x20001394        -       0x00000024   Zero   RW         1206    .bss.tUsart2Buffer  at32_usart.o
    0x200013b8        -       0x00000024   Zero   RW         1207    .bss.tUsart3Buffer  at32_usart.o
    0x200013dc        -       0x00000001   Zero   RW          937    .bss.temp_analyze_result  ec11_handle.o
    0x200013dd   COMPRESSED   0x00000003   PAD
    0x200013e0        -       0x00000004   Zero   RW           93    .bss.timebase_ticks  wk_system.o
    0x200013e4        -       0x00000018   Zero   RW          872    .bss.tmt            tmt.o
    0x200013fc        -       0x00000040   Zero   RW         1151    .bss.voltage_pid    pid_handle.o
    0x2000143c        -       0x00000001   Zero   RW         1122    .bss.voltage_transformer_control.first_in  work_handle.o
    0x2000143d   COMPRESSED   0x00000001   PAD
    0x2000143e        -       0x00000002   Zero   RW         1121    .bss.voltage_transformer_control.last_voltage  work_handle.o
    0x20001440        -       0x00000400   Zero   RW          834    STACK               startup_at32f403a_407.o


==============================================================================

Image component sizes


      Code (inc. data)   RO Data    RW Data    ZI Data      Debug   Object Name

       546          0          0          0        136       6113   adc_filter.o
      1082          0          0          0       2228       5062   at32_usart.o
       912          0          0          0          0      15634   at32f403a_407_adc.o
       238          0          0          0          0       3150   at32f403a_407_crc.o
      1524          6         40          0          0      20190   at32f403a_407_crm.o
       340          0          0          0          0       7607   at32f403a_407_dac.o
      1442          0          0          0          0      14398   at32f403a_407_flash.o
       602          0          0          0          0      14459   at32f403a_407_gpio.o
       184          0          0          2          0       1318   at32f403a_407_int.o
       214          0          0          0          0       6642   at32f403a_407_misc.o
      1142         32          0          0          0      23612   at32f403a_407_tmr.o
       730          0          0          0          0      10319   at32f403a_407_usart.o
       118          0          0          0          0       2350   at32f403a_407_wdt.o
       664          0          0          0          0       8902   at32f403a_407_wk_config.o
       292          0          5         16          1       5093   beep.o
      1212         64          0          0         20       1343   collect_data_handle.o
      3248        104          0         10          2       4045   ec11_handle.o
      1370          8          0        112          3       7750   encoderec11.o
      1636          0         24          0       1188       8731   eventrecorder.o
        50          0          0          0          0       1204   flash.o
      4730          8          0          0         58       4623   flash_handle.o
       116          0          0          0          1        699   iap.o
       250          4          0          1          0       1208   key.o
      2720          0          0        191          3       7820   key_handle.o
      4996         16          0         26         11       7136   lcd_handle.o
       754          8          0          0          3       2589   main.o
      1148         32          0          0         26       2719   output_handle.o
       788          0          0          0        538       2755   pc_comm_handle.o
      1220          0          4          8         68      10193   perf_counter.o
       230          0          0          0          0       3126   perfc_port_default.o
        64          0          0          0        128       3774   pid_handle.o
       356          0          0          0        144       4207   ps305d_handle.o
        36          8        388          0       1024        836   startup_at32f403a_407.o
       582          0         16          4          0       7798   system_at32f403a_407.o
        28          8          0          0          0        470   systick_wrapper_gnu.o
      1022          0          0          0          0       6573   tm1680.o
      1126          0          0          0        184       2899   tmt.o
       280          0          0          0          0       2362   util_queue.o
       326          0          0          0          0      10598   wk_adc.o
        52          0          0          0          0        794   wk_crc.o
       134          0          0          0          0       5003   wk_dac.o
        18          0          0          0          0        618   wk_debug.o
       448          0          0          0          0       5066   wk_gpio.o
       114          0          0          0          4       1736   wk_system.o
       208          0          0          0          0      10418   wk_tmr.o
       170          0          0          0          0       6917   wk_usart.o
        28          0          0          0          0        728   wk_wdt.o
      2070          0          0          8         10      10839   work_handle.o

    ----------------------------------------------------------------------
     41848        298        512        384       5824     292426   Object Totals
         0          0         32          0          0          0   (incl. Generated)
       288          0          3          6         44          0   (incl. Padding)

    ----------------------------------------------------------------------

      Code (inc. data)   RO Data    RW Data    ZI Data      Debug   Library Member Name

        86          0          0          0          0          0   __dczerorl2.o
        40          8          0          0          0         80   cpp_init.o
         0          0          0          0          0          0   entry.o
         0          0          0          0          0          0   entry10a.o
         0          0          0          0          0          0   entry11a.o
         8          4          0          0          0          0   entry2.o
         4          0          0          0          0          0   entry5.o
         0          0          0          0          0          0   entry7b.o
         4          0          0          0          0          0   entry8a.o
         0          0          0          0          0          0   entry8b.o
         8          4          0          0          0          0   entry9a.o
        30          0          0          0          0          0   handlers.o
        48         10          0          0          0         68   init.o
         0          0          0          0          0          0   iusefp.o
        98          0          0          0          0         84   ldiv.o
        30          0          0          0          0         68   llshl.o
        36          0          0          0          0         68   llsshr.o
        32          0          0          0          0         68   llushr.o
        36          0          0          0          0        108   memseta.o
        98          0          0          0          0         92   uldiv.o
        56          0          0          0          0         88   d2f.o
       334          0          0          0          0        148   dadd.o
       222          0          0          0          0        100   ddiv.o
       186          0          0          0          0        176   depilogue.o
        62          0          0          0          0         80   dfixi.o
        34          0          0          0          0         76   dflti.o
        26          0          0          0          0         76   dfltui.o
       228          0          0          0          0         96   dmul.o
        38          0          0          0          0         68   f2d.o
       110          0          0          0          0        168   fepilogue.o

    ----------------------------------------------------------------------
      1860         26          0          0          0       1712   Library Totals
         6          0          0          0          0          0   (incl. Padding)

    ----------------------------------------------------------------------

      Code (inc. data)   RO Data    RW Data    ZI Data      Debug   Library Name

       558         26          0          0          0        636   mc_w.l
      1296          0          0          0          0       1076   mf_w.l

    ----------------------------------------------------------------------
      1860         26          0          0          0       1712   Library Totals

    ----------------------------------------------------------------------

==============================================================================


      Code (inc. data)   RO Data    RW Data    ZI Data      Debug   

     43708        324        512        384       5824     292742   Grand Totals
     43708        324        512        192       5824     292742   ELF Image Totals (compressed)
     43708        324        512        192          0          0   ROM Totals

==============================================================================

    Total RO  Size (Code + RO Data)                44220 (  43.18kB)
    Total RW  Size (RW Data + ZI Data)              6208 (   6.06kB)
    Total ROM Size (Code + RO Data + RW Data)      44412 (  43.37kB)

==============================================================================

