Component: Arm Compiler for Embedded 6.23 Tool: armlink [5f102400]

==============================================================================

Section Cross References

    startup_at32f403a_407.o(RESET) refers to startup_at32f403a_407.o(STACK) for __initial_sp
    startup_at32f403a_407.o(RESET) refers to startup_at32f403a_407.o(.text) for Reset_Handler
    startup_at32f403a_407.o(RESET) refers to lto-llvm-8c8e54.o(.text.NMI_Handler) for NMI_Handler
    startup_at32f403a_407.o(RESET) refers to lto-llvm-8c8e54.o(.text.HardFault_Handler) for HardFault_Handler
    startup_at32f403a_407.o(RESET) refers to lto-llvm-8c8e54.o(.text.MemManage_Handler) for MemManage_Handler
    startup_at32f403a_407.o(RESET) refers to lto-llvm-8c8e54.o(.text.BusFault_Handler) for BusFault_Handler
    startup_at32f403a_407.o(RESET) refers to lto-llvm-8c8e54.o(.text.UsageFault_Handler) for UsageFault_Handler
    startup_at32f403a_407.o(RESET) refers to lto-llvm-8c8e54.o(.text.SVC_Handler) for SVC_Handler
    startup_at32f403a_407.o(RESET) refers to lto-llvm-8c8e54.o(.text.DebugMon_Handler) for DebugMon_Handler
    startup_at32f403a_407.o(RESET) refers to lto-llvm-8c8e54.o(.text.PendSV_Handler) for PendSV_Handler
    startup_at32f403a_407.o(RESET) refers to lto-llvm-8c8e54.o(.text.SysTick_Handler) for SysTick_Handler
    startup_at32f403a_407.o(RESET) refers to lto-llvm-8c8e54.o(.text.USART1_IRQHandler) for USART1_IRQHandler
    startup_at32f403a_407.o(.text) refers to lto-llvm-8c8e54.o(.text.SystemInit) for SystemInit
    startup_at32f403a_407.o(.text) refers to entry.o(.ARM.Collect$$$$00000000) for __main
    entry.o(.ARM.Collect$$$$00000000) refers (Special) to entry10a.o(.ARM.Collect$$$$0000000D) for __rt_final_cpp
    entry.o(.ARM.Collect$$$$00000000) refers (Special) to entry11a.o(.ARM.Collect$$$$0000000F) for __rt_final_exit
    entry.o(.ARM.Collect$$$$00000000) refers (Special) to entry7b.o(.ARM.Collect$$$$00000008) for _main_clock
    entry.o(.ARM.Collect$$$$00000000) refers (Special) to entry8b.o(.ARM.Collect$$$$0000000A) for _main_cpp_init
    entry.o(.ARM.Collect$$$$00000000) refers (Special) to entry9a.o(.ARM.Collect$$$$0000000B) for _main_init
    entry.o(.ARM.Collect$$$$00000000) refers (Special) to entry5.o(.ARM.Collect$$$$00000004) for _main_scatterload
    entry.o(.ARM.Collect$$$$00000000) refers (Special) to entry2.o(.ARM.Collect$$$$00000001) for _main_stk
    entry2.o(.ARM.Collect$$$$00000001) refers to entry2.o(.ARM.Collect$$$$00002712) for __lit__00000000
    entry2.o(.ARM.Collect$$$$00002712) refers to startup_at32f403a_407.o(STACK) for __initial_sp
    entry2.o(__vectab_stack_and_reset_area) refers to startup_at32f403a_407.o(STACK) for __initial_sp
    entry2.o(__vectab_stack_and_reset_area) refers to entry.o(.ARM.Collect$$$$00000000) for __main
    entry5.o(.ARM.Collect$$$$00000004) refers to init.o(.text) for __scatterload
    entry9a.o(.ARM.Collect$$$$0000000B) refers to lto-llvm-8c8e54.o(.text.main) for main
    entry9b.o(.ARM.Collect$$$$0000000C) refers to lto-llvm-8c8e54.o(.text.main) for main
    init.o(.text) refers to entry5.o(.ARM.Collect$$$$00000004) for __main_after_scatterload
    lto-llvm-8c8e54.o(.text.main) refers to lto-llvm-8c8e54.o(.text.wk_system_clock_config) for wk_system_clock_config
    lto-llvm-8c8e54.o(.text.main) refers to lto-llvm-8c8e54.o(.text.wk_periph_clock_config) for wk_periph_clock_config
    lto-llvm-8c8e54.o(.text.main) refers to lto-llvm-8c8e54.o(.text.wk_debug_config) for wk_debug_config
    lto-llvm-8c8e54.o(.text.main) refers to lto-llvm-8c8e54.o(.text.wk_nvic_config) for wk_nvic_config
    lto-llvm-8c8e54.o(.text.main) refers to lto-llvm-8c8e54.o(.text.wk_timebase_init) for wk_timebase_init
    lto-llvm-8c8e54.o(.text.main) refers to lto-llvm-8c8e54.o(.text.wk_usart1_init) for wk_usart1_init
    lto-llvm-8c8e54.o(.text.main) refers to lto-llvm-8c8e54.o(.text.wk_crc_init) for wk_crc_init
    lto-llvm-8c8e54.o(.text.main) refers to lto-llvm-8c8e54.o(.text.flash_upgrade_flag_read) for flash_upgrade_flag_read
    lto-llvm-8c8e54.o(.text.main) refers to lto-llvm-8c8e54.o(.text.app_load) for app_load
    lto-llvm-8c8e54.o(.text.main) refers to lto-llvm-8c8e54.o(.text.usart1_send_ok) for usart1_send_ok
    lto-llvm-8c8e54.o(.text.main) refers to lto-llvm-8c8e54.o(.bss.iap_done) for iap_done
    lto-llvm-8c8e54.o(.text.main) refers to lto-llvm-8c8e54.o(.text.crm_reset) for crm_reset
    lto-llvm-8c8e54.o(.ARM.exidx.text.main) refers to lto-llvm-8c8e54.o(.text.main) for [Anonymous Symbol]
    lto-llvm-8c8e54.o(.text.wk_system_clock_config) refers to lto-llvm-8c8e54.o(.text.crm_reset) for crm_reset
    lto-llvm-8c8e54.o(.text.wk_system_clock_config) refers to lto-llvm-8c8e54.o(.text.crm_clock_source_enable) for crm_clock_source_enable
    lto-llvm-8c8e54.o(.text.wk_system_clock_config) refers to lto-llvm-8c8e54.o(.text.crm_flag_get) for crm_flag_get
    lto-llvm-8c8e54.o(.text.wk_system_clock_config) refers to lto-llvm-8c8e54.o(.text.crm_hext_stable_wait) for crm_hext_stable_wait
    lto-llvm-8c8e54.o(.text.wk_system_clock_config) refers to lto-llvm-8c8e54.o(.text.crm_pll_config) for crm_pll_config
    lto-llvm-8c8e54.o(.text.wk_system_clock_config) refers to lto-llvm-8c8e54.o(.text.crm_ahb_div_set) for crm_ahb_div_set
    lto-llvm-8c8e54.o(.text.wk_system_clock_config) refers to lto-llvm-8c8e54.o(.text.crm_apb2_div_set) for crm_apb2_div_set
    lto-llvm-8c8e54.o(.text.wk_system_clock_config) refers to lto-llvm-8c8e54.o(.text.crm_apb1_div_set) for crm_apb1_div_set
    lto-llvm-8c8e54.o(.text.wk_system_clock_config) refers to lto-llvm-8c8e54.o(.text.crm_auto_step_mode_enable) for crm_auto_step_mode_enable
    lto-llvm-8c8e54.o(.text.wk_system_clock_config) refers to lto-llvm-8c8e54.o(.text.crm_sysclk_switch) for crm_sysclk_switch
    lto-llvm-8c8e54.o(.text.wk_system_clock_config) refers to lto-llvm-8c8e54.o(.text.crm_sysclk_switch_status_get) for crm_sysclk_switch_status_get
    lto-llvm-8c8e54.o(.text.wk_system_clock_config) refers to lto-llvm-8c8e54.o(.text.system_core_clock_update) for system_core_clock_update
    lto-llvm-8c8e54.o(.ARM.exidx.text.wk_system_clock_config) refers to lto-llvm-8c8e54.o(.text.wk_system_clock_config) for [Anonymous Symbol]
    lto-llvm-8c8e54.o(.text.wk_periph_clock_config) refers to lto-llvm-8c8e54.o(.text.crm_periph_clock_enable) for crm_periph_clock_enable
    lto-llvm-8c8e54.o(.ARM.exidx.text.wk_periph_clock_config) refers to lto-llvm-8c8e54.o(.text.wk_periph_clock_config) for [Anonymous Symbol]
    lto-llvm-8c8e54.o(.text.wk_nvic_config) refers to lto-llvm-8c8e54.o(.text.nvic_priority_group_config) for nvic_priority_group_config
    lto-llvm-8c8e54.o(.text.wk_nvic_config) refers to lto-llvm-8c8e54.o(.text.__NVIC_GetPriorityGrouping) for __NVIC_GetPriorityGrouping
    lto-llvm-8c8e54.o(.text.wk_nvic_config) refers to lto-llvm-8c8e54.o(.text.NVIC_EncodePriority) for NVIC_EncodePriority
    lto-llvm-8c8e54.o(.text.wk_nvic_config) refers to lto-llvm-8c8e54.o(.text.__NVIC_SetPriority) for __NVIC_SetPriority
    lto-llvm-8c8e54.o(.text.wk_nvic_config) refers to lto-llvm-8c8e54.o(.text.nvic_irq_enable) for nvic_irq_enable
    lto-llvm-8c8e54.o(.ARM.exidx.text.wk_nvic_config) refers to lto-llvm-8c8e54.o(.text.wk_nvic_config) for [Anonymous Symbol]
    lto-llvm-8c8e54.o(.ARM.exidx.text.__NVIC_GetPriorityGrouping) refers to lto-llvm-8c8e54.o(.text.__NVIC_GetPriorityGrouping) for [Anonymous Symbol]
    lto-llvm-8c8e54.o(.ARM.exidx.text.NVIC_EncodePriority) refers to lto-llvm-8c8e54.o(.text.NVIC_EncodePriority) for [Anonymous Symbol]
    lto-llvm-8c8e54.o(.ARM.exidx.text.__NVIC_SetPriority) refers to lto-llvm-8c8e54.o(.text.__NVIC_SetPriority) for [Anonymous Symbol]
    lto-llvm-8c8e54.o(.ARM.exidx.text.NMI_Handler) refers to lto-llvm-8c8e54.o(.text.NMI_Handler) for [Anonymous Symbol]
    lto-llvm-8c8e54.o(.ARM.exidx.text.HardFault_Handler) refers to lto-llvm-8c8e54.o(.text.HardFault_Handler) for [Anonymous Symbol]
    lto-llvm-8c8e54.o(.ARM.exidx.text.MemManage_Handler) refers to lto-llvm-8c8e54.o(.text.MemManage_Handler) for [Anonymous Symbol]
    lto-llvm-8c8e54.o(.ARM.exidx.text.BusFault_Handler) refers to lto-llvm-8c8e54.o(.text.BusFault_Handler) for [Anonymous Symbol]
    lto-llvm-8c8e54.o(.ARM.exidx.text.UsageFault_Handler) refers to lto-llvm-8c8e54.o(.text.UsageFault_Handler) for [Anonymous Symbol]
    lto-llvm-8c8e54.o(.ARM.exidx.text.SVC_Handler) refers to lto-llvm-8c8e54.o(.text.SVC_Handler) for [Anonymous Symbol]
    lto-llvm-8c8e54.o(.ARM.exidx.text.DebugMon_Handler) refers to lto-llvm-8c8e54.o(.text.DebugMon_Handler) for [Anonymous Symbol]
    lto-llvm-8c8e54.o(.ARM.exidx.text.PendSV_Handler) refers to lto-llvm-8c8e54.o(.text.PendSV_Handler) for [Anonymous Symbol]
    lto-llvm-8c8e54.o(.text.SysTick_Handler) refers to lto-llvm-8c8e54.o(.text.wk_timebase_handler) for wk_timebase_handler
    lto-llvm-8c8e54.o(.ARM.exidx.text.SysTick_Handler) refers to lto-llvm-8c8e54.o(.text.SysTick_Handler) for [Anonymous Symbol]
    lto-llvm-8c8e54.o(.text.USART1_IRQHandler) refers to lto-llvm-8c8e54.o(.text.usart_interrupt_flag_get) for usart_interrupt_flag_get
    lto-llvm-8c8e54.o(.text.USART1_IRQHandler) refers to lto-llvm-8c8e54.o(.text.usart_data_receive) for usart_data_receive
    lto-llvm-8c8e54.o(.text.USART1_IRQHandler) refers to lto-llvm-8c8e54.o(.bss.USART1_IRQHandler.reval) for USART1_IRQHandler.reval
    lto-llvm-8c8e54.o(.text.USART1_IRQHandler) refers to lto-llvm-8c8e54.o(.bss.USART1_IRQHandler.count) for USART1_IRQHandler.count
    lto-llvm-8c8e54.o(.text.USART1_IRQHandler) refers to lto-llvm-8c8e54.o(.bss.usart1_rx_buff) for usart1_rx_buff
    lto-llvm-8c8e54.o(.text.USART1_IRQHandler) refers to lto-llvm-8c8e54.o(.text.convert_data) for convert_data
    lto-llvm-8c8e54.o(.text.USART1_IRQHandler) refers to lto-llvm-8c8e54.o(.text.crc_block_calculate) for crc_block_calculate
    lto-llvm-8c8e54.o(.text.USART1_IRQHandler) refers to lto-llvm-8c8e54.o(.text.crc_data_reset) for crc_data_reset
    lto-llvm-8c8e54.o(.text.USART1_IRQHandler) refers to lto-llvm-8c8e54.o(.text.usart1_connet_pc) for usart1_connet_pc
    lto-llvm-8c8e54.o(.text.USART1_IRQHandler) refers to lto-llvm-8c8e54.o(.text.usart1_send_ok) for usart1_send_ok
    lto-llvm-8c8e54.o(.text.USART1_IRQHandler) refers to lto-llvm-8c8e54.o(.bss.USART1_IRQHandler.data_count) for USART1_IRQHandler.data_count
    lto-llvm-8c8e54.o(.text.USART1_IRQHandler) refers to lto-llvm-8c8e54.o(.text.copy_array) for copy_array
    lto-llvm-8c8e54.o(.text.USART1_IRQHandler) refers to lto-llvm-8c8e54.o(.data.flash_add) for flash_add
    lto-llvm-8c8e54.o(.text.USART1_IRQHandler) refers to lto-llvm-8c8e54.o(.text.flash_2kb_write) for flash_2kb_write
    lto-llvm-8c8e54.o(.text.USART1_IRQHandler) refers to lto-llvm-8c8e54.o(.bss.iap_done) for iap_done
    lto-llvm-8c8e54.o(.text.USART1_IRQHandler) refers to lto-llvm-8c8e54.o(.text.usart1_send_error) for usart1_send_error
    lto-llvm-8c8e54.o(.ARM.exidx.text.USART1_IRQHandler) refers to lto-llvm-8c8e54.o(.text.USART1_IRQHandler) for [Anonymous Symbol]
    lto-llvm-8c8e54.o(.text.convert_data) refers to lto-llvm-8c8e54.o(.bss.usart1_crc_buff) for usart1_crc_buff
    lto-llvm-8c8e54.o(.ARM.exidx.text.convert_data) refers to lto-llvm-8c8e54.o(.text.convert_data) for [Anonymous Symbol]
    lto-llvm-8c8e54.o(.text.usart1_connet_pc) refers to lto-llvm-8c8e54.o(.bss.usart1_tx_buff) for usart1_tx_buff
    lto-llvm-8c8e54.o(.text.usart1_connet_pc) refers to lto-llvm-8c8e54.o(.text.convert_data) for convert_data
    lto-llvm-8c8e54.o(.text.usart1_connet_pc) refers to lto-llvm-8c8e54.o(.text.crc_block_calculate) for crc_block_calculate
    lto-llvm-8c8e54.o(.text.usart1_connet_pc) refers to lto-llvm-8c8e54.o(.text.crc_data_reset) for crc_data_reset
    lto-llvm-8c8e54.o(.text.usart1_connet_pc) refers to lto-llvm-8c8e54.o(.text.usart_data_transmit) for usart_data_transmit
    lto-llvm-8c8e54.o(.text.usart1_connet_pc) refers to lto-llvm-8c8e54.o(.text.usart_flag_get) for usart_flag_get
    lto-llvm-8c8e54.o(.ARM.exidx.text.usart1_connet_pc) refers to lto-llvm-8c8e54.o(.text.usart1_connet_pc) for [Anonymous Symbol]
    lto-llvm-8c8e54.o(.text.usart1_send_ok) refers to lto-llvm-8c8e54.o(.bss.usart1_tx_buff) for usart1_tx_buff
    lto-llvm-8c8e54.o(.text.usart1_send_ok) refers to lto-llvm-8c8e54.o(.text.convert_data) for convert_data
    lto-llvm-8c8e54.o(.text.usart1_send_ok) refers to lto-llvm-8c8e54.o(.text.crc_block_calculate) for crc_block_calculate
    lto-llvm-8c8e54.o(.text.usart1_send_ok) refers to lto-llvm-8c8e54.o(.text.crc_data_reset) for crc_data_reset
    lto-llvm-8c8e54.o(.text.usart1_send_ok) refers to lto-llvm-8c8e54.o(.text.usart_data_transmit) for usart_data_transmit
    lto-llvm-8c8e54.o(.text.usart1_send_ok) refers to lto-llvm-8c8e54.o(.text.usart_flag_get) for usart_flag_get
    lto-llvm-8c8e54.o(.ARM.exidx.text.usart1_send_ok) refers to lto-llvm-8c8e54.o(.text.usart1_send_ok) for [Anonymous Symbol]
    lto-llvm-8c8e54.o(.text.copy_array) refers to lto-llvm-8c8e54.o(.bss.usart1_rx_buff) for usart1_rx_buff
    lto-llvm-8c8e54.o(.text.copy_array) refers to lto-llvm-8c8e54.o(.bss.pro_buff) for pro_buff
    lto-llvm-8c8e54.o(.ARM.exidx.text.copy_array) refers to lto-llvm-8c8e54.o(.text.copy_array) for [Anonymous Symbol]
    lto-llvm-8c8e54.o(.text.usart1_send_error) refers to lto-llvm-8c8e54.o(.bss.usart1_tx_buff) for usart1_tx_buff
    lto-llvm-8c8e54.o(.text.usart1_send_error) refers to lto-llvm-8c8e54.o(.text.convert_data) for convert_data
    lto-llvm-8c8e54.o(.text.usart1_send_error) refers to lto-llvm-8c8e54.o(.text.crc_block_calculate) for crc_block_calculate
    lto-llvm-8c8e54.o(.text.usart1_send_error) refers to lto-llvm-8c8e54.o(.text.crc_data_reset) for crc_data_reset
    lto-llvm-8c8e54.o(.text.usart1_send_error) refers to lto-llvm-8c8e54.o(.text.usart_data_transmit) for usart_data_transmit
    lto-llvm-8c8e54.o(.text.usart1_send_error) refers to lto-llvm-8c8e54.o(.text.usart_flag_get) for usart_flag_get
    lto-llvm-8c8e54.o(.ARM.exidx.text.usart1_send_error) refers to lto-llvm-8c8e54.o(.text.usart1_send_error) for [Anonymous Symbol]
    lto-llvm-8c8e54.o(.text.wk_timebase_increase) refers to lto-llvm-8c8e54.o(.bss.timebase_ticks) for timebase_ticks
    lto-llvm-8c8e54.o(.ARM.exidx.text.wk_timebase_increase) refers to lto-llvm-8c8e54.o(.text.wk_timebase_increase) for [Anonymous Symbol]
    lto-llvm-8c8e54.o(.text.wk_timebase_init) refers to lto-llvm-8c8e54.o(.text.crm_clocks_freq_get) for crm_clocks_freq_get
    lto-llvm-8c8e54.o(.text.wk_timebase_init) refers to lto-llvm-8c8e54.o(.text.systick_clock_source_config) for systick_clock_source_config
    lto-llvm-8c8e54.o(.ARM.exidx.text.wk_timebase_init) refers to lto-llvm-8c8e54.o(.text.wk_timebase_init) for [Anonymous Symbol]
    lto-llvm-8c8e54.o(.text.wk_timebase_handler) refers to lto-llvm-8c8e54.o(.text.wk_timebase_increase) for wk_timebase_increase
    lto-llvm-8c8e54.o(.ARM.exidx.text.wk_timebase_handler) refers to lto-llvm-8c8e54.o(.text.wk_timebase_handler) for [Anonymous Symbol]
    lto-llvm-8c8e54.o(.text.wk_crc_init) refers to lto-llvm-8c8e54.o(.text.crc_init_data_set) for crc_init_data_set
    lto-llvm-8c8e54.o(.text.wk_crc_init) refers to lto-llvm-8c8e54.o(.text.crc_poly_size_set) for crc_poly_size_set
    lto-llvm-8c8e54.o(.text.wk_crc_init) refers to lto-llvm-8c8e54.o(.text.crc_poly_value_set) for crc_poly_value_set
    lto-llvm-8c8e54.o(.text.wk_crc_init) refers to lto-llvm-8c8e54.o(.text.crc_reverse_input_data_set) for crc_reverse_input_data_set
    lto-llvm-8c8e54.o(.text.wk_crc_init) refers to lto-llvm-8c8e54.o(.text.crc_reverse_output_data_set) for crc_reverse_output_data_set
    lto-llvm-8c8e54.o(.text.wk_crc_init) refers to lto-llvm-8c8e54.o(.text.crc_data_reset) for crc_data_reset
    lto-llvm-8c8e54.o(.ARM.exidx.text.wk_crc_init) refers to lto-llvm-8c8e54.o(.text.wk_crc_init) for [Anonymous Symbol]
    lto-llvm-8c8e54.o(.text.wk_debug_config) refers to lto-llvm-8c8e54.o(.text.gpio_pin_remap_config) for gpio_pin_remap_config
    lto-llvm-8c8e54.o(.ARM.exidx.text.wk_debug_config) refers to lto-llvm-8c8e54.o(.text.wk_debug_config) for [Anonymous Symbol]
    lto-llvm-8c8e54.o(.text.wk_usart1_init) refers to lto-llvm-8c8e54.o(.text.gpio_default_para_init) for gpio_default_para_init
    lto-llvm-8c8e54.o(.text.wk_usart1_init) refers to lto-llvm-8c8e54.o(.text.gpio_init) for gpio_init
    lto-llvm-8c8e54.o(.text.wk_usart1_init) refers to lto-llvm-8c8e54.o(.text.usart_init) for usart_init
    lto-llvm-8c8e54.o(.text.wk_usart1_init) refers to lto-llvm-8c8e54.o(.text.usart_transmitter_enable) for usart_transmitter_enable
    lto-llvm-8c8e54.o(.text.wk_usart1_init) refers to lto-llvm-8c8e54.o(.text.usart_receiver_enable) for usart_receiver_enable
    lto-llvm-8c8e54.o(.text.wk_usart1_init) refers to lto-llvm-8c8e54.o(.text.usart_parity_selection_config) for usart_parity_selection_config
    lto-llvm-8c8e54.o(.text.wk_usart1_init) refers to lto-llvm-8c8e54.o(.text.usart_hardware_flow_control_set) for usart_hardware_flow_control_set
    lto-llvm-8c8e54.o(.text.wk_usart1_init) refers to lto-llvm-8c8e54.o(.text.usart_interrupt_enable) for usart_interrupt_enable
    lto-llvm-8c8e54.o(.text.wk_usart1_init) refers to lto-llvm-8c8e54.o(.text.usart_enable) for usart_enable
    lto-llvm-8c8e54.o(.ARM.exidx.text.wk_usart1_init) refers to lto-llvm-8c8e54.o(.text.wk_usart1_init) for [Anonymous Symbol]
    lto-llvm-8c8e54.o(.text.flash_2kb_write) refers to lto-llvm-8c8e54.o(.bss.pro_buff) for pro_buff
    lto-llvm-8c8e54.o(.text.flash_2kb_write) refers to lto-llvm-8c8e54.o(.text.flash_unlock) for flash_unlock
    lto-llvm-8c8e54.o(.text.flash_2kb_write) refers to lto-llvm-8c8e54.o(.text.flash_sector_erase) for flash_sector_erase
    lto-llvm-8c8e54.o(.text.flash_2kb_write) refers to lto-llvm-8c8e54.o(.text.flash_halfword_program) for flash_halfword_program
    lto-llvm-8c8e54.o(.text.flash_2kb_write) refers to lto-llvm-8c8e54.o(.text.flash_lock) for flash_lock
    lto-llvm-8c8e54.o(.ARM.exidx.text.flash_2kb_write) refers to lto-llvm-8c8e54.o(.text.flash_2kb_write) for [Anonymous Symbol]
    lto-llvm-8c8e54.o(.ARM.exidx.text.flash_upgrade_flag_read) refers to lto-llvm-8c8e54.o(.text.flash_upgrade_flag_read) for [Anonymous Symbol]
    lto-llvm-8c8e54.o(.text.app_load) refers to lto-llvm-8c8e54.o(.text.crm_periph_clock_enable) for crm_periph_clock_enable
    lto-llvm-8c8e54.o(.text.app_load) refers to lto-llvm-8c8e54.o(.text.nvic_irq_disable) for nvic_irq_disable
    lto-llvm-8c8e54.o(.text.app_load) refers to lto-llvm-8c8e54.o(.text.__NVIC_ClearPendingIRQ) for __NVIC_ClearPendingIRQ
    lto-llvm-8c8e54.o(.text.app_load) refers to lto-llvm-8c8e54.o(.bss.jump_to_app) for jump_to_app
    lto-llvm-8c8e54.o(.ARM.exidx.text.app_load) refers to lto-llvm-8c8e54.o(.text.app_load) for [Anonymous Symbol]
    lto-llvm-8c8e54.o(.ARM.exidx.text.__NVIC_ClearPendingIRQ) refers to lto-llvm-8c8e54.o(.text.__NVIC_ClearPendingIRQ) for [Anonymous Symbol]
    lto-llvm-8c8e54.o(.ARM.exidx.text.crc_data_reset) refers to lto-llvm-8c8e54.o(.text.crc_data_reset) for [Anonymous Symbol]
    lto-llvm-8c8e54.o(.text.crc_block_calculate) refers to lto-llvm-8c8e54.o(.bss.usart1_crc_buff) for usart1_crc_buff
    lto-llvm-8c8e54.o(.ARM.exidx.text.crc_block_calculate) refers to lto-llvm-8c8e54.o(.text.crc_block_calculate) for [Anonymous Symbol]
    lto-llvm-8c8e54.o(.ARM.exidx.text.crc_init_data_set) refers to lto-llvm-8c8e54.o(.text.crc_init_data_set) for [Anonymous Symbol]
    lto-llvm-8c8e54.o(.ARM.exidx.text.crc_reverse_input_data_set) refers to lto-llvm-8c8e54.o(.text.crc_reverse_input_data_set) for [Anonymous Symbol]
    lto-llvm-8c8e54.o(.ARM.exidx.text.crc_reverse_output_data_set) refers to lto-llvm-8c8e54.o(.text.crc_reverse_output_data_set) for [Anonymous Symbol]
    lto-llvm-8c8e54.o(.ARM.exidx.text.crc_poly_value_set) refers to lto-llvm-8c8e54.o(.text.crc_poly_value_set) for [Anonymous Symbol]
    lto-llvm-8c8e54.o(.ARM.exidx.text.crc_poly_size_set) refers to lto-llvm-8c8e54.o(.text.crc_poly_size_set) for [Anonymous Symbol]
    lto-llvm-8c8e54.o(.ARM.exidx.text.crm_reset) refers to lto-llvm-8c8e54.o(.text.crm_reset) for [Anonymous Symbol]
    lto-llvm-8c8e54.o(.ARM.exidx.text.crm_flag_get) refers to lto-llvm-8c8e54.o(.text.crm_flag_get) for [Anonymous Symbol]
    lto-llvm-8c8e54.o(.text.crm_hext_stable_wait) refers to lto-llvm-8c8e54.o(.text.crm_flag_get) for crm_flag_get
    lto-llvm-8c8e54.o(.ARM.exidx.text.crm_hext_stable_wait) refers to lto-llvm-8c8e54.o(.text.crm_hext_stable_wait) for [Anonymous Symbol]
    lto-llvm-8c8e54.o(.ARM.exidx.text.crm_periph_clock_enable) refers to lto-llvm-8c8e54.o(.text.crm_periph_clock_enable) for [Anonymous Symbol]
    lto-llvm-8c8e54.o(.ARM.exidx.text.crm_clock_source_enable) refers to lto-llvm-8c8e54.o(.text.crm_clock_source_enable) for [Anonymous Symbol]
    lto-llvm-8c8e54.o(.ARM.exidx.text.crm_ahb_div_set) refers to lto-llvm-8c8e54.o(.text.crm_ahb_div_set) for [Anonymous Symbol]
    lto-llvm-8c8e54.o(.ARM.exidx.text.crm_apb1_div_set) refers to lto-llvm-8c8e54.o(.text.crm_apb1_div_set) for [Anonymous Symbol]
    lto-llvm-8c8e54.o(.ARM.exidx.text.crm_apb2_div_set) refers to lto-llvm-8c8e54.o(.text.crm_apb2_div_set) for [Anonymous Symbol]
    lto-llvm-8c8e54.o(.ARM.exidx.text.crm_pll_config) refers to lto-llvm-8c8e54.o(.text.crm_pll_config) for [Anonymous Symbol]
    lto-llvm-8c8e54.o(.ARM.exidx.text.crm_sysclk_switch) refers to lto-llvm-8c8e54.o(.text.crm_sysclk_switch) for [Anonymous Symbol]
    lto-llvm-8c8e54.o(.ARM.exidx.text.crm_sysclk_switch_status_get) refers to lto-llvm-8c8e54.o(.text.crm_sysclk_switch_status_get) for [Anonymous Symbol]
    lto-llvm-8c8e54.o(.text.crm_clocks_freq_get) refers to lto-llvm-8c8e54.o(.text.crm_sysclk_switch_status_get) for crm_sysclk_switch_status_get
    lto-llvm-8c8e54.o(.text.crm_clocks_freq_get) refers to lto-llvm-8c8e54.o(.rodata.cst16) for system_core_clock_update.sys_ahb_div_table
    lto-llvm-8c8e54.o(.text.crm_clocks_freq_get) refers to lto-llvm-8c8e54.o(.rodata.cst8) for crm_clocks_freq_get.ahb_apb2_div_table
    lto-llvm-8c8e54.o(.ARM.exidx.text.crm_clocks_freq_get) refers to lto-llvm-8c8e54.o(.text.crm_clocks_freq_get) for [Anonymous Symbol]
    lto-llvm-8c8e54.o(.ARM.exidx.text.crm_auto_step_mode_enable) refers to lto-llvm-8c8e54.o(.text.crm_auto_step_mode_enable) for [Anonymous Symbol]
    lto-llvm-8c8e54.o(.ARM.exidx.text.flash_bank1_operation_status_get) refers to lto-llvm-8c8e54.o(.text.flash_bank1_operation_status_get) for [Anonymous Symbol]
    lto-llvm-8c8e54.o(.ARM.exidx.text.flash_bank2_operation_status_get) refers to lto-llvm-8c8e54.o(.text.flash_bank2_operation_status_get) for [Anonymous Symbol]
    lto-llvm-8c8e54.o(.ARM.exidx.text.flash_spim_operation_status_get) refers to lto-llvm-8c8e54.o(.text.flash_spim_operation_status_get) for [Anonymous Symbol]
    lto-llvm-8c8e54.o(.text.flash_bank1_operation_wait_for) refers to lto-llvm-8c8e54.o(.text.flash_bank1_operation_status_get) for flash_bank1_operation_status_get
    lto-llvm-8c8e54.o(.ARM.exidx.text.flash_bank1_operation_wait_for) refers to lto-llvm-8c8e54.o(.text.flash_bank1_operation_wait_for) for [Anonymous Symbol]
    lto-llvm-8c8e54.o(.text.flash_bank2_operation_wait_for) refers to lto-llvm-8c8e54.o(.text.flash_bank2_operation_status_get) for flash_bank2_operation_status_get
    lto-llvm-8c8e54.o(.ARM.exidx.text.flash_bank2_operation_wait_for) refers to lto-llvm-8c8e54.o(.text.flash_bank2_operation_wait_for) for [Anonymous Symbol]
    lto-llvm-8c8e54.o(.text.flash_spim_operation_wait_for) refers to lto-llvm-8c8e54.o(.text.flash_spim_operation_status_get) for flash_spim_operation_status_get
    lto-llvm-8c8e54.o(.ARM.exidx.text.flash_spim_operation_wait_for) refers to lto-llvm-8c8e54.o(.text.flash_spim_operation_wait_for) for [Anonymous Symbol]
    lto-llvm-8c8e54.o(.ARM.exidx.text.flash_unlock) refers to lto-llvm-8c8e54.o(.text.flash_unlock) for [Anonymous Symbol]
    lto-llvm-8c8e54.o(.ARM.exidx.text.flash_lock) refers to lto-llvm-8c8e54.o(.text.flash_lock) for [Anonymous Symbol]
    lto-llvm-8c8e54.o(.text.flash_sector_erase) refers to lto-llvm-8c8e54.o(.text.flash_bank1_operation_wait_for) for flash_bank1_operation_wait_for
    lto-llvm-8c8e54.o(.text.flash_sector_erase) refers to lto-llvm-8c8e54.o(.text.flash_bank2_operation_wait_for) for flash_bank2_operation_wait_for
    lto-llvm-8c8e54.o(.text.flash_sector_erase) refers to lto-llvm-8c8e54.o(.text.flash_spim_operation_wait_for) for flash_spim_operation_wait_for
    lto-llvm-8c8e54.o(.text.flash_sector_erase) refers to lto-llvm-8c8e54.o(.text.flash_spim_dummy_read) for flash_spim_dummy_read
    lto-llvm-8c8e54.o(.ARM.exidx.text.flash_sector_erase) refers to lto-llvm-8c8e54.o(.text.flash_sector_erase) for [Anonymous Symbol]
    lto-llvm-8c8e54.o(.ARM.exidx.text.flash_spim_dummy_read) refers to lto-llvm-8c8e54.o(.text.flash_spim_dummy_read) for [Anonymous Symbol]
    lto-llvm-8c8e54.o(.text.flash_halfword_program) refers to lto-llvm-8c8e54.o(.text.flash_bank1_operation_wait_for) for flash_bank1_operation_wait_for
    lto-llvm-8c8e54.o(.text.flash_halfword_program) refers to lto-llvm-8c8e54.o(.text.flash_bank2_operation_wait_for) for flash_bank2_operation_wait_for
    lto-llvm-8c8e54.o(.text.flash_halfword_program) refers to lto-llvm-8c8e54.o(.text.flash_spim_operation_wait_for) for flash_spim_operation_wait_for
    lto-llvm-8c8e54.o(.text.flash_halfword_program) refers to lto-llvm-8c8e54.o(.text.flash_spim_dummy_read) for flash_spim_dummy_read
    lto-llvm-8c8e54.o(.ARM.exidx.text.flash_halfword_program) refers to lto-llvm-8c8e54.o(.text.flash_halfword_program) for [Anonymous Symbol]
    lto-llvm-8c8e54.o(.ARM.exidx.text.gpio_init) refers to lto-llvm-8c8e54.o(.text.gpio_init) for [Anonymous Symbol]
    lto-llvm-8c8e54.o(.ARM.exidx.text.gpio_default_para_init) refers to lto-llvm-8c8e54.o(.text.gpio_default_para_init) for [Anonymous Symbol]
    lto-llvm-8c8e54.o(.ARM.exidx.text.gpio_pin_remap_config) refers to lto-llvm-8c8e54.o(.text.gpio_pin_remap_config) for [Anonymous Symbol]
    lto-llvm-8c8e54.o(.text.nvic_irq_enable) refers to lto-llvm-8c8e54.o(.text.__NVIC_GetPriorityGrouping.83) for __NVIC_GetPriorityGrouping.83
    lto-llvm-8c8e54.o(.text.nvic_irq_enable) refers to lto-llvm-8c8e54.o(.text.NVIC_EncodePriority.84) for NVIC_EncodePriority.84
    lto-llvm-8c8e54.o(.text.nvic_irq_enable) refers to lto-llvm-8c8e54.o(.text.__NVIC_SetPriority.85) for __NVIC_SetPriority.85
    lto-llvm-8c8e54.o(.text.nvic_irq_enable) refers to lto-llvm-8c8e54.o(.text.__NVIC_EnableIRQ) for __NVIC_EnableIRQ
    lto-llvm-8c8e54.o(.ARM.exidx.text.nvic_irq_enable) refers to lto-llvm-8c8e54.o(.text.nvic_irq_enable) for [Anonymous Symbol]
    lto-llvm-8c8e54.o(.ARM.exidx.text.__NVIC_GetPriorityGrouping.83) refers to lto-llvm-8c8e54.o(.text.__NVIC_GetPriorityGrouping.83) for [Anonymous Symbol]
    lto-llvm-8c8e54.o(.ARM.exidx.text.NVIC_EncodePriority.84) refers to lto-llvm-8c8e54.o(.text.NVIC_EncodePriority.84) for [Anonymous Symbol]
    lto-llvm-8c8e54.o(.ARM.exidx.text.__NVIC_SetPriority.85) refers to lto-llvm-8c8e54.o(.text.__NVIC_SetPriority.85) for [Anonymous Symbol]
    lto-llvm-8c8e54.o(.ARM.exidx.text.__NVIC_EnableIRQ) refers to lto-llvm-8c8e54.o(.text.__NVIC_EnableIRQ) for [Anonymous Symbol]
    lto-llvm-8c8e54.o(.text.nvic_irq_disable) refers to lto-llvm-8c8e54.o(.text.__NVIC_DisableIRQ) for __NVIC_DisableIRQ
    lto-llvm-8c8e54.o(.ARM.exidx.text.nvic_irq_disable) refers to lto-llvm-8c8e54.o(.text.nvic_irq_disable) for [Anonymous Symbol]
    lto-llvm-8c8e54.o(.ARM.exidx.text.__NVIC_DisableIRQ) refers to lto-llvm-8c8e54.o(.text.__NVIC_DisableIRQ) for [Anonymous Symbol]
    lto-llvm-8c8e54.o(.text.nvic_priority_group_config) refers to lto-llvm-8c8e54.o(.text.__NVIC_SetPriorityGrouping) for __NVIC_SetPriorityGrouping
    lto-llvm-8c8e54.o(.ARM.exidx.text.nvic_priority_group_config) refers to lto-llvm-8c8e54.o(.text.nvic_priority_group_config) for [Anonymous Symbol]
    lto-llvm-8c8e54.o(.ARM.exidx.text.__NVIC_SetPriorityGrouping) refers to lto-llvm-8c8e54.o(.text.__NVIC_SetPriorityGrouping) for [Anonymous Symbol]
    lto-llvm-8c8e54.o(.ARM.exidx.text.systick_clock_source_config) refers to lto-llvm-8c8e54.o(.text.systick_clock_source_config) for [Anonymous Symbol]
    lto-llvm-8c8e54.o(.text.usart_init) refers to lto-llvm-8c8e54.o(.text.crm_clocks_freq_get) for crm_clocks_freq_get
    lto-llvm-8c8e54.o(.ARM.exidx.text.usart_init) refers to lto-llvm-8c8e54.o(.text.usart_init) for [Anonymous Symbol]
    lto-llvm-8c8e54.o(.ARM.exidx.text.usart_parity_selection_config) refers to lto-llvm-8c8e54.o(.text.usart_parity_selection_config) for [Anonymous Symbol]
    lto-llvm-8c8e54.o(.ARM.exidx.text.usart_enable) refers to lto-llvm-8c8e54.o(.text.usart_enable) for [Anonymous Symbol]
    lto-llvm-8c8e54.o(.ARM.exidx.text.usart_transmitter_enable) refers to lto-llvm-8c8e54.o(.text.usart_transmitter_enable) for [Anonymous Symbol]
    lto-llvm-8c8e54.o(.ARM.exidx.text.usart_receiver_enable) refers to lto-llvm-8c8e54.o(.text.usart_receiver_enable) for [Anonymous Symbol]
    lto-llvm-8c8e54.o(.ARM.exidx.text.usart_interrupt_enable) refers to lto-llvm-8c8e54.o(.text.usart_interrupt_enable) for [Anonymous Symbol]
    lto-llvm-8c8e54.o(.ARM.exidx.text.usart_data_transmit) refers to lto-llvm-8c8e54.o(.text.usart_data_transmit) for [Anonymous Symbol]
    lto-llvm-8c8e54.o(.ARM.exidx.text.usart_data_receive) refers to lto-llvm-8c8e54.o(.text.usart_data_receive) for [Anonymous Symbol]
    lto-llvm-8c8e54.o(.ARM.exidx.text.usart_hardware_flow_control_set) refers to lto-llvm-8c8e54.o(.text.usart_hardware_flow_control_set) for [Anonymous Symbol]
    lto-llvm-8c8e54.o(.ARM.exidx.text.usart_flag_get) refers to lto-llvm-8c8e54.o(.text.usart_flag_get) for [Anonymous Symbol]
    lto-llvm-8c8e54.o(.ARM.exidx.text.usart_interrupt_flag_get) refers to lto-llvm-8c8e54.o(.text.usart_interrupt_flag_get) for [Anonymous Symbol]
    lto-llvm-8c8e54.o(.ARM.exidx.text.SystemInit) refers to lto-llvm-8c8e54.o(.text.SystemInit) for [Anonymous Symbol]
    lto-llvm-8c8e54.o(.text.system_core_clock_update) refers to lto-llvm-8c8e54.o(.text.crm_sysclk_switch_status_get) for crm_sysclk_switch_status_get
    lto-llvm-8c8e54.o(.text.system_core_clock_update) refers to lto-llvm-8c8e54.o(.data.system_core_clock) for system_core_clock
    lto-llvm-8c8e54.o(.text.system_core_clock_update) refers to lto-llvm-8c8e54.o(.rodata.cst16) for system_core_clock_update.sys_ahb_div_table
    lto-llvm-8c8e54.o(.ARM.exidx.text.system_core_clock_update) refers to lto-llvm-8c8e54.o(.text.system_core_clock_update) for [Anonymous Symbol]


==============================================================================

Removing Unused input sections from the image.

    Removing startup_at32f403a_407.o(HEAP), (512 bytes).
    Removing lto-llvm-8c8e54.o(.text), (0 bytes).
    Removing lto-llvm-8c8e54.o(.ARM.exidx.text.main), (8 bytes).
    Removing lto-llvm-8c8e54.o(.ARM.exidx.text.wk_system_clock_config), (8 bytes).
    Removing lto-llvm-8c8e54.o(.ARM.exidx.text.wk_periph_clock_config), (8 bytes).
    Removing lto-llvm-8c8e54.o(.ARM.exidx.text.wk_nvic_config), (8 bytes).
    Removing lto-llvm-8c8e54.o(.ARM.exidx.text.__NVIC_GetPriorityGrouping), (8 bytes).
    Removing lto-llvm-8c8e54.o(.ARM.exidx.text.NVIC_EncodePriority), (8 bytes).
    Removing lto-llvm-8c8e54.o(.ARM.exidx.text.__NVIC_SetPriority), (8 bytes).
    Removing lto-llvm-8c8e54.o(.ARM.exidx.text.NMI_Handler), (8 bytes).
    Removing lto-llvm-8c8e54.o(.ARM.exidx.text.HardFault_Handler), (8 bytes).
    Removing lto-llvm-8c8e54.o(.ARM.exidx.text.MemManage_Handler), (8 bytes).
    Removing lto-llvm-8c8e54.o(.ARM.exidx.text.BusFault_Handler), (8 bytes).
    Removing lto-llvm-8c8e54.o(.ARM.exidx.text.UsageFault_Handler), (8 bytes).
    Removing lto-llvm-8c8e54.o(.ARM.exidx.text.SVC_Handler), (8 bytes).
    Removing lto-llvm-8c8e54.o(.ARM.exidx.text.DebugMon_Handler), (8 bytes).
    Removing lto-llvm-8c8e54.o(.ARM.exidx.text.PendSV_Handler), (8 bytes).
    Removing lto-llvm-8c8e54.o(.ARM.exidx.text.SysTick_Handler), (8 bytes).
    Removing lto-llvm-8c8e54.o(.ARM.exidx.text.USART1_IRQHandler), (8 bytes).
    Removing lto-llvm-8c8e54.o(.ARM.exidx.text.convert_data), (8 bytes).
    Removing lto-llvm-8c8e54.o(.ARM.exidx.text.usart1_connet_pc), (8 bytes).
    Removing lto-llvm-8c8e54.o(.ARM.exidx.text.usart1_send_ok), (8 bytes).
    Removing lto-llvm-8c8e54.o(.ARM.exidx.text.copy_array), (8 bytes).
    Removing lto-llvm-8c8e54.o(.ARM.exidx.text.usart1_send_error), (8 bytes).
    Removing lto-llvm-8c8e54.o(.ARM.exidx.text.wk_timebase_increase), (8 bytes).
    Removing lto-llvm-8c8e54.o(.ARM.exidx.text.wk_timebase_init), (8 bytes).
    Removing lto-llvm-8c8e54.o(.ARM.exidx.text.wk_timebase_handler), (8 bytes).
    Removing lto-llvm-8c8e54.o(.ARM.exidx.text.wk_crc_init), (8 bytes).
    Removing lto-llvm-8c8e54.o(.ARM.exidx.text.wk_debug_config), (8 bytes).
    Removing lto-llvm-8c8e54.o(.ARM.exidx.text.wk_usart1_init), (8 bytes).
    Removing lto-llvm-8c8e54.o(.ARM.exidx.text.flash_2kb_write), (8 bytes).
    Removing lto-llvm-8c8e54.o(.ARM.exidx.text.flash_upgrade_flag_read), (8 bytes).
    Removing lto-llvm-8c8e54.o(.ARM.exidx.text.app_load), (8 bytes).
    Removing lto-llvm-8c8e54.o(.ARM.exidx.text.__NVIC_ClearPendingIRQ), (8 bytes).
    Removing lto-llvm-8c8e54.o(.ARM.exidx.text.crc_data_reset), (8 bytes).
    Removing lto-llvm-8c8e54.o(.ARM.exidx.text.crc_block_calculate), (8 bytes).
    Removing lto-llvm-8c8e54.o(.ARM.exidx.text.crc_init_data_set), (8 bytes).
    Removing lto-llvm-8c8e54.o(.ARM.exidx.text.crc_reverse_input_data_set), (8 bytes).
    Removing lto-llvm-8c8e54.o(.ARM.exidx.text.crc_reverse_output_data_set), (8 bytes).
    Removing lto-llvm-8c8e54.o(.ARM.exidx.text.crc_poly_value_set), (8 bytes).
    Removing lto-llvm-8c8e54.o(.ARM.exidx.text.crc_poly_size_set), (8 bytes).
    Removing lto-llvm-8c8e54.o(.ARM.exidx.text.crm_reset), (8 bytes).
    Removing lto-llvm-8c8e54.o(.ARM.exidx.text.crm_flag_get), (8 bytes).
    Removing lto-llvm-8c8e54.o(.ARM.exidx.text.crm_hext_stable_wait), (8 bytes).
    Removing lto-llvm-8c8e54.o(.ARM.exidx.text.crm_periph_clock_enable), (8 bytes).
    Removing lto-llvm-8c8e54.o(.ARM.exidx.text.crm_clock_source_enable), (8 bytes).
    Removing lto-llvm-8c8e54.o(.ARM.exidx.text.crm_ahb_div_set), (8 bytes).
    Removing lto-llvm-8c8e54.o(.ARM.exidx.text.crm_apb1_div_set), (8 bytes).
    Removing lto-llvm-8c8e54.o(.ARM.exidx.text.crm_apb2_div_set), (8 bytes).
    Removing lto-llvm-8c8e54.o(.ARM.exidx.text.crm_pll_config), (8 bytes).
    Removing lto-llvm-8c8e54.o(.ARM.exidx.text.crm_sysclk_switch), (8 bytes).
    Removing lto-llvm-8c8e54.o(.ARM.exidx.text.crm_sysclk_switch_status_get), (8 bytes).
    Removing lto-llvm-8c8e54.o(.ARM.exidx.text.crm_clocks_freq_get), (8 bytes).
    Removing lto-llvm-8c8e54.o(.ARM.exidx.text.crm_auto_step_mode_enable), (8 bytes).
    Removing lto-llvm-8c8e54.o(.ARM.exidx.text.flash_bank1_operation_status_get), (8 bytes).
    Removing lto-llvm-8c8e54.o(.ARM.exidx.text.flash_bank2_operation_status_get), (8 bytes).
    Removing lto-llvm-8c8e54.o(.ARM.exidx.text.flash_spim_operation_status_get), (8 bytes).
    Removing lto-llvm-8c8e54.o(.ARM.exidx.text.flash_bank1_operation_wait_for), (8 bytes).
    Removing lto-llvm-8c8e54.o(.ARM.exidx.text.flash_bank2_operation_wait_for), (8 bytes).
    Removing lto-llvm-8c8e54.o(.ARM.exidx.text.flash_spim_operation_wait_for), (8 bytes).
    Removing lto-llvm-8c8e54.o(.ARM.exidx.text.flash_unlock), (8 bytes).
    Removing lto-llvm-8c8e54.o(.ARM.exidx.text.flash_lock), (8 bytes).
    Removing lto-llvm-8c8e54.o(.ARM.exidx.text.flash_sector_erase), (8 bytes).
    Removing lto-llvm-8c8e54.o(.ARM.exidx.text.flash_spim_dummy_read), (8 bytes).
    Removing lto-llvm-8c8e54.o(.ARM.exidx.text.flash_halfword_program), (8 bytes).
    Removing lto-llvm-8c8e54.o(.ARM.exidx.text.gpio_init), (8 bytes).
    Removing lto-llvm-8c8e54.o(.ARM.exidx.text.gpio_default_para_init), (8 bytes).
    Removing lto-llvm-8c8e54.o(.ARM.exidx.text.gpio_pin_remap_config), (8 bytes).
    Removing lto-llvm-8c8e54.o(.ARM.exidx.text.nvic_irq_enable), (8 bytes).
    Removing lto-llvm-8c8e54.o(.ARM.exidx.text.__NVIC_GetPriorityGrouping.83), (8 bytes).
    Removing lto-llvm-8c8e54.o(.ARM.exidx.text.NVIC_EncodePriority.84), (8 bytes).
    Removing lto-llvm-8c8e54.o(.ARM.exidx.text.__NVIC_SetPriority.85), (8 bytes).
    Removing lto-llvm-8c8e54.o(.ARM.exidx.text.__NVIC_EnableIRQ), (8 bytes).
    Removing lto-llvm-8c8e54.o(.ARM.exidx.text.nvic_irq_disable), (8 bytes).
    Removing lto-llvm-8c8e54.o(.ARM.exidx.text.__NVIC_DisableIRQ), (8 bytes).
    Removing lto-llvm-8c8e54.o(.ARM.exidx.text.nvic_priority_group_config), (8 bytes).
    Removing lto-llvm-8c8e54.o(.ARM.exidx.text.__NVIC_SetPriorityGrouping), (8 bytes).
    Removing lto-llvm-8c8e54.o(.ARM.exidx.text.systick_clock_source_config), (8 bytes).
    Removing lto-llvm-8c8e54.o(.ARM.exidx.text.usart_init), (8 bytes).
    Removing lto-llvm-8c8e54.o(.ARM.exidx.text.usart_parity_selection_config), (8 bytes).
    Removing lto-llvm-8c8e54.o(.ARM.exidx.text.usart_enable), (8 bytes).
    Removing lto-llvm-8c8e54.o(.ARM.exidx.text.usart_transmitter_enable), (8 bytes).
    Removing lto-llvm-8c8e54.o(.ARM.exidx.text.usart_receiver_enable), (8 bytes).
    Removing lto-llvm-8c8e54.o(.ARM.exidx.text.usart_interrupt_enable), (8 bytes).
    Removing lto-llvm-8c8e54.o(.ARM.exidx.text.usart_data_transmit), (8 bytes).
    Removing lto-llvm-8c8e54.o(.ARM.exidx.text.usart_data_receive), (8 bytes).
    Removing lto-llvm-8c8e54.o(.ARM.exidx.text.usart_hardware_flow_control_set), (8 bytes).
    Removing lto-llvm-8c8e54.o(.ARM.exidx.text.usart_flag_get), (8 bytes).
    Removing lto-llvm-8c8e54.o(.ARM.exidx.text.usart_interrupt_flag_get), (8 bytes).
    Removing lto-llvm-8c8e54.o(.ARM.exidx.text.SystemInit), (8 bytes).
    Removing lto-llvm-8c8e54.o(.ARM.exidx.text.system_core_clock_update), (8 bytes).
    Removing lto-llvm-8c8e54.o(.ARM.use_no_argv), (4 bytes).

92 unused section(s) (total 1228 bytes) removed from the image.

==============================================================================

Image Symbol Table

    Local Symbols

    Symbol Name                              Value     Ov Type        Size  Object(Section)

    ../clib/microlib/init/entry.s            0x00000000   Number         0  entry.o ABSOLUTE
    ../clib/microlib/init/entry.s            0x00000000   Number         0  entry2.o ABSOLUTE
    ../clib/microlib/init/entry.s            0x00000000   Number         0  entry5.o ABSOLUTE
    ../clib/microlib/init/entry.s            0x00000000   Number         0  entry7a.o ABSOLUTE
    ../clib/microlib/init/entry.s            0x00000000   Number         0  entry7b.o ABSOLUTE
    ../clib/microlib/init/entry.s            0x00000000   Number         0  entry8a.o ABSOLUTE
    ../clib/microlib/init/entry.s            0x00000000   Number         0  entry8b.o ABSOLUTE
    ../clib/microlib/init/entry.s            0x00000000   Number         0  entry9a.o ABSOLUTE
    ../clib/microlib/init/entry.s            0x00000000   Number         0  entry9b.o ABSOLUTE
    ../clib/microlib/init/entry.s            0x00000000   Number         0  entry10a.o ABSOLUTE
    ../clib/microlib/init/entry.s            0x00000000   Number         0  entry10b.o ABSOLUTE
    ../clib/microlib/init/entry.s            0x00000000   Number         0  entry11a.o ABSOLUTE
    ../clib/microlib/init/entry.s            0x00000000   Number         0  entry11b.o ABSOLUTE
    dc.s                                     0x00000000   Number         0  dc.o ABSOLUTE
    handlers.s                               0x00000000   Number         0  handlers.o ABSOLUTE
    init.s                                   0x00000000   Number         0  init.o ABSOLUTE
    ld-temp.o                                0x00000000   Number         0  lto-llvm-8c8e54.o ABSOLUTE
    startup_at32f403a_407.s                  0x00000000   Number         0  startup_at32f403a_407.o ABSOLUTE
    RESET                                    0x08000000   Section      388  startup_at32f403a_407.o(RESET)
    .ARM.Collect$$$$00000000                 0x08000184   Section        0  entry.o(.ARM.Collect$$$$00000000)
    .ARM.Collect$$$$00000001                 0x08000184   Section        4  entry2.o(.ARM.Collect$$$$00000001)
    .ARM.Collect$$$$00000004                 0x08000188   Section        4  entry5.o(.ARM.Collect$$$$00000004)
    .ARM.Collect$$$$00000008                 0x0800018c   Section        0  entry7b.o(.ARM.Collect$$$$00000008)
    .ARM.Collect$$$$0000000A                 0x0800018c   Section        0  entry8b.o(.ARM.Collect$$$$0000000A)
    .ARM.Collect$$$$0000000B                 0x0800018c   Section        8  entry9a.o(.ARM.Collect$$$$0000000B)
    __lit__00000000                          0x08000194   Data           4  entry2.o(.ARM.Collect$$$$00002712)
    .ARM.Collect$$$$0000000D                 0x08000194   Section        0  entry10a.o(.ARM.Collect$$$$0000000D)
    .ARM.Collect$$$$0000000F                 0x08000194   Section        0  entry11a.o(.ARM.Collect$$$$0000000F)
    .ARM.Collect$$$$00002712                 0x08000194   Section        4  entry2.o(.ARM.Collect$$$$00002712)
    $v0                                      0x08000198   Number         0  startup_at32f403a_407.o(.text)
    .text                                    0x08000198   Section       36  startup_at32f403a_407.o(.text)
    .text                                    0x080001bc   Section       48  init.o(.text)
    [Anonymous Symbol]                       0x080001ec   Section        0  lto-llvm-8c8e54.o(.text.BusFault_Handler)
    [Anonymous Symbol]                       0x080001f0   Section        0  lto-llvm-8c8e54.o(.text.DebugMon_Handler)
    [Anonymous Symbol]                       0x080001f4   Section        0  lto-llvm-8c8e54.o(.text.HardFault_Handler)
    [Anonymous Symbol]                       0x080001f8   Section        0  lto-llvm-8c8e54.o(.text.MemManage_Handler)
    [Anonymous Symbol]                       0x080001fc   Section        0  lto-llvm-8c8e54.o(.text.NMI_Handler)
    NVIC_EncodePriority                      0x08000201   Thumb Code   100  lto-llvm-8c8e54.o(.text.NVIC_EncodePriority)
    [Anonymous Symbol]                       0x08000200   Section        0  lto-llvm-8c8e54.o(.text.NVIC_EncodePriority)
    NVIC_EncodePriority.84                   0x08000265   Thumb Code    98  lto-llvm-8c8e54.o(.text.NVIC_EncodePriority.84)
    [Anonymous Symbol]                       0x08000264   Section        0  lto-llvm-8c8e54.o(.text.NVIC_EncodePriority.84)
    [Anonymous Symbol]                       0x080002c8   Section        0  lto-llvm-8c8e54.o(.text.PendSV_Handler)
    [Anonymous Symbol]                       0x080002cc   Section        0  lto-llvm-8c8e54.o(.text.SVC_Handler)
    [Anonymous Symbol]                       0x080002d0   Section        0  lto-llvm-8c8e54.o(.text.SysTick_Handler)
    [Anonymous Symbol]                       0x080002d8   Section        0  lto-llvm-8c8e54.o(.text.SystemInit)
    [Anonymous Symbol]                       0x08000380   Section        0  lto-llvm-8c8e54.o(.text.USART1_IRQHandler)
    [Anonymous Symbol]                       0x0800060c   Section        0  lto-llvm-8c8e54.o(.text.UsageFault_Handler)
    __NVIC_ClearPendingIRQ                   0x08000611   Thumb Code    50  lto-llvm-8c8e54.o(.text.__NVIC_ClearPendingIRQ)
    [Anonymous Symbol]                       0x08000610   Section        0  lto-llvm-8c8e54.o(.text.__NVIC_ClearPendingIRQ)
    __NVIC_DisableIRQ                        0x08000645   Thumb Code    58  lto-llvm-8c8e54.o(.text.__NVIC_DisableIRQ)
    [Anonymous Symbol]                       0x08000644   Section        0  lto-llvm-8c8e54.o(.text.__NVIC_DisableIRQ)
    __NVIC_EnableIRQ                         0x08000681   Thumb Code    50  lto-llvm-8c8e54.o(.text.__NVIC_EnableIRQ)
    [Anonymous Symbol]                       0x08000680   Section        0  lto-llvm-8c8e54.o(.text.__NVIC_EnableIRQ)
    __NVIC_GetPriorityGrouping               0x080006b5   Thumb Code    16  lto-llvm-8c8e54.o(.text.__NVIC_GetPriorityGrouping)
    [Anonymous Symbol]                       0x080006b4   Section        0  lto-llvm-8c8e54.o(.text.__NVIC_GetPriorityGrouping)
    __NVIC_GetPriorityGrouping.83            0x080006c5   Thumb Code    16  lto-llvm-8c8e54.o(.text.__NVIC_GetPriorityGrouping.83)
    [Anonymous Symbol]                       0x080006c4   Section        0  lto-llvm-8c8e54.o(.text.__NVIC_GetPriorityGrouping.83)
    __NVIC_SetPriority                       0x080006d5   Thumb Code    66  lto-llvm-8c8e54.o(.text.__NVIC_SetPriority)
    [Anonymous Symbol]                       0x080006d4   Section        0  lto-llvm-8c8e54.o(.text.__NVIC_SetPriority)
    __NVIC_SetPriority.85                    0x08000719   Thumb Code    66  lto-llvm-8c8e54.o(.text.__NVIC_SetPriority.85)
    [Anonymous Symbol]                       0x08000718   Section        0  lto-llvm-8c8e54.o(.text.__NVIC_SetPriority.85)
    __NVIC_SetPriorityGrouping               0x0800075d   Thumb Code    60  lto-llvm-8c8e54.o(.text.__NVIC_SetPriorityGrouping)
    [Anonymous Symbol]                       0x0800075c   Section        0  lto-llvm-8c8e54.o(.text.__NVIC_SetPriorityGrouping)
    app_load                                 0x08000799   Thumb Code   296  lto-llvm-8c8e54.o(.text.app_load)
    [Anonymous Symbol]                       0x08000798   Section        0  lto-llvm-8c8e54.o(.text.app_load)
    convert_data                             0x080008c1   Thumb Code   232  lto-llvm-8c8e54.o(.text.convert_data)
    [Anonymous Symbol]                       0x080008c0   Section        0  lto-llvm-8c8e54.o(.text.convert_data)
    copy_array                               0x080009a9   Thumb Code   112  lto-llvm-8c8e54.o(.text.copy_array)
    [Anonymous Symbol]                       0x080009a8   Section        0  lto-llvm-8c8e54.o(.text.copy_array)
    crc_block_calculate                      0x08000a19   Thumb Code    74  lto-llvm-8c8e54.o(.text.crc_block_calculate)
    [Anonymous Symbol]                       0x08000a18   Section        0  lto-llvm-8c8e54.o(.text.crc_block_calculate)
    crc_data_reset                           0x08000a65   Thumb Code    18  lto-llvm-8c8e54.o(.text.crc_data_reset)
    [Anonymous Symbol]                       0x08000a64   Section        0  lto-llvm-8c8e54.o(.text.crc_data_reset)
    crc_init_data_set                        0x08000a79   Thumb Code    24  lto-llvm-8c8e54.o(.text.crc_init_data_set)
    [Anonymous Symbol]                       0x08000a78   Section        0  lto-llvm-8c8e54.o(.text.crc_init_data_set)
    crc_poly_size_set                        0x08000a91   Thumb Code    40  lto-llvm-8c8e54.o(.text.crc_poly_size_set)
    [Anonymous Symbol]                       0x08000a90   Section        0  lto-llvm-8c8e54.o(.text.crc_poly_size_set)
    crc_poly_value_set                       0x08000ab9   Thumb Code    28  lto-llvm-8c8e54.o(.text.crc_poly_value_set)
    [Anonymous Symbol]                       0x08000ab8   Section        0  lto-llvm-8c8e54.o(.text.crc_poly_value_set)
    crc_reverse_input_data_set               0x08000ad5   Thumb Code    40  lto-llvm-8c8e54.o(.text.crc_reverse_input_data_set)
    [Anonymous Symbol]                       0x08000ad4   Section        0  lto-llvm-8c8e54.o(.text.crc_reverse_input_data_set)
    crc_reverse_output_data_set              0x08000afd   Thumb Code    40  lto-llvm-8c8e54.o(.text.crc_reverse_output_data_set)
    [Anonymous Symbol]                       0x08000afc   Section        0  lto-llvm-8c8e54.o(.text.crc_reverse_output_data_set)
    crm_ahb_div_set                          0x08000b25   Thumb Code    40  lto-llvm-8c8e54.o(.text.crm_ahb_div_set)
    [Anonymous Symbol]                       0x08000b24   Section        0  lto-llvm-8c8e54.o(.text.crm_ahb_div_set)
    crm_apb1_div_set                         0x08000b4d   Thumb Code    40  lto-llvm-8c8e54.o(.text.crm_apb1_div_set)
    [Anonymous Symbol]                       0x08000b4c   Section        0  lto-llvm-8c8e54.o(.text.crm_apb1_div_set)
    crm_apb2_div_set                         0x08000b75   Thumb Code    40  lto-llvm-8c8e54.o(.text.crm_apb2_div_set)
    [Anonymous Symbol]                       0x08000b74   Section        0  lto-llvm-8c8e54.o(.text.crm_apb2_div_set)
    crm_auto_step_mode_enable                0x08000b9d   Thumb Code    56  lto-llvm-8c8e54.o(.text.crm_auto_step_mode_enable)
    [Anonymous Symbol]                       0x08000b9c   Section        0  lto-llvm-8c8e54.o(.text.crm_auto_step_mode_enable)
    crm_clock_source_enable                  0x08000bd5   Thumb Code   162  lto-llvm-8c8e54.o(.text.crm_clock_source_enable)
    [Anonymous Symbol]                       0x08000bd4   Section        0  lto-llvm-8c8e54.o(.text.crm_clock_source_enable)
    crm_clocks_freq_get                      0x08000c79   Thumb Code   470  lto-llvm-8c8e54.o(.text.crm_clocks_freq_get)
    [Anonymous Symbol]                       0x08000c78   Section        0  lto-llvm-8c8e54.o(.text.crm_clocks_freq_get)
    crm_flag_get                             0x08000e51   Thumb Code    62  lto-llvm-8c8e54.o(.text.crm_flag_get)
    [Anonymous Symbol]                       0x08000e50   Section        0  lto-llvm-8c8e54.o(.text.crm_flag_get)
    crm_hext_stable_wait                     0x08000e91   Thumb Code    92  lto-llvm-8c8e54.o(.text.crm_hext_stable_wait)
    [Anonymous Symbol]                       0x08000e90   Section        0  lto-llvm-8c8e54.o(.text.crm_hext_stable_wait)
    crm_periph_clock_enable                  0x08000eed   Thumb Code    84  lto-llvm-8c8e54.o(.text.crm_periph_clock_enable)
    [Anonymous Symbol]                       0x08000eec   Section        0  lto-llvm-8c8e54.o(.text.crm_periph_clock_enable)
    crm_pll_config                           0x08000f41   Thumb Code   194  lto-llvm-8c8e54.o(.text.crm_pll_config)
    [Anonymous Symbol]                       0x08000f40   Section        0  lto-llvm-8c8e54.o(.text.crm_pll_config)
    crm_reset                                0x08001005   Thumb Code   138  lto-llvm-8c8e54.o(.text.crm_reset)
    [Anonymous Symbol]                       0x08001004   Section        0  lto-llvm-8c8e54.o(.text.crm_reset)
    crm_sysclk_switch                        0x08001091   Thumb Code    72  lto-llvm-8c8e54.o(.text.crm_sysclk_switch)
    [Anonymous Symbol]                       0x08001090   Section        0  lto-llvm-8c8e54.o(.text.crm_sysclk_switch)
    crm_sysclk_switch_status_get             0x080010d9   Thumb Code    16  lto-llvm-8c8e54.o(.text.crm_sysclk_switch_status_get)
    [Anonymous Symbol]                       0x080010d8   Section        0  lto-llvm-8c8e54.o(.text.crm_sysclk_switch_status_get)
    flash_2kb_write                          0x080010e9   Thumb Code   132  lto-llvm-8c8e54.o(.text.flash_2kb_write)
    [Anonymous Symbol]                       0x080010e8   Section        0  lto-llvm-8c8e54.o(.text.flash_2kb_write)
    flash_bank1_operation_status_get         0x0800116d   Thumb Code   104  lto-llvm-8c8e54.o(.text.flash_bank1_operation_status_get)
    [Anonymous Symbol]                       0x0800116c   Section        0  lto-llvm-8c8e54.o(.text.flash_bank1_operation_status_get)
    flash_bank1_operation_wait_for           0x080011d5   Thumb Code    86  lto-llvm-8c8e54.o(.text.flash_bank1_operation_wait_for)
    [Anonymous Symbol]                       0x080011d4   Section        0  lto-llvm-8c8e54.o(.text.flash_bank1_operation_wait_for)
    flash_bank2_operation_status_get         0x0800122d   Thumb Code   104  lto-llvm-8c8e54.o(.text.flash_bank2_operation_status_get)
    [Anonymous Symbol]                       0x0800122c   Section        0  lto-llvm-8c8e54.o(.text.flash_bank2_operation_status_get)
    flash_bank2_operation_wait_for           0x08001295   Thumb Code    86  lto-llvm-8c8e54.o(.text.flash_bank2_operation_wait_for)
    [Anonymous Symbol]                       0x08001294   Section        0  lto-llvm-8c8e54.o(.text.flash_bank2_operation_wait_for)
    flash_halfword_program                   0x080012ed   Thumb Code   226  lto-llvm-8c8e54.o(.text.flash_halfword_program)
    [Anonymous Symbol]                       0x080012ec   Section        0  lto-llvm-8c8e54.o(.text.flash_halfword_program)
    flash_lock                               0x080013d1   Thumb Code    34  lto-llvm-8c8e54.o(.text.flash_lock)
    [Anonymous Symbol]                       0x080013d0   Section        0  lto-llvm-8c8e54.o(.text.flash_lock)
    flash_sector_erase                       0x080013f5   Thumb Code   258  lto-llvm-8c8e54.o(.text.flash_sector_erase)
    [Anonymous Symbol]                       0x080013f4   Section        0  lto-llvm-8c8e54.o(.text.flash_sector_erase)
    flash_spim_dummy_read                    0x080014f9   Thumb Code    28  lto-llvm-8c8e54.o(.text.flash_spim_dummy_read)
    [Anonymous Symbol]                       0x080014f8   Section        0  lto-llvm-8c8e54.o(.text.flash_spim_dummy_read)
    flash_spim_operation_status_get          0x08001515   Thumb Code   104  lto-llvm-8c8e54.o(.text.flash_spim_operation_status_get)
    [Anonymous Symbol]                       0x08001514   Section        0  lto-llvm-8c8e54.o(.text.flash_spim_operation_status_get)
    flash_spim_operation_wait_for            0x0800157d   Thumb Code    86  lto-llvm-8c8e54.o(.text.flash_spim_operation_wait_for)
    [Anonymous Symbol]                       0x0800157c   Section        0  lto-llvm-8c8e54.o(.text.flash_spim_operation_wait_for)
    flash_unlock                             0x080015d5   Thumb Code    42  lto-llvm-8c8e54.o(.text.flash_unlock)
    [Anonymous Symbol]                       0x080015d4   Section        0  lto-llvm-8c8e54.o(.text.flash_unlock)
    flash_upgrade_flag_read                  0x08001601   Thumb Code    50  lto-llvm-8c8e54.o(.text.flash_upgrade_flag_read)
    [Anonymous Symbol]                       0x08001600   Section        0  lto-llvm-8c8e54.o(.text.flash_upgrade_flag_read)
    gpio_default_para_init                   0x08001635   Thumb Code    38  lto-llvm-8c8e54.o(.text.gpio_default_para_init)
    [Anonymous Symbol]                       0x08001634   Section        0  lto-llvm-8c8e54.o(.text.gpio_default_para_init)
    gpio_init                                0x0800165d   Thumb Code   332  lto-llvm-8c8e54.o(.text.gpio_init)
    [Anonymous Symbol]                       0x0800165c   Section        0  lto-llvm-8c8e54.o(.text.gpio_init)
    gpio_pin_remap_config                    0x080017a9   Thumb Code   162  lto-llvm-8c8e54.o(.text.gpio_pin_remap_config)
    [Anonymous Symbol]                       0x080017a8   Section        0  lto-llvm-8c8e54.o(.text.gpio_pin_remap_config)
    [Anonymous Symbol]                       0x0800184c   Section        0  lto-llvm-8c8e54.o(.text.main)
    nvic_irq_disable                         0x080018e9   Thumb Code    20  lto-llvm-8c8e54.o(.text.nvic_irq_disable)
    [Anonymous Symbol]                       0x080018e8   Section        0  lto-llvm-8c8e54.o(.text.nvic_irq_disable)
    nvic_irq_enable                          0x080018fd   Thumb Code    54  lto-llvm-8c8e54.o(.text.nvic_irq_enable)
    [Anonymous Symbol]                       0x080018fc   Section        0  lto-llvm-8c8e54.o(.text.nvic_irq_enable)
    nvic_priority_group_config               0x08001935   Thumb Code    22  lto-llvm-8c8e54.o(.text.nvic_priority_group_config)
    [Anonymous Symbol]                       0x08001934   Section        0  lto-llvm-8c8e54.o(.text.nvic_priority_group_config)
    system_core_clock_update                 0x0800194d   Thumb Code   406  lto-llvm-8c8e54.o(.text.system_core_clock_update)
    [Anonymous Symbol]                       0x0800194c   Section        0  lto-llvm-8c8e54.o(.text.system_core_clock_update)
    systick_clock_source_config              0x08001ae5   Thumb Code    58  lto-llvm-8c8e54.o(.text.systick_clock_source_config)
    [Anonymous Symbol]                       0x08001ae4   Section        0  lto-llvm-8c8e54.o(.text.systick_clock_source_config)
    usart1_connet_pc                         0x08001b21   Thumb Code   174  lto-llvm-8c8e54.o(.text.usart1_connet_pc)
    [Anonymous Symbol]                       0x08001b20   Section        0  lto-llvm-8c8e54.o(.text.usart1_connet_pc)
    usart1_send_error                        0x08001bd1   Thumb Code   170  lto-llvm-8c8e54.o(.text.usart1_send_error)
    [Anonymous Symbol]                       0x08001bd0   Section        0  lto-llvm-8c8e54.o(.text.usart1_send_error)
    usart1_send_ok                           0x08001c7d   Thumb Code   170  lto-llvm-8c8e54.o(.text.usart1_send_ok)
    [Anonymous Symbol]                       0x08001c7c   Section        0  lto-llvm-8c8e54.o(.text.usart1_send_ok)
    usart_data_receive                       0x08001d29   Thumb Code    22  lto-llvm-8c8e54.o(.text.usart_data_receive)
    [Anonymous Symbol]                       0x08001d28   Section        0  lto-llvm-8c8e54.o(.text.usart_data_receive)
    usart_data_transmit                      0x08001d41   Thumb Code    32  lto-llvm-8c8e54.o(.text.usart_data_transmit)
    [Anonymous Symbol]                       0x08001d40   Section        0  lto-llvm-8c8e54.o(.text.usart_data_transmit)
    usart_enable                             0x08001d61   Thumb Code    44  lto-llvm-8c8e54.o(.text.usart_enable)
    [Anonymous Symbol]                       0x08001d60   Section        0  lto-llvm-8c8e54.o(.text.usart_enable)
    usart_flag_get                           0x08001d8d   Thumb Code    52  lto-llvm-8c8e54.o(.text.usart_flag_get)
    [Anonymous Symbol]                       0x08001d8c   Section        0  lto-llvm-8c8e54.o(.text.usart_flag_get)
    usart_hardware_flow_control_set          0x08001dc1   Thumb Code   154  lto-llvm-8c8e54.o(.text.usart_hardware_flow_control_set)
    [Anonymous Symbol]                       0x08001dc0   Section        0  lto-llvm-8c8e54.o(.text.usart_hardware_flow_control_set)
    usart_init                               0x08001e5d   Thumb Code   260  lto-llvm-8c8e54.o(.text.usart_init)
    [Anonymous Symbol]                       0x08001e5c   Section        0  lto-llvm-8c8e54.o(.text.usart_init)
    usart_interrupt_enable                   0x08001f61   Thumb Code    90  lto-llvm-8c8e54.o(.text.usart_interrupt_enable)
    [Anonymous Symbol]                       0x08001f60   Section        0  lto-llvm-8c8e54.o(.text.usart_interrupt_enable)
    usart_interrupt_flag_get                 0x08001fbd   Thumb Code   296  lto-llvm-8c8e54.o(.text.usart_interrupt_flag_get)
    [Anonymous Symbol]                       0x08001fbc   Section        0  lto-llvm-8c8e54.o(.text.usart_interrupt_flag_get)
    usart_parity_selection_config            0x080020e5   Thumb Code   120  lto-llvm-8c8e54.o(.text.usart_parity_selection_config)
    [Anonymous Symbol]                       0x080020e4   Section        0  lto-llvm-8c8e54.o(.text.usart_parity_selection_config)
    usart_receiver_enable                    0x0800215d   Thumb Code    44  lto-llvm-8c8e54.o(.text.usart_receiver_enable)
    [Anonymous Symbol]                       0x0800215c   Section        0  lto-llvm-8c8e54.o(.text.usart_receiver_enable)
    usart_transmitter_enable                 0x08002189   Thumb Code    44  lto-llvm-8c8e54.o(.text.usart_transmitter_enable)
    [Anonymous Symbol]                       0x08002188   Section        0  lto-llvm-8c8e54.o(.text.usart_transmitter_enable)
    wk_crc_init                              0x080021b5   Thumb Code    28  lto-llvm-8c8e54.o(.text.wk_crc_init)
    [Anonymous Symbol]                       0x080021b4   Section        0  lto-llvm-8c8e54.o(.text.wk_crc_init)
    wk_debug_config                          0x080021d1   Thumb Code     8  lto-llvm-8c8e54.o(.text.wk_debug_config)
    [Anonymous Symbol]                       0x080021d0   Section        0  lto-llvm-8c8e54.o(.text.wk_debug_config)
    wk_nvic_config                           0x080021d9   Thumb Code   152  lto-llvm-8c8e54.o(.text.wk_nvic_config)
    [Anonymous Symbol]                       0x080021d8   Section        0  lto-llvm-8c8e54.o(.text.wk_nvic_config)
    wk_periph_clock_config                   0x08002271   Thumb Code    62  lto-llvm-8c8e54.o(.text.wk_periph_clock_config)
    [Anonymous Symbol]                       0x08002270   Section        0  lto-llvm-8c8e54.o(.text.wk_periph_clock_config)
    wk_system_clock_config                   0x080022b1   Thumb Code   146  lto-llvm-8c8e54.o(.text.wk_system_clock_config)
    [Anonymous Symbol]                       0x080022b0   Section        0  lto-llvm-8c8e54.o(.text.wk_system_clock_config)
    wk_timebase_handler                      0x08002345   Thumb Code     8  lto-llvm-8c8e54.o(.text.wk_timebase_handler)
    [Anonymous Symbol]                       0x08002344   Section        0  lto-llvm-8c8e54.o(.text.wk_timebase_handler)
    wk_timebase_increase                     0x0800234d   Thumb Code    16  lto-llvm-8c8e54.o(.text.wk_timebase_increase)
    [Anonymous Symbol]                       0x0800234c   Section        0  lto-llvm-8c8e54.o(.text.wk_timebase_increase)
    wk_timebase_init                         0x0800235d   Thumb Code    86  lto-llvm-8c8e54.o(.text.wk_timebase_init)
    [Anonymous Symbol]                       0x0800235c   Section        0  lto-llvm-8c8e54.o(.text.wk_timebase_init)
    wk_usart1_init                           0x080023b5   Thumb Code   108  lto-llvm-8c8e54.o(.text.wk_usart1_init)
    [Anonymous Symbol]                       0x080023b4   Section        0  lto-llvm-8c8e54.o(.text.wk_usart1_init)
    i.__scatterload_copy                     0x08002420   Section       14  handlers.o(i.__scatterload_copy)
    i.__scatterload_null                     0x0800242e   Section        2  handlers.o(i.__scatterload_null)
    i.__scatterload_zeroinit                 0x08002430   Section       14  handlers.o(i.__scatterload_zeroinit)
    system_core_clock_update.sys_ahb_div_table 0x0800243e   Data          16  lto-llvm-8c8e54.o(.rodata.cst16)
    [Anonymous Symbol]                       0x0800243e   Section        0  lto-llvm-8c8e54.o(.rodata.cst16)
    crm_clocks_freq_get.ahb_apb2_div_table   0x0800244e   Data           8  lto-llvm-8c8e54.o(.rodata.cst8)
    [Anonymous Symbol]                       0x0800244e   Section        0  lto-llvm-8c8e54.o(.rodata.cst8)
    crm_clocks_freq_get.adc_div_table        0x08002456   Data           8  lto-llvm-8c8e54.o(.rodata.cst8)
    flash_add                                0x20000000   Data           4  lto-llvm-8c8e54.o(.data.flash_add)
    [Anonymous Symbol]                       0x20000000   Section        0  lto-llvm-8c8e54.o(.data.flash_add)
    system_core_clock                        0x20000004   Data           4  lto-llvm-8c8e54.o(.data.system_core_clock)
    [Anonymous Symbol]                       0x20000004   Section        0  lto-llvm-8c8e54.o(.data.system_core_clock)
    USART1_IRQHandler.count                  0x20000008   Data           2  lto-llvm-8c8e54.o(.bss.USART1_IRQHandler.count)
    [Anonymous Symbol]                       0x20000008   Section        0  lto-llvm-8c8e54.o(.bss.USART1_IRQHandler.count)
    USART1_IRQHandler.data_count             0x2000000a   Data           1  lto-llvm-8c8e54.o(.bss.USART1_IRQHandler.data_count)
    [Anonymous Symbol]                       0x2000000a   Section        0  lto-llvm-8c8e54.o(.bss.USART1_IRQHandler.data_count)
    USART1_IRQHandler.reval                  0x2000000c   Data           2  lto-llvm-8c8e54.o(.bss.USART1_IRQHandler.reval)
    [Anonymous Symbol]                       0x2000000c   Section        0  lto-llvm-8c8e54.o(.bss.USART1_IRQHandler.reval)
    iap_done                                 0x2000000e   Data           1  lto-llvm-8c8e54.o(.bss.iap_done)
    [Anonymous Symbol]                       0x2000000e   Section        0  lto-llvm-8c8e54.o(.bss.iap_done)
    jump_to_app                              0x20000010   Data           4  lto-llvm-8c8e54.o(.bss.jump_to_app)
    [Anonymous Symbol]                       0x20000010   Section        0  lto-llvm-8c8e54.o(.bss.jump_to_app)
    pro_buff                                 0x20000014   Data        2048  lto-llvm-8c8e54.o(.bss.pro_buff)
    [Anonymous Symbol]                       0x20000014   Section        0  lto-llvm-8c8e54.o(.bss.pro_buff)
    timebase_ticks                           0x20000814   Data           4  lto-llvm-8c8e54.o(.bss.timebase_ticks)
    [Anonymous Symbol]                       0x20000814   Section        0  lto-llvm-8c8e54.o(.bss.timebase_ticks)
    usart1_crc_buff                          0x20000818   Data        1032  lto-llvm-8c8e54.o(.bss.usart1_crc_buff)
    [Anonymous Symbol]                       0x20000818   Section        0  lto-llvm-8c8e54.o(.bss.usart1_crc_buff)
    usart1_rx_buff                           0x20000c20   Data        1036  lto-llvm-8c8e54.o(.bss.usart1_rx_buff)
    [Anonymous Symbol]                       0x20000c20   Section        0  lto-llvm-8c8e54.o(.bss.usart1_rx_buff)
    usart1_tx_buff                           0x2000102c   Data          22  lto-llvm-8c8e54.o(.bss.usart1_tx_buff)
    [Anonymous Symbol]                       0x2000102c   Section        0  lto-llvm-8c8e54.o(.bss.usart1_tx_buff)
    STACK                                    0x20001048   Section     1024  startup_at32f403a_407.o(STACK)

    Global Symbols

    Symbol Name                              Value     Ov Type        Size  Object(Section)

    BuildAttributes$$THM_ISAv4$E$P$D$K$B$S$7EM$VFPi3$EXTD16$VFPS$VFMA$PE$A:L22UL41UL21$X:L11$S22US41US21$IEEE1$IW$~IW$USESV6$~STKCKD$USESV7$~SHL$OSPACE$IEEEF$EBA8$MICROLIB$REQ8$PRES8$EABIv2 0x00000000   Number         0  anon$$obj.o ABSOLUTE
    __cpp_initialize__aeabi_                  - Undefined Weak Reference
    __cxa_finalize                            - Undefined Weak Reference
    __decompress                              - Undefined Weak Reference
    _clock_init                               - Undefined Weak Reference
    _microlib_exit                            - Undefined Weak Reference
    __Vectors_Size                           0x00000184   Number         0  startup_at32f403a_407.o ABSOLUTE
    __Vectors                                0x08000000   Data           4  startup_at32f403a_407.o(RESET)
    __Vectors_End                            0x08000184   Data           0  startup_at32f403a_407.o(RESET)
    __main                                   0x08000185   Thumb Code     0  entry.o(.ARM.Collect$$$$00000000)
    _main_stk                                0x08000185   Thumb Code     0  entry2.o(.ARM.Collect$$$$00000001)
    _main_scatterload                        0x08000189   Thumb Code     0  entry5.o(.ARM.Collect$$$$00000004)
    __main_after_scatterload                 0x0800018d   Thumb Code     0  entry5.o(.ARM.Collect$$$$00000004)
    _main_clock                              0x0800018d   Thumb Code     0  entry7b.o(.ARM.Collect$$$$00000008)
    _main_cpp_init                           0x0800018d   Thumb Code     0  entry8b.o(.ARM.Collect$$$$0000000A)
    _main_init                               0x0800018d   Thumb Code     0  entry9a.o(.ARM.Collect$$$$0000000B)
    __rt_final_cpp                           0x08000195   Thumb Code     0  entry10a.o(.ARM.Collect$$$$0000000D)
    __rt_final_exit                          0x08000195   Thumb Code     0  entry11a.o(.ARM.Collect$$$$0000000F)
    Reset_Handler                            0x08000199   Thumb Code     8  startup_at32f403a_407.o(.text)
    ACC_IRQHandler                           0x080001b3   Thumb Code     0  startup_at32f403a_407.o(.text)
    ADC1_2_IRQHandler                        0x080001b3   Thumb Code     0  startup_at32f403a_407.o(.text)
    ADC3_IRQHandler                          0x080001b3   Thumb Code     0  startup_at32f403a_407.o(.text)
    CAN1_RX1_IRQHandler                      0x080001b3   Thumb Code     0  startup_at32f403a_407.o(.text)
    CAN1_SE_IRQHandler                       0x080001b3   Thumb Code     0  startup_at32f403a_407.o(.text)
    CAN2_RX0_IRQHandler                      0x080001b3   Thumb Code     0  startup_at32f403a_407.o(.text)
    CAN2_RX1_IRQHandler                      0x080001b3   Thumb Code     0  startup_at32f403a_407.o(.text)
    CAN2_SE_IRQHandler                       0x080001b3   Thumb Code     0  startup_at32f403a_407.o(.text)
    CAN2_TX_IRQHandler                       0x080001b3   Thumb Code     0  startup_at32f403a_407.o(.text)
    CRM_IRQHandler                           0x080001b3   Thumb Code     0  startup_at32f403a_407.o(.text)
    DMA1_Channel1_IRQHandler                 0x080001b3   Thumb Code     0  startup_at32f403a_407.o(.text)
    DMA1_Channel2_IRQHandler                 0x080001b3   Thumb Code     0  startup_at32f403a_407.o(.text)
    DMA1_Channel3_IRQHandler                 0x080001b3   Thumb Code     0  startup_at32f403a_407.o(.text)
    DMA1_Channel4_IRQHandler                 0x080001b3   Thumb Code     0  startup_at32f403a_407.o(.text)
    DMA1_Channel5_IRQHandler                 0x080001b3   Thumb Code     0  startup_at32f403a_407.o(.text)
    DMA1_Channel6_IRQHandler                 0x080001b3   Thumb Code     0  startup_at32f403a_407.o(.text)
    DMA1_Channel7_IRQHandler                 0x080001b3   Thumb Code     0  startup_at32f403a_407.o(.text)
    DMA2_Channel1_IRQHandler                 0x080001b3   Thumb Code     0  startup_at32f403a_407.o(.text)
    DMA2_Channel2_IRQHandler                 0x080001b3   Thumb Code     0  startup_at32f403a_407.o(.text)
    DMA2_Channel3_IRQHandler                 0x080001b3   Thumb Code     0  startup_at32f403a_407.o(.text)
    DMA2_Channel4_5_IRQHandler               0x080001b3   Thumb Code     0  startup_at32f403a_407.o(.text)
    DMA2_Channel6_7_IRQHandler               0x080001b3   Thumb Code     0  startup_at32f403a_407.o(.text)
    EMAC_IRQHandler                          0x080001b3   Thumb Code     0  startup_at32f403a_407.o(.text)
    EMAC_WKUP_IRQHandler                     0x080001b3   Thumb Code     0  startup_at32f403a_407.o(.text)
    EXINT0_IRQHandler                        0x080001b3   Thumb Code     0  startup_at32f403a_407.o(.text)
    EXINT15_10_IRQHandler                    0x080001b3   Thumb Code     0  startup_at32f403a_407.o(.text)
    EXINT1_IRQHandler                        0x080001b3   Thumb Code     0  startup_at32f403a_407.o(.text)
    EXINT2_IRQHandler                        0x080001b3   Thumb Code     0  startup_at32f403a_407.o(.text)
    EXINT3_IRQHandler                        0x080001b3   Thumb Code     0  startup_at32f403a_407.o(.text)
    EXINT4_IRQHandler                        0x080001b3   Thumb Code     0  startup_at32f403a_407.o(.text)
    EXINT9_5_IRQHandler                      0x080001b3   Thumb Code     0  startup_at32f403a_407.o(.text)
    FLASH_IRQHandler                         0x080001b3   Thumb Code     0  startup_at32f403a_407.o(.text)
    I2C1_ERR_IRQHandler                      0x080001b3   Thumb Code     0  startup_at32f403a_407.o(.text)
    I2C1_EVT_IRQHandler                      0x080001b3   Thumb Code     0  startup_at32f403a_407.o(.text)
    I2C2_ERR_IRQHandler                      0x080001b3   Thumb Code     0  startup_at32f403a_407.o(.text)
    I2C2_EVT_IRQHandler                      0x080001b3   Thumb Code     0  startup_at32f403a_407.o(.text)
    I2C3_ERR_IRQHandler                      0x080001b3   Thumb Code     0  startup_at32f403a_407.o(.text)
    I2C3_EVT_IRQHandler                      0x080001b3   Thumb Code     0  startup_at32f403a_407.o(.text)
    PVM_IRQHandler                           0x080001b3   Thumb Code     0  startup_at32f403a_407.o(.text)
    RTCAlarm_IRQHandler                      0x080001b3   Thumb Code     0  startup_at32f403a_407.o(.text)
    RTC_IRQHandler                           0x080001b3   Thumb Code     0  startup_at32f403a_407.o(.text)
    SDIO1_IRQHandler                         0x080001b3   Thumb Code     0  startup_at32f403a_407.o(.text)
    SDIO2_IRQHandler                         0x080001b3   Thumb Code     0  startup_at32f403a_407.o(.text)
    SPI1_IRQHandler                          0x080001b3   Thumb Code     0  startup_at32f403a_407.o(.text)
    SPI2_I2S2EXT_IRQHandler                  0x080001b3   Thumb Code     0  startup_at32f403a_407.o(.text)
    SPI3_I2S3EXT_IRQHandler                  0x080001b3   Thumb Code     0  startup_at32f403a_407.o(.text)
    SPI4_IRQHandler                          0x080001b3   Thumb Code     0  startup_at32f403a_407.o(.text)
    TAMPER_IRQHandler                        0x080001b3   Thumb Code     0  startup_at32f403a_407.o(.text)
    TMR1_BRK_TMR9_IRQHandler                 0x080001b3   Thumb Code     0  startup_at32f403a_407.o(.text)
    TMR1_CH_IRQHandler                       0x080001b3   Thumb Code     0  startup_at32f403a_407.o(.text)
    TMR1_OVF_TMR10_IRQHandler                0x080001b3   Thumb Code     0  startup_at32f403a_407.o(.text)
    TMR1_TRG_HALL_TMR11_IRQHandler           0x080001b3   Thumb Code     0  startup_at32f403a_407.o(.text)
    TMR2_GLOBAL_IRQHandler                   0x080001b3   Thumb Code     0  startup_at32f403a_407.o(.text)
    TMR3_GLOBAL_IRQHandler                   0x080001b3   Thumb Code     0  startup_at32f403a_407.o(.text)
    TMR4_GLOBAL_IRQHandler                   0x080001b3   Thumb Code     0  startup_at32f403a_407.o(.text)
    TMR5_GLOBAL_IRQHandler                   0x080001b3   Thumb Code     0  startup_at32f403a_407.o(.text)
    TMR6_GLOBAL_IRQHandler                   0x080001b3   Thumb Code     0  startup_at32f403a_407.o(.text)
    TMR7_GLOBAL_IRQHandler                   0x080001b3   Thumb Code     0  startup_at32f403a_407.o(.text)
    TMR8_BRK_TMR12_IRQHandler                0x080001b3   Thumb Code     0  startup_at32f403a_407.o(.text)
    TMR8_CH_IRQHandler                       0x080001b3   Thumb Code     0  startup_at32f403a_407.o(.text)
    TMR8_OVF_TMR13_IRQHandler                0x080001b3   Thumb Code     0  startup_at32f403a_407.o(.text)
    TMR8_TRG_HALL_TMR14_IRQHandler           0x080001b3   Thumb Code     0  startup_at32f403a_407.o(.text)
    UART4_IRQHandler                         0x080001b3   Thumb Code     0  startup_at32f403a_407.o(.text)
    UART5_IRQHandler                         0x080001b3   Thumb Code     0  startup_at32f403a_407.o(.text)
    UART7_IRQHandler                         0x080001b3   Thumb Code     0  startup_at32f403a_407.o(.text)
    UART8_IRQHandler                         0x080001b3   Thumb Code     0  startup_at32f403a_407.o(.text)
    USART2_IRQHandler                        0x080001b3   Thumb Code     0  startup_at32f403a_407.o(.text)
    USART3_IRQHandler                        0x080001b3   Thumb Code     0  startup_at32f403a_407.o(.text)
    USART6_IRQHandler                        0x080001b3   Thumb Code     0  startup_at32f403a_407.o(.text)
    USBFSWakeUp_IRQHandler                   0x080001b3   Thumb Code     0  startup_at32f403a_407.o(.text)
    USBFS_H_CAN1_TX_IRQHandler               0x080001b3   Thumb Code     0  startup_at32f403a_407.o(.text)
    USBFS_L_CAN1_RX0_IRQHandler              0x080001b3   Thumb Code     0  startup_at32f403a_407.o(.text)
    USBFS_MAPH_IRQHandler                    0x080001b3   Thumb Code     0  startup_at32f403a_407.o(.text)
    USBFS_MAPL_IRQHandler                    0x080001b3   Thumb Code     0  startup_at32f403a_407.o(.text)
    WWDT_IRQHandler                          0x080001b3   Thumb Code     0  startup_at32f403a_407.o(.text)
    XMC_IRQHandler                           0x080001b3   Thumb Code     0  startup_at32f403a_407.o(.text)
    __scatterload                            0x080001bd   Thumb Code    38  init.o(.text)
    __scatterload_rt2                        0x080001bd   Thumb Code     0  init.o(.text)
    BusFault_Handler                         0x080001ed   Thumb Code     4  lto-llvm-8c8e54.o(.text.BusFault_Handler)
    DebugMon_Handler                         0x080001f1   Thumb Code     2  lto-llvm-8c8e54.o(.text.DebugMon_Handler)
    HardFault_Handler                        0x080001f5   Thumb Code     4  lto-llvm-8c8e54.o(.text.HardFault_Handler)
    MemManage_Handler                        0x080001f9   Thumb Code     4  lto-llvm-8c8e54.o(.text.MemManage_Handler)
    NMI_Handler                              0x080001fd   Thumb Code     2  lto-llvm-8c8e54.o(.text.NMI_Handler)
    PendSV_Handler                           0x080002c9   Thumb Code     2  lto-llvm-8c8e54.o(.text.PendSV_Handler)
    SVC_Handler                              0x080002cd   Thumb Code     2  lto-llvm-8c8e54.o(.text.SVC_Handler)
    SysTick_Handler                          0x080002d1   Thumb Code     8  lto-llvm-8c8e54.o(.text.SysTick_Handler)
    SystemInit                               0x080002d9   Thumb Code   168  lto-llvm-8c8e54.o(.text.SystemInit)
    USART1_IRQHandler                        0x08000381   Thumb Code   652  lto-llvm-8c8e54.o(.text.USART1_IRQHandler)
    UsageFault_Handler                       0x0800060d   Thumb Code     4  lto-llvm-8c8e54.o(.text.UsageFault_Handler)
    main                                     0x0800184d   Thumb Code   154  lto-llvm-8c8e54.o(.text.main)
    __scatterload_copy                       0x08002421   Thumb Code    14  handlers.o(i.__scatterload_copy)
    __scatterload_null                       0x0800242f   Thumb Code     2  handlers.o(i.__scatterload_null)
    __scatterload_zeroinit                   0x08002431   Thumb Code    14  handlers.o(i.__scatterload_zeroinit)
    Region$$Table$$Base                      0x08002460   Number         0  anon$$obj.o(Region$$Table)
    Region$$Table$$Limit                     0x08002480   Number         0  anon$$obj.o(Region$$Table)
    __initial_sp                             0x20001448   Data           0  startup_at32f403a_407.o(STACK)



==============================================================================

Memory Map of the image

  Image Entry point : 0x08000185

  Load Region LR_IROM1 (Base: 0x08000000, Size: 0x00002488, Max: 0x00004000, ABSOLUTE)

    Execution Region ER_IROM1 (Exec base: 0x08000000, Load base: 0x08000000, Size: 0x00002480, Max: 0x00004000, ABSOLUTE)

    Exec Addr    Load Addr    Size         Type   Attr      Idx    E Section Name        Object

    0x08000000   0x08000000   0x00000184   Data   RO           20    RESET               startup_at32f403a_407.o
    0x08000184   0x08000184   0x00000000   Code   RO           28  * .ARM.Collect$$$$00000000  mc_w.l(entry.o)
    0x08000184   0x08000184   0x00000004   Code   RO           31    .ARM.Collect$$$$00000001  mc_w.l(entry2.o)
    0x08000188   0x08000188   0x00000004   Code   RO           34    .ARM.Collect$$$$00000004  mc_w.l(entry5.o)
    0x0800018c   0x0800018c   0x00000000   Code   RO           36    .ARM.Collect$$$$00000008  mc_w.l(entry7b.o)
    0x0800018c   0x0800018c   0x00000000   Code   RO           38    .ARM.Collect$$$$0000000A  mc_w.l(entry8b.o)
    0x0800018c   0x0800018c   0x00000008   Code   RO           39    .ARM.Collect$$$$0000000B  mc_w.l(entry9a.o)
    0x08000194   0x08000194   0x00000000   Code   RO           41    .ARM.Collect$$$$0000000D  mc_w.l(entry10a.o)
    0x08000194   0x08000194   0x00000000   Code   RO           43    .ARM.Collect$$$$0000000F  mc_w.l(entry11a.o)
    0x08000194   0x08000194   0x00000004   Code   RO           32    .ARM.Collect$$$$00002712  mc_w.l(entry2.o)
    0x08000198   0x08000198   0x00000024   Code   RO           21    .text               startup_at32f403a_407.o
    0x080001bc   0x080001bc   0x00000030   Code   RO           45    .text               mc_w.l(init.o)
    0x080001ec   0x080001ec   0x00000004   Code   RO           68    .text.BusFault_Handler  lto-llvm-8c8e54.o
    0x080001f0   0x080001f0   0x00000002   Code   RO           74    .text.DebugMon_Handler  lto-llvm-8c8e54.o
    0x080001f2   0x080001f2   0x00000002   PAD
    0x080001f4   0x080001f4   0x00000004   Code   RO           64    .text.HardFault_Handler  lto-llvm-8c8e54.o
    0x080001f8   0x080001f8   0x00000004   Code   RO           66    .text.MemManage_Handler  lto-llvm-8c8e54.o
    0x080001fc   0x080001fc   0x00000002   Code   RO           62    .text.NMI_Handler   lto-llvm-8c8e54.o
    0x080001fe   0x080001fe   0x00000002   PAD
    0x08000200   0x08000200   0x00000064   Code   RO           58    .text.NVIC_EncodePriority  lto-llvm-8c8e54.o
    0x08000264   0x08000264   0x00000062   Code   RO          184    .text.NVIC_EncodePriority.84  lto-llvm-8c8e54.o
    0x080002c6   0x080002c6   0x00000002   PAD
    0x080002c8   0x080002c8   0x00000002   Code   RO           76    .text.PendSV_Handler  lto-llvm-8c8e54.o
    0x080002ca   0x080002ca   0x00000002   PAD
    0x080002cc   0x080002cc   0x00000002   Code   RO           72    .text.SVC_Handler   lto-llvm-8c8e54.o
    0x080002ce   0x080002ce   0x00000002   PAD
    0x080002d0   0x080002d0   0x00000008   Code   RO           78    .text.SysTick_Handler  lto-llvm-8c8e54.o
    0x080002d8   0x080002d8   0x000000a8   Code   RO          222    .text.SystemInit    lto-llvm-8c8e54.o
    0x08000380   0x08000380   0x0000028c   Code   RO           80    .text.USART1_IRQHandler  lto-llvm-8c8e54.o
    0x0800060c   0x0800060c   0x00000004   Code   RO           70    .text.UsageFault_Handler  lto-llvm-8c8e54.o
    0x08000610   0x08000610   0x00000032   Code   RO          110    .text.__NVIC_ClearPendingIRQ  lto-llvm-8c8e54.o
    0x08000642   0x08000642   0x00000002   PAD
    0x08000644   0x08000644   0x0000003a   Code   RO          192    .text.__NVIC_DisableIRQ  lto-llvm-8c8e54.o
    0x0800067e   0x0800067e   0x00000002   PAD
    0x08000680   0x08000680   0x00000032   Code   RO          188    .text.__NVIC_EnableIRQ  lto-llvm-8c8e54.o
    0x080006b2   0x080006b2   0x00000002   PAD
    0x080006b4   0x080006b4   0x00000010   Code   RO           56    .text.__NVIC_GetPriorityGrouping  lto-llvm-8c8e54.o
    0x080006c4   0x080006c4   0x00000010   Code   RO          182    .text.__NVIC_GetPriorityGrouping.83  lto-llvm-8c8e54.o
    0x080006d4   0x080006d4   0x00000042   Code   RO           60    .text.__NVIC_SetPriority  lto-llvm-8c8e54.o
    0x08000716   0x08000716   0x00000002   PAD
    0x08000718   0x08000718   0x00000042   Code   RO          186    .text.__NVIC_SetPriority.85  lto-llvm-8c8e54.o
    0x0800075a   0x0800075a   0x00000002   PAD
    0x0800075c   0x0800075c   0x0000003c   Code   RO          196    .text.__NVIC_SetPriorityGrouping  lto-llvm-8c8e54.o
    0x08000798   0x08000798   0x00000128   Code   RO          108    .text.app_load      lto-llvm-8c8e54.o
    0x080008c0   0x080008c0   0x000000e8   Code   RO           82    .text.convert_data  lto-llvm-8c8e54.o
    0x080009a8   0x080009a8   0x00000070   Code   RO           88    .text.copy_array    lto-llvm-8c8e54.o
    0x08000a18   0x08000a18   0x0000004a   Code   RO          114    .text.crc_block_calculate  lto-llvm-8c8e54.o
    0x08000a62   0x08000a62   0x00000002   PAD
    0x08000a64   0x08000a64   0x00000012   Code   RO          112    .text.crc_data_reset  lto-llvm-8c8e54.o
    0x08000a76   0x08000a76   0x00000002   PAD
    0x08000a78   0x08000a78   0x00000018   Code   RO          116    .text.crc_init_data_set  lto-llvm-8c8e54.o
    0x08000a90   0x08000a90   0x00000028   Code   RO          124    .text.crc_poly_size_set  lto-llvm-8c8e54.o
    0x08000ab8   0x08000ab8   0x0000001c   Code   RO          122    .text.crc_poly_value_set  lto-llvm-8c8e54.o
    0x08000ad4   0x08000ad4   0x00000028   Code   RO          118    .text.crc_reverse_input_data_set  lto-llvm-8c8e54.o
    0x08000afc   0x08000afc   0x00000028   Code   RO          120    .text.crc_reverse_output_data_set  lto-llvm-8c8e54.o
    0x08000b24   0x08000b24   0x00000028   Code   RO          136    .text.crm_ahb_div_set  lto-llvm-8c8e54.o
    0x08000b4c   0x08000b4c   0x00000028   Code   RO          138    .text.crm_apb1_div_set  lto-llvm-8c8e54.o
    0x08000b74   0x08000b74   0x00000028   Code   RO          140    .text.crm_apb2_div_set  lto-llvm-8c8e54.o
    0x08000b9c   0x08000b9c   0x00000038   Code   RO          150    .text.crm_auto_step_mode_enable  lto-llvm-8c8e54.o
    0x08000bd4   0x08000bd4   0x000000a2   Code   RO          134    .text.crm_clock_source_enable  lto-llvm-8c8e54.o
    0x08000c76   0x08000c76   0x00000002   PAD
    0x08000c78   0x08000c78   0x000001d6   Code   RO          148    .text.crm_clocks_freq_get  lto-llvm-8c8e54.o
    0x08000e4e   0x08000e4e   0x00000002   PAD
    0x08000e50   0x08000e50   0x0000003e   Code   RO          128    .text.crm_flag_get  lto-llvm-8c8e54.o
    0x08000e8e   0x08000e8e   0x00000002   PAD
    0x08000e90   0x08000e90   0x0000005c   Code   RO          130    .text.crm_hext_stable_wait  lto-llvm-8c8e54.o
    0x08000eec   0x08000eec   0x00000054   Code   RO          132    .text.crm_periph_clock_enable  lto-llvm-8c8e54.o
    0x08000f40   0x08000f40   0x000000c2   Code   RO          142    .text.crm_pll_config  lto-llvm-8c8e54.o
    0x08001002   0x08001002   0x00000002   PAD
    0x08001004   0x08001004   0x0000008a   Code   RO          126    .text.crm_reset     lto-llvm-8c8e54.o
    0x0800108e   0x0800108e   0x00000002   PAD
    0x08001090   0x08001090   0x00000048   Code   RO          144    .text.crm_sysclk_switch  lto-llvm-8c8e54.o
    0x080010d8   0x080010d8   0x00000010   Code   RO          146    .text.crm_sysclk_switch_status_get  lto-llvm-8c8e54.o
    0x080010e8   0x080010e8   0x00000084   Code   RO          104    .text.flash_2kb_write  lto-llvm-8c8e54.o
    0x0800116c   0x0800116c   0x00000068   Code   RO          152    .text.flash_bank1_operation_status_get  lto-llvm-8c8e54.o
    0x080011d4   0x080011d4   0x00000056   Code   RO          158    .text.flash_bank1_operation_wait_for  lto-llvm-8c8e54.o
    0x0800122a   0x0800122a   0x00000002   PAD
    0x0800122c   0x0800122c   0x00000068   Code   RO          154    .text.flash_bank2_operation_status_get  lto-llvm-8c8e54.o
    0x08001294   0x08001294   0x00000056   Code   RO          160    .text.flash_bank2_operation_wait_for  lto-llvm-8c8e54.o
    0x080012ea   0x080012ea   0x00000002   PAD
    0x080012ec   0x080012ec   0x000000e2   Code   RO          172    .text.flash_halfword_program  lto-llvm-8c8e54.o
    0x080013ce   0x080013ce   0x00000002   PAD
    0x080013d0   0x080013d0   0x00000022   Code   RO          166    .text.flash_lock    lto-llvm-8c8e54.o
    0x080013f2   0x080013f2   0x00000002   PAD
    0x080013f4   0x080013f4   0x00000102   Code   RO          168    .text.flash_sector_erase  lto-llvm-8c8e54.o
    0x080014f6   0x080014f6   0x00000002   PAD
    0x080014f8   0x080014f8   0x0000001c   Code   RO          170    .text.flash_spim_dummy_read  lto-llvm-8c8e54.o
    0x08001514   0x08001514   0x00000068   Code   RO          156    .text.flash_spim_operation_status_get  lto-llvm-8c8e54.o
    0x0800157c   0x0800157c   0x00000056   Code   RO          162    .text.flash_spim_operation_wait_for  lto-llvm-8c8e54.o
    0x080015d2   0x080015d2   0x00000002   PAD
    0x080015d4   0x080015d4   0x0000002a   Code   RO          164    .text.flash_unlock  lto-llvm-8c8e54.o
    0x080015fe   0x080015fe   0x00000002   PAD
    0x08001600   0x08001600   0x00000032   Code   RO          106    .text.flash_upgrade_flag_read  lto-llvm-8c8e54.o
    0x08001632   0x08001632   0x00000002   PAD
    0x08001634   0x08001634   0x00000026   Code   RO          176    .text.gpio_default_para_init  lto-llvm-8c8e54.o
    0x0800165a   0x0800165a   0x00000002   PAD
    0x0800165c   0x0800165c   0x0000014c   Code   RO          174    .text.gpio_init     lto-llvm-8c8e54.o
    0x080017a8   0x080017a8   0x000000a2   Code   RO          178    .text.gpio_pin_remap_config  lto-llvm-8c8e54.o
    0x0800184a   0x0800184a   0x00000002   PAD
    0x0800184c   0x0800184c   0x0000009a   Code   RO           48    .text.main          lto-llvm-8c8e54.o
    0x080018e6   0x080018e6   0x00000002   PAD
    0x080018e8   0x080018e8   0x00000014   Code   RO          190    .text.nvic_irq_disable  lto-llvm-8c8e54.o
    0x080018fc   0x080018fc   0x00000036   Code   RO          180    .text.nvic_irq_enable  lto-llvm-8c8e54.o
    0x08001932   0x08001932   0x00000002   PAD
    0x08001934   0x08001934   0x00000016   Code   RO          194    .text.nvic_priority_group_config  lto-llvm-8c8e54.o
    0x0800194a   0x0800194a   0x00000002   PAD
    0x0800194c   0x0800194c   0x00000196   Code   RO          224    .text.system_core_clock_update  lto-llvm-8c8e54.o
    0x08001ae2   0x08001ae2   0x00000002   PAD
    0x08001ae4   0x08001ae4   0x0000003a   Code   RO          198    .text.systick_clock_source_config  lto-llvm-8c8e54.o
    0x08001b1e   0x08001b1e   0x00000002   PAD
    0x08001b20   0x08001b20   0x000000ae   Code   RO           84    .text.usart1_connet_pc  lto-llvm-8c8e54.o
    0x08001bce   0x08001bce   0x00000002   PAD
    0x08001bd0   0x08001bd0   0x000000aa   Code   RO           90    .text.usart1_send_error  lto-llvm-8c8e54.o
    0x08001c7a   0x08001c7a   0x00000002   PAD
    0x08001c7c   0x08001c7c   0x000000aa   Code   RO           86    .text.usart1_send_ok  lto-llvm-8c8e54.o
    0x08001d26   0x08001d26   0x00000002   PAD
    0x08001d28   0x08001d28   0x00000016   Code   RO          214    .text.usart_data_receive  lto-llvm-8c8e54.o
    0x08001d3e   0x08001d3e   0x00000002   PAD
    0x08001d40   0x08001d40   0x00000020   Code   RO          212    .text.usart_data_transmit  lto-llvm-8c8e54.o
    0x08001d60   0x08001d60   0x0000002c   Code   RO          204    .text.usart_enable  lto-llvm-8c8e54.o
    0x08001d8c   0x08001d8c   0x00000034   Code   RO          218    .text.usart_flag_get  lto-llvm-8c8e54.o
    0x08001dc0   0x08001dc0   0x0000009a   Code   RO          216    .text.usart_hardware_flow_control_set  lto-llvm-8c8e54.o
    0x08001e5a   0x08001e5a   0x00000002   PAD
    0x08001e5c   0x08001e5c   0x00000104   Code   RO          200    .text.usart_init    lto-llvm-8c8e54.o
    0x08001f60   0x08001f60   0x0000005a   Code   RO          210    .text.usart_interrupt_enable  lto-llvm-8c8e54.o
    0x08001fba   0x08001fba   0x00000002   PAD
    0x08001fbc   0x08001fbc   0x00000128   Code   RO          220    .text.usart_interrupt_flag_get  lto-llvm-8c8e54.o
    0x080020e4   0x080020e4   0x00000078   Code   RO          202    .text.usart_parity_selection_config  lto-llvm-8c8e54.o
    0x0800215c   0x0800215c   0x0000002c   Code   RO          208    .text.usart_receiver_enable  lto-llvm-8c8e54.o
    0x08002188   0x08002188   0x0000002c   Code   RO          206    .text.usart_transmitter_enable  lto-llvm-8c8e54.o
    0x080021b4   0x080021b4   0x0000001c   Code   RO           98    .text.wk_crc_init   lto-llvm-8c8e54.o
    0x080021d0   0x080021d0   0x00000008   Code   RO          100    .text.wk_debug_config  lto-llvm-8c8e54.o
    0x080021d8   0x080021d8   0x00000098   Code   RO           54    .text.wk_nvic_config  lto-llvm-8c8e54.o
    0x08002270   0x08002270   0x0000003e   Code   RO           52    .text.wk_periph_clock_config  lto-llvm-8c8e54.o
    0x080022ae   0x080022ae   0x00000002   PAD
    0x080022b0   0x080022b0   0x00000092   Code   RO           50    .text.wk_system_clock_config  lto-llvm-8c8e54.o
    0x08002342   0x08002342   0x00000002   PAD
    0x08002344   0x08002344   0x00000008   Code   RO           96    .text.wk_timebase_handler  lto-llvm-8c8e54.o
    0x0800234c   0x0800234c   0x00000010   Code   RO           92    .text.wk_timebase_increase  lto-llvm-8c8e54.o
    0x0800235c   0x0800235c   0x00000056   Code   RO           94    .text.wk_timebase_init  lto-llvm-8c8e54.o
    0x080023b2   0x080023b2   0x00000002   PAD
    0x080023b4   0x080023b4   0x0000006c   Code   RO          102    .text.wk_usart1_init  lto-llvm-8c8e54.o
    0x08002420   0x08002420   0x0000000e   Code   RO          249    i.__scatterload_copy  mc_w.l(handlers.o)
    0x0800242e   0x0800242e   0x00000002   Code   RO          250    i.__scatterload_null  mc_w.l(handlers.o)
    0x08002430   0x08002430   0x0000000e   Code   RO          251    i.__scatterload_zeroinit  mc_w.l(handlers.o)
    0x0800243e   0x0800243e   0x00000010   Data   RO          240    .rodata.cst16       lto-llvm-8c8e54.o
    0x0800244e   0x0800244e   0x00000010   Data   RO          238    .rodata.cst8        lto-llvm-8c8e54.o
    0x0800245e   0x0800245e   0x00000002   PAD
    0x08002460   0x08002460   0x00000020   Data   RO          248    Region$$Table       anon$$obj.o


    Execution Region RW_IRAM1 (Exec base: 0x20000000, Load base: 0x08002480, Size: 0x00001448, Max: 0x00018000, ABSOLUTE)

    Exec Addr    Load Addr    Size         Type   Attr      Idx    E Section Name        Object

    0x20000000   0x08002480   0x00000004   Data   RW          227    .data.flash_add     lto-llvm-8c8e54.o
    0x20000004   0x08002484   0x00000004   Data   RW          239    .data.system_core_clock  lto-llvm-8c8e54.o
    0x20000008        -       0x00000002   Zero   RW          229    .bss.USART1_IRQHandler.count  lto-llvm-8c8e54.o
    0x2000000a        -       0x00000001   Zero   RW          230    .bss.USART1_IRQHandler.data_count  lto-llvm-8c8e54.o
    0x2000000b   0x08002488   0x00000001   PAD
    0x2000000c        -       0x00000002   Zero   RW          228    .bss.USART1_IRQHandler.reval  lto-llvm-8c8e54.o
    0x2000000e        -       0x00000001   Zero   RW          234    .bss.iap_done       lto-llvm-8c8e54.o
    0x2000000f   0x08002488   0x00000001   PAD
    0x20000010        -       0x00000004   Zero   RW          237    .bss.jump_to_app    lto-llvm-8c8e54.o
    0x20000014        -       0x00000800   Zero   RW          233    .bss.pro_buff       lto-llvm-8c8e54.o
    0x20000814        -       0x00000004   Zero   RW          236    .bss.timebase_ticks  lto-llvm-8c8e54.o
    0x20000818        -       0x00000408   Zero   RW          232    .bss.usart1_crc_buff  lto-llvm-8c8e54.o
    0x20000c20        -       0x0000040c   Zero   RW          231    .bss.usart1_rx_buff  lto-llvm-8c8e54.o
    0x2000102c        -       0x00000016   Zero   RW          235    .bss.usart1_tx_buff  lto-llvm-8c8e54.o
    0x20001042   0x08002488   0x00000006   PAD
    0x20001048        -       0x00000400   Zero   RW           18    STACK               startup_at32f403a_407.o


==============================================================================

Image component sizes


      Code (inc. data)   RO Data    RW Data    ZI Data      Debug   Object Name

      8674          6         32          8       4152      65986   lto-llvm-8c8e54.o
        36          8        388          0       1024        844   startup_at32f403a_407.o

    ----------------------------------------------------------------------
      8792         14        454          8       5184      66830   Object Totals
         0          0         32          0          0          0   (incl. Generated)
        82          0          2          0          8          0   (incl. Padding)

    ----------------------------------------------------------------------

      Code (inc. data)   RO Data    RW Data    ZI Data      Debug   Library Member Name

         0          0          0          0          0          0   entry.o
         0          0          0          0          0          0   entry10a.o
         0          0          0          0          0          0   entry11a.o
         8          4          0          0          0          0   entry2.o
         4          0          0          0          0          0   entry5.o
         0          0          0          0          0          0   entry7b.o
         0          0          0          0          0          0   entry8b.o
         8          4          0          0          0          0   entry9a.o
        30          0          0          0          0          0   handlers.o
        48         10          0          0          0         68   init.o

    ----------------------------------------------------------------------
        98         18          0          0          0         68   Library Totals
         0          0          0          0          0          0   (incl. Padding)

    ----------------------------------------------------------------------

      Code (inc. data)   RO Data    RW Data    ZI Data      Debug   Library Name

        98         18          0          0          0         68   mc_w.l

    ----------------------------------------------------------------------
        98         18          0          0          0         68   Library Totals

    ----------------------------------------------------------------------

==============================================================================


      Code (inc. data)   RO Data    RW Data    ZI Data      Debug   

      8890         32        454          8       5184      67102   Grand Totals
      8890         32        454          8       5184      67102   ELF Image Totals
      8890         32        454          8          0          0   ROM Totals

==============================================================================

    Total RO  Size (Code + RO Data)                 9344 (   9.12kB)
    Total RW  Size (RW Data + ZI Data)              5192 (   5.07kB)
    Total ROM Size (Code + RO Data + RW Data)       9352 (   9.13kB)

==============================================================================

