<html>
<body>
<pre>
<h1>µVision Build Log</h1>
<h2>Tool Versions:</h2>
IDE-Version: ¦ÌVision V5.42.0.0
Copyright (C) 2025 ARM Ltd and ARM Germany GmbH. All rights reserved.
License Information: 1 Administrator, 11, LIC=IK1BF-6KR8B-2ZTW4-FMYEQ-TB5KW-HTE2F
 
Tool Versions:
Toolchain:       MDK-ARM Plus  Version: 5.42.0.0
Toolchain Path:  D:\keil5.42\ARM\ARMCLANG\Bin
C Compiler:      ArmClang.exe V6.23
Assembler:       Armasm.exe V6.23
Linker/Locator:  ArmLink.exe V6.23
Library Manager: ArmAr.exe V6.23
Hex Converter:   FromElf.exe V6.23
CPU DLL:         SARMCM3.DLL V5.42.0.0
Dialog DLL:      DCM.DLL V1.17.5.0
Target DLL:      Segger\JL2CM3.dll V2.99.45.0
Dialog DLL:      TCM.DLL V1.56.6.0
 
<h2>Project:</h2>
D:\AT32_project\PS305D_403a\app\project\MDK_V5\AT32F403ARGT7_WorkBench.uvprojx
Project File Date:  03/13/2026

<h2>Output:</h2>
*** Using Compiler 'V6.23', folder: 'D:\keil5.42\ARM\ARMCLANG\Bin'
Rebuild target 'AT32F403ARGT7_WorkBench'
compiling at32f403a_407_int.c...
compiling at32f403a_407_wk_config.c...
compiling wk_system.c...
compiling wk_gpio.c...
compiling wk_crc.c...
compiling main.c...
compiling wk_debug.c...
compiling wk_usart.c...
compiling wk_dac.c...
compiling wk_wdt.c...
compiling wk_adc.c...
compiling iap.c...
compiling wk_tmr.c...
compiling at32f403a_407_gpio.c...
compiling at32f403a_407_crm.c...
compiling at32f403a_407_tmr.c...
compiling at32f403a_407_usart.c...
compiling at32f403a_407_pwc.c...
compiling at32f403a_407_adc.c...
compiling at32f403a_407_crc.c...
compiling at32f403a_407_flash.c...
compiling at32f403a_407_wdt.c...
compiling at32f403a_407_misc.c...
compiling at32f403a_407_dac.c...
compiling at32f403a_407_debug.c...
compiling system_at32f403a_407.c...
compiling tmt.c...
compiling PC_comm_handle.c...
compiling beep_handle.c...
compiling collect_data_handle.c...
compiling ec11_handle.c...
compiling flash_handle.c...
assembling startup_at32f403a_407.s...
compiling key_handle.c...
compiling PS305D_handle.c...
compiling lcd_handle.c...
compiling work_handle.c...
compiling PID_handle.c...
compiling output_handle.c...
compiling util_queue.c...
compiling at32_Usart.c...
compiling beep.c...
compiling EncoderEC11.c...
compiling flash.c...
compiling key.c...
compiling TM1680.c...
compiling adc_filter.c...
compiling round_data.c...
compiling perfc_port_default.c...
assembling systick_wrapper_gnu.s...
compiling perf_counter.c...
compiling EventRecorder.c...
linking...
Program Size: Code=42216 RO-data=512 RW-data=384 ZI-data=7040  
FromELF: creating hex file...
After Build - User command #1: C:\Users\Administrator\Desktop\keil5_disp_size_bar.exe
ram:
  RW_IRAM1 :0x20000000
   96.00 KB :|¡ö___________________|    7.55 % (    7.25 KB /    96.00 KB) [90880 B]
flash:
  ER_IROM1 :0x8004000
    1.00 MB :|____________________|    4.07 % (    0.04 MB /     1.00 MB) [1005848 B]
After Build - User command #2: fromelf.exe --bin --output .\Listings\AT32F403ARGT7_WorkBench.bin .\objects\AT32F403ARGT7_WorkBench.axf
".\objects\AT32F403ARGT7_WorkBench.axf" - 0 Error(s), 0 Warning(s).

<h2>Software Packages used:</h2>

Package Vendor: ARM
                https://www.keil.com/pack/ARM.CMSIS.6.2.0.pack
                ARM::CMSIS@6.2.0
                CMSIS (Common Microcontroller Software Interface Standard)
   * Component: CORE Version: 6.1.1

Package Vendor: ARM
                https://www.keil.com/pack/ARM.CMSIS-View.1.2.0.pack
                ARM::CMSIS-View@1.2.0
                Debugger visualization of software events and statistics
   * Component: Event Recorder Variant: DAP Version: 1.6.0

Package Vendor: ArteryTek
                
                ArteryTek::AT32F403A_407_DFP@2.2.3
                ArteryTek AT32F403A_407 Series Device Support,Drivers

Package Vendor: GorgonMeducer
                https://raw.githubusercontent.com/GorgonMeducer/perf_counter/CMSIS-Pack/cmsis-pack/GorgonMeducer.perf_counter.2.4.0.pack
                GorgonMeducer::perf_counter@2.4.0
                A dedicated performance counter for the Cortex-M Systick. It shares the SysTick with users' original SysTick function without interfering with it. This library will bring new functionalities, such as performance counter, APIs for delay, clock() defined in time.h etc.
   * Component: Core Variant: Source Version: 2.4.0

<h2>Collection of Component include folders:</h2>
  ./RTE/CMSIS-View
  ./RTE/_AT32F403ARGT7_WorkBench
  D:/keil5.42/ARM/CMSIS-View/1.2.0/EventRecorder/Include
  D:/keil5.42/ARM/CMSIS/6.2.0/CMSIS/Core/Include
  D:/keil5.42/ArteryTek/AT32F403A_407_DFP/2.2.3/Device/Include
  D:/keil5.42/GorgonMeducer/perf_counter/2.4.0

<h2>Collection of Component Files used:</h2>

   * Component: ARM::CMSIS-View:Event Recorder&DAP@1.6.0
      Include file:  EventRecorder/Config/EventRecorderConf.h
      Include file:  EventRecorder/Include/EventRecorder.h
      Source file:   EventRecorder/Source/EventRecorder.c

   * Component: ARM::CMSIS:CORE@6.1.1

   * Component: GorgonMeducer::Utilities:perf_counter:Core&Source@2.4.0
      Source file:   perf_counter.c
      Source file:   systick_wrapper_gnu.s
      Source file:   perfc_port_default.c
      Include file:  perf_counter.h
Build Time Elapsed:  00:00:02
</pre>
</body>
</html>
