<!doctype html public "-//w3c//dtd html 4.0 transitional//en">
<html><head>
<title>Static Call Graph - [.\objects\AT32F403ARGT7_WorkBench.axf]</title></head>
<body><HR>
<H1>Static Call Graph for image .\objects\AT32F403ARGT7_WorkBench.axf</H1><HR>
<BR><P>#&#060CALLGRAPH&#062# ARM Linker, 6230001: Last Updated: Thu Feb  5 11:09:05 2026
<BR><P>
<H3>Maximum Stack Usage =        224 bytes + Unknown(Functions without stacksize, Cycles, Untraceable Function Pointers)</H3><H3>
Call chain for Maximum Stack Depth:</H3>
lcd_task &rArr; lcd_handle &rArr; voltage_display_handle &rArr; Set_Voltage_display &rArr; Disp_one_person &rArr; TM1680WriteByte &rArr; tm1680SendByte &rArr; ACK &rArr; delay_us &rArr; get_system_ticks &rArr; check_systick
<P>
<H3>
Functions with no stack information
</H3><UL>
 <LI><a href="#[16]">SysTick_Handler</a>
 <LI><a href="#[180]">__ensure_systick_wrapper</a>
</UL>
</UL>
<P>
<H3>
Mutually Recursive functions
</H3> <LI><a href="#[5b]">ACC_IRQHandler</a>&nbsp;&nbsp;&nbsp;&rArr;&nbsp;&nbsp;&nbsp;<a href="#[5b]">ACC_IRQHandler</a><BR>
</UL>
<P>
<H3>
Function Pointers
</H3><UL>
 <LI><a href="#[68]">$Super$$SysTick_Handler</a> from at32f403a_407_int.o(.text.SysTick_Handler) referenced from systick_wrapper_gnu.o(.text)
 <LI><a href="#[5b]">ACC_IRQHandler</a> from startup_at32f403a_407.o(.text) referenced from startup_at32f403a_407.o(RESET)
 <LI><a href="#[29]">ADC1_2_IRQHandler</a> from startup_at32f403a_407.o(.text) referenced from startup_at32f403a_407.o(RESET)
 <LI><a href="#[46]">ADC3_IRQHandler</a> from startup_at32f403a_407.o(.text) referenced from startup_at32f403a_407.o(RESET)
 <LI><a href="#[11]">BusFault_Handler</a> from at32f403a_407_int.o(.text.BusFault_Handler) referenced from startup_at32f403a_407.o(RESET)
 <LI><a href="#[2c]">CAN1_RX1_IRQHandler</a> from startup_at32f403a_407.o(.text) referenced from startup_at32f403a_407.o(RESET)
 <LI><a href="#[2d]">CAN1_SE_IRQHandler</a> from startup_at32f403a_407.o(.text) referenced from startup_at32f403a_407.o(RESET)
 <LI><a href="#[58]">CAN2_RX0_IRQHandler</a> from startup_at32f403a_407.o(.text) referenced from startup_at32f403a_407.o(RESET)
 <LI><a href="#[59]">CAN2_RX1_IRQHandler</a> from startup_at32f403a_407.o(.text) referenced from startup_at32f403a_407.o(RESET)
 <LI><a href="#[5a]">CAN2_SE_IRQHandler</a> from startup_at32f403a_407.o(.text) referenced from startup_at32f403a_407.o(RESET)
 <LI><a href="#[57]">CAN2_TX_IRQHandler</a> from startup_at32f403a_407.o(.text) referenced from startup_at32f403a_407.o(RESET)
 <LI><a href="#[1c]">CRM_IRQHandler</a> from startup_at32f403a_407.o(.text) referenced from startup_at32f403a_407.o(RESET)
 <LI><a href="#[22]">DMA1_Channel1_IRQHandler</a> from startup_at32f403a_407.o(.text) referenced from startup_at32f403a_407.o(RESET)
 <LI><a href="#[23]">DMA1_Channel2_IRQHandler</a> from startup_at32f403a_407.o(.text) referenced from startup_at32f403a_407.o(RESET)
 <LI><a href="#[24]">DMA1_Channel3_IRQHandler</a> from startup_at32f403a_407.o(.text) referenced from startup_at32f403a_407.o(RESET)
 <LI><a href="#[25]">DMA1_Channel4_IRQHandler</a> from startup_at32f403a_407.o(.text) referenced from startup_at32f403a_407.o(RESET)
 <LI><a href="#[26]">DMA1_Channel5_IRQHandler</a> from startup_at32f403a_407.o(.text) referenced from startup_at32f403a_407.o(RESET)
 <LI><a href="#[27]">DMA1_Channel6_IRQHandler</a> from startup_at32f403a_407.o(.text) referenced from startup_at32f403a_407.o(RESET)
 <LI><a href="#[28]">DMA1_Channel7_IRQHandler</a> from startup_at32f403a_407.o(.text) referenced from startup_at32f403a_407.o(RESET)
 <LI><a href="#[4f]">DMA2_Channel1_IRQHandler</a> from startup_at32f403a_407.o(.text) referenced from startup_at32f403a_407.o(RESET)
 <LI><a href="#[50]">DMA2_Channel2_IRQHandler</a> from startup_at32f403a_407.o(.text) referenced from startup_at32f403a_407.o(RESET)
 <LI><a href="#[51]">DMA2_Channel3_IRQHandler</a> from startup_at32f403a_407.o(.text) referenced from startup_at32f403a_407.o(RESET)
 <LI><a href="#[52]">DMA2_Channel4_5_IRQHandler</a> from startup_at32f403a_407.o(.text) referenced from startup_at32f403a_407.o(RESET)
 <LI><a href="#[5e]">DMA2_Channel6_7_IRQHandler</a> from startup_at32f403a_407.o(.text) referenced from startup_at32f403a_407.o(RESET)
 <LI><a href="#[14]">DebugMon_Handler</a> from at32f403a_407_int.o(.text.DebugMon_Handler) referenced from startup_at32f403a_407.o(RESET)
 <LI><a href="#[62]">EMAC_IRQHandler</a> from startup_at32f403a_407.o(.text) referenced from startup_at32f403a_407.o(RESET)
 <LI><a href="#[63]">EMAC_WKUP_IRQHandler</a> from startup_at32f403a_407.o(.text) referenced from startup_at32f403a_407.o(RESET)
 <LI><a href="#[1d]">EXINT0_IRQHandler</a> from startup_at32f403a_407.o(.text) referenced from startup_at32f403a_407.o(RESET)
 <LI><a href="#[3f]">EXINT15_10_IRQHandler</a> from startup_at32f403a_407.o(.text) referenced from startup_at32f403a_407.o(RESET)
 <LI><a href="#[1e]">EXINT1_IRQHandler</a> from startup_at32f403a_407.o(.text) referenced from startup_at32f403a_407.o(RESET)
 <LI><a href="#[1f]">EXINT2_IRQHandler</a> from startup_at32f403a_407.o(.text) referenced from startup_at32f403a_407.o(RESET)
 <LI><a href="#[20]">EXINT3_IRQHandler</a> from startup_at32f403a_407.o(.text) referenced from startup_at32f403a_407.o(RESET)
 <LI><a href="#[21]">EXINT4_IRQHandler</a> from startup_at32f403a_407.o(.text) referenced from startup_at32f403a_407.o(RESET)
 <LI><a href="#[2e]">EXINT9_5_IRQHandler</a> from startup_at32f403a_407.o(.text) referenced from startup_at32f403a_407.o(RESET)
 <LI><a href="#[1b]">FLASH_IRQHandler</a> from startup_at32f403a_407.o(.text) referenced from startup_at32f403a_407.o(RESET)
 <LI><a href="#[f]">HardFault_Handler</a> from at32f403a_407_int.o(.text.HardFault_Handler) referenced from startup_at32f403a_407.o(RESET)
 <LI><a href="#[37]">I2C1_ERR_IRQHandler</a> from startup_at32f403a_407.o(.text) referenced from startup_at32f403a_407.o(RESET)
 <LI><a href="#[36]">I2C1_EVT_IRQHandler</a> from startup_at32f403a_407.o(.text) referenced from startup_at32f403a_407.o(RESET)
 <LI><a href="#[39]">I2C2_ERR_IRQHandler</a> from startup_at32f403a_407.o(.text) referenced from startup_at32f403a_407.o(RESET)
 <LI><a href="#[38]">I2C2_EVT_IRQHandler</a> from startup_at32f403a_407.o(.text) referenced from startup_at32f403a_407.o(RESET)
 <LI><a href="#[55]">I2C3_ERR_IRQHandler</a> from startup_at32f403a_407.o(.text) referenced from startup_at32f403a_407.o(RESET)
 <LI><a href="#[54]">I2C3_EVT_IRQHandler</a> from startup_at32f403a_407.o(.text) referenced from startup_at32f403a_407.o(RESET)
 <LI><a href="#[10]">MemManage_Handler</a> from at32f403a_407_int.o(.text.MemManage_Handler) referenced from startup_at32f403a_407.o(RESET)
 <LI><a href="#[e]">NMI_Handler</a> from at32f403a_407_int.o(.text.NMI_Handler) referenced from startup_at32f403a_407.o(RESET)
 <LI><a href="#[6f]">Output_task</a> from main.o(.text.Output_task) referenced 2 times from main.o(.text.main)
 <LI><a href="#[18]">PVM_IRQHandler</a> from startup_at32f403a_407.o(.text) referenced from startup_at32f403a_407.o(RESET)
 <LI><a href="#[15]">PendSV_Handler</a> from at32f403a_407_int.o(.text.PendSV_Handler) referenced from startup_at32f403a_407.o(RESET)
 <LI><a href="#[40]">RTCAlarm_IRQHandler</a> from startup_at32f403a_407.o(.text) referenced from startup_at32f403a_407.o(RESET)
 <LI><a href="#[1a]">RTC_IRQHandler</a> from startup_at32f403a_407.o(.text) referenced from startup_at32f403a_407.o(RESET)
 <LI><a href="#[d]">Reset_Handler</a> from startup_at32f403a_407.o(.text) referenced from startup_at32f403a_407.o(RESET)
 <LI><a href="#[48]">SDIO1_IRQHandler</a> from startup_at32f403a_407.o(.text) referenced from startup_at32f403a_407.o(RESET)
 <LI><a href="#[53]">SDIO2_IRQHandler</a> from startup_at32f403a_407.o(.text) referenced from startup_at32f403a_407.o(RESET)
 <LI><a href="#[3a]">SPI1_IRQHandler</a> from startup_at32f403a_407.o(.text) referenced from startup_at32f403a_407.o(RESET)
 <LI><a href="#[3b]">SPI2_I2S2EXT_IRQHandler</a> from startup_at32f403a_407.o(.text) referenced from startup_at32f403a_407.o(RESET)
 <LI><a href="#[4a]">SPI3_I2S3EXT_IRQHandler</a> from startup_at32f403a_407.o(.text) referenced from startup_at32f403a_407.o(RESET)
 <LI><a href="#[56]">SPI4_IRQHandler</a> from startup_at32f403a_407.o(.text) referenced from startup_at32f403a_407.o(RESET)
 <LI><a href="#[13]">SVC_Handler</a> from at32f403a_407_int.o(.text.SVC_Handler) referenced from startup_at32f403a_407.o(RESET)
 <LI><a href="#[16]">SysTick_Handler</a> from systick_wrapper_gnu.o(.text) referenced from startup_at32f403a_407.o(RESET)
 <LI><a href="#[65]">SystemInit</a> from system_at32f403a_407.o(.text.SystemInit) referenced from startup_at32f403a_407.o(.text)
 <LI><a href="#[19]">TAMPER_IRQHandler</a> from startup_at32f403a_407.o(.text) referenced from startup_at32f403a_407.o(RESET)
 <LI><a href="#[2f]">TMR1_BRK_TMR9_IRQHandler</a> from startup_at32f403a_407.o(.text) referenced from startup_at32f403a_407.o(RESET)
 <LI><a href="#[32]">TMR1_CH_IRQHandler</a> from startup_at32f403a_407.o(.text) referenced from startup_at32f403a_407.o(RESET)
 <LI><a href="#[30]">TMR1_OVF_TMR10_IRQHandler</a> from startup_at32f403a_407.o(.text) referenced from startup_at32f403a_407.o(RESET)
 <LI><a href="#[31]">TMR1_TRG_HALL_TMR11_IRQHandler</a> from startup_at32f403a_407.o(.text) referenced from startup_at32f403a_407.o(RESET)
 <LI><a href="#[33]">TMR2_GLOBAL_IRQHandler</a> from startup_at32f403a_407.o(.text) referenced from startup_at32f403a_407.o(RESET)
 <LI><a href="#[34]">TMR3_GLOBAL_IRQHandler</a> from startup_at32f403a_407.o(.text) referenced from startup_at32f403a_407.o(RESET)
 <LI><a href="#[35]">TMR4_GLOBAL_IRQHandler</a> from startup_at32f403a_407.o(.text) referenced from startup_at32f403a_407.o(RESET)
 <LI><a href="#[49]">TMR5_GLOBAL_IRQHandler</a> from startup_at32f403a_407.o(.text) referenced from startup_at32f403a_407.o(RESET)
 <LI><a href="#[4d]">TMR6_GLOBAL_IRQHandler</a> from startup_at32f403a_407.o(.text) referenced from startup_at32f403a_407.o(RESET)
 <LI><a href="#[4e]">TMR7_GLOBAL_IRQHandler</a> from startup_at32f403a_407.o(.text) referenced from startup_at32f403a_407.o(RESET)
 <LI><a href="#[42]">TMR8_BRK_TMR12_IRQHandler</a> from startup_at32f403a_407.o(.text) referenced from startup_at32f403a_407.o(RESET)
 <LI><a href="#[45]">TMR8_CH_IRQHandler</a> from startup_at32f403a_407.o(.text) referenced from startup_at32f403a_407.o(RESET)
 <LI><a href="#[43]">TMR8_OVF_TMR13_IRQHandler</a> from startup_at32f403a_407.o(.text) referenced from startup_at32f403a_407.o(RESET)
 <LI><a href="#[44]">TMR8_TRG_HALL_TMR14_IRQHandler</a> from startup_at32f403a_407.o(.text) referenced from startup_at32f403a_407.o(RESET)
 <LI><a href="#[4b]">UART4_IRQHandler</a> from startup_at32f403a_407.o(.text) referenced from startup_at32f403a_407.o(RESET)
 <LI><a href="#[4c]">UART5_IRQHandler</a> from startup_at32f403a_407.o(.text) referenced from startup_at32f403a_407.o(RESET)
 <LI><a href="#[60]">UART7_IRQHandler</a> from startup_at32f403a_407.o(.text) referenced from startup_at32f403a_407.o(RESET)
 <LI><a href="#[61]">UART8_IRQHandler</a> from startup_at32f403a_407.o(.text) referenced from startup_at32f403a_407.o(RESET)
 <LI><a href="#[3c]">USART1_IRQHandler</a> from at32_usart.o(.text.USART1_IRQHandler) referenced from startup_at32f403a_407.o(RESET)
 <LI><a href="#[3d]">USART2_IRQHandler</a> from startup_at32f403a_407.o(.text) referenced from startup_at32f403a_407.o(RESET)
 <LI><a href="#[3e]">USART3_IRQHandler</a> from startup_at32f403a_407.o(.text) referenced from startup_at32f403a_407.o(RESET)
 <LI><a href="#[5f]">USART6_IRQHandler</a> from startup_at32f403a_407.o(.text) referenced from startup_at32f403a_407.o(RESET)
 <LI><a href="#[41]">USBFSWakeUp_IRQHandler</a> from startup_at32f403a_407.o(.text) referenced from startup_at32f403a_407.o(RESET)
 <LI><a href="#[2a]">USBFS_H_CAN1_TX_IRQHandler</a> from startup_at32f403a_407.o(.text) referenced from startup_at32f403a_407.o(RESET)
 <LI><a href="#[2b]">USBFS_L_CAN1_RX0_IRQHandler</a> from startup_at32f403a_407.o(.text) referenced from startup_at32f403a_407.o(RESET)
 <LI><a href="#[5c]">USBFS_MAPH_IRQHandler</a> from startup_at32f403a_407.o(.text) referenced from startup_at32f403a_407.o(RESET)
 <LI><a href="#[5d]">USBFS_MAPL_IRQHandler</a> from startup_at32f403a_407.o(.text) referenced from startup_at32f403a_407.o(RESET)
 <LI><a href="#[12]">UsageFault_Handler</a> from at32f403a_407_int.o(.text.UsageFault_Handler) referenced from startup_at32f403a_407.o(RESET)
 <LI><a href="#[17]">WWDT_IRQHandler</a> from startup_at32f403a_407.o(.text) referenced from startup_at32f403a_407.o(RESET)
 <LI><a href="#[47]">XMC_IRQHandler</a> from startup_at32f403a_407.o(.text) referenced from startup_at32f403a_407.o(RESET)
 <LI><a href="#[66]">__main</a> from entry.o(.ARM.Collect$$$$00000000) referenced from startup_at32f403a_407.o(.text)
 <LI><a href="#[7a]">__perf_counter_init</a> from perf_counter.o(.text.__perf_counter_init) referenced from perf_counter.o(.init_array)
 <LI><a href="#[c]">beep_off</a> from beep.o(.text.beep_off) referenced 2 times from beep.o(.data.sbeep)
 <LI><a href="#[b]">beep_on</a> from beep.o(.text.beep_on) referenced 2 times from beep.o(.data.sbeep)
 <LI><a href="#[6e]">beep_task</a> from main.o(.text.beep_task) referenced 2 times from main.o(.text.main)
 <LI><a href="#[71]">collect_data_task</a> from main.o(.text.collect_data_task) referenced 2 times from main.o(.text.main)
 <LI><a href="#[6d]">ec11_task</a> from main.o(.text.ec11_task) referenced 2 times from main.o(.text.main)
 <LI><a href="#[6a]">feed_dog_task</a> from main.o(.text.feed_dog_task) referenced 2 times from main.o(.text.main)
 <LI><a href="#[73]">flash_task</a> from main.o(.text.flash_task) referenced 2 times from main.o(.text.main)
 <LI><a href="#[4]">get_a_limin</a> from key_handle.o(.text.get_a_limin) referenced 2 times from key_handle.o(.data.keys)
 <LI><a href="#[7]">get_cc_cv</a> from key_handle.o(.text.get_cc_cv) referenced 2 times from key_handle.o(.data.keys)
 <LI><a href="#[8]">get_cont_ocp</a> from key_handle.o(.text.get_cont_ocp) referenced 2 times from key_handle.o(.data.keys)
 <LI><a href="#[0]">get_mod1</a> from key_handle.o(.text.get_mod1) referenced 2 times from key_handle.o(.data.keys)
 <LI><a href="#[1]">get_mod2</a> from key_handle.o(.text.get_mod2) referenced 2 times from key_handle.o(.data.keys)
 <LI><a href="#[2]">get_mod3</a> from key_handle.o(.text.get_mod3) referenced 2 times from key_handle.o(.data.keys)
 <LI><a href="#[3]">get_mod4</a> from key_handle.o(.text.get_mod4) referenced 2 times from key_handle.o(.data.keys)
 <LI><a href="#[9]">get_once_ocp</a> from key_handle.o(.text.get_once_ocp) referenced 2 times from key_handle.o(.data.keys)
 <LI><a href="#[a]">get_output</a> from key_handle.o(.text.get_output) referenced 2 times from key_handle.o(.data.keys)
 <LI><a href="#[6]">get_reach_5v</a> from key_handle.o(.text.get_reach_5v) referenced 2 times from key_handle.o(.data.keys)
 <LI><a href="#[5]">get_v_limin</a> from key_handle.o(.text.get_v_limin) referenced 2 times from key_handle.o(.data.keys)
 <LI><a href="#[69]">iap_task</a> from main.o(.text.iap_task) referenced 2 times from main.o(.text.main)
 <LI><a href="#[70]">key_task</a> from main.o(.text.key_task) referenced 2 times from main.o(.text.main)
 <LI><a href="#[6c]">lcd_task</a> from main.o(.text.lcd_task) referenced 2 times from main.o(.text.main)
 <LI><a href="#[64]">main</a> from main.o(.text.main) referenced from entry9a.o(.ARM.Collect$$$$0000000B)
 <LI><a href="#[6b]">pc_task</a> from main.o(.text.pc_task) referenced 2 times from main.o(.text.main)
 <LI><a href="#[67]">perfc_port_insert_to_system_timer_insert_ovf_handler</a> from perf_counter.o(.text.perfc_port_insert_to_system_timer_insert_ovf_handler) referenced from systick_wrapper_gnu.o(.text)
 <LI><a href="#[76]">tmt_create</a> from tmt.o(.text.tmt_create) referenced 2 times from tmt.o(.text.tmt_init)
 <LI><a href="#[77]">tmt_delete</a> from tmt.o(.text.tmt_delete) referenced 2 times from tmt.o(.text.tmt_init)
 <LI><a href="#[74]">tmt_run</a> from tmt.o(.text.tmt_run) referenced 2 times from tmt.o(.text.tmt_init)
 <LI><a href="#[79]">tmt_run_ctrl</a> from tmt.o(.text.tmt_run_ctrl) referenced 2 times from tmt.o(.text.tmt_init)
 <LI><a href="#[78]">tmt_time_ctrl</a> from tmt.o(.text.tmt_time_ctrl) referenced 2 times from tmt.o(.text.tmt_init)
 <LI><a href="#[75]">tmt_update_tick</a> from tmt.o(.text.tmt_update_tick) referenced 2 times from tmt.o(.text.tmt_init)
 <LI><a href="#[72]">work_task</a> from main.o(.text.work_task) referenced 2 times from main.o(.text.main)
</UL>
<P>
<H3>
Global Symbols
</H3>
<P><STRONG><a name="[66]"></a>__main</STRONG> (Thumb, 0 bytes, Stack size unknown bytes, entry.o(.ARM.Collect$$$$00000000))
<BR>[Address Reference Count : 1]<UL><LI> startup_at32f403a_407.o(.text)
</UL>
<P><STRONG><a name="[17a]"></a>_main_stk</STRONG> (Thumb, 0 bytes, Stack size unknown bytes, entry2.o(.ARM.Collect$$$$00000001))

<P><STRONG><a name="[7c]"></a>_main_scatterload</STRONG> (Thumb, 0 bytes, Stack size unknown bytes, entry5.o(.ARM.Collect$$$$00000004))
<BR><BR>[Calls]<UL><LI><a href="#[7d]">&gt;&gt;</a>&nbsp;&nbsp;&nbsp;__scatterload
</UL>

<P><STRONG><a name="[93]"></a>__main_after_scatterload</STRONG> (Thumb, 0 bytes, Stack size unknown bytes, entry5.o(.ARM.Collect$$$$00000004))
<BR><BR>[Called By]<UL><LI><a href="#[7d]">&gt;&gt;</a>&nbsp;&nbsp;&nbsp;__scatterload
</UL>

<P><STRONG><a name="[17b]"></a>_main_clock</STRONG> (Thumb, 0 bytes, Stack size unknown bytes, entry7b.o(.ARM.Collect$$$$00000008))

<P><STRONG><a name="[7e]"></a>_main_cpp_init$empty</STRONG> (Thumb, 0 bytes, Stack size unknown bytes, entry8a.o(.ARM.Collect$$$$00000009))
<BR><BR>[Stack]<UL><LI>Max Depth = 24 + Unknown Stack Size
<LI>Call Chain = _main_cpp_init$empty &rArr; __cpp_initialize__aeabi_
</UL>
<BR>[Calls]<UL><LI><a href="#[7b]">&gt;&gt;</a>&nbsp;&nbsp;&nbsp;__cpp_initialize__aeabi_
</UL>

<P><STRONG><a name="[17c]"></a>_main_cpp_init</STRONG> (Thumb, 0 bytes, Stack size unknown bytes, entry8b.o(.ARM.Collect$$$$0000000A))

<P><STRONG><a name="[17d]"></a>_main_init</STRONG> (Thumb, 0 bytes, Stack size unknown bytes, entry9a.o(.ARM.Collect$$$$0000000B))

<P><STRONG><a name="[17e]"></a>__rt_final_cpp</STRONG> (Thumb, 0 bytes, Stack size unknown bytes, entry10a.o(.ARM.Collect$$$$0000000D))

<P><STRONG><a name="[17f]"></a>__rt_final_exit</STRONG> (Thumb, 0 bytes, Stack size unknown bytes, entry11a.o(.ARM.Collect$$$$0000000F))

<P><STRONG><a name="[d]"></a>Reset_Handler</STRONG> (Thumb, 8 bytes, Stack size 0 bytes, startup_at32f403a_407.o(.text))
<BR>[Address Reference Count : 1]<UL><LI> startup_at32f403a_407.o(RESET)
</UL>
<P><STRONG><a name="[5b]"></a>ACC_IRQHandler</STRONG> (Thumb, 0 bytes, Stack size 0 bytes, startup_at32f403a_407.o(.text))
<BR><BR>[Calls]<UL><LI><a href="#[5b]">&gt;&gt;</a>&nbsp;&nbsp;&nbsp;ACC_IRQHandler
</UL>
<BR>[Called By]<UL><LI><a href="#[5b]">&gt;&gt;</a>&nbsp;&nbsp;&nbsp;ACC_IRQHandler
</UL>
<BR>[Address Reference Count : 1]<UL><LI> startup_at32f403a_407.o(RESET)
</UL>
<P><STRONG><a name="[29]"></a>ADC1_2_IRQHandler</STRONG> (Thumb, 0 bytes, Stack size 0 bytes, startup_at32f403a_407.o(.text))
<BR>[Address Reference Count : 1]<UL><LI> startup_at32f403a_407.o(RESET)
</UL>
<P><STRONG><a name="[46]"></a>ADC3_IRQHandler</STRONG> (Thumb, 0 bytes, Stack size 0 bytes, startup_at32f403a_407.o(.text))
<BR>[Address Reference Count : 1]<UL><LI> startup_at32f403a_407.o(RESET)
</UL>
<P><STRONG><a name="[2c]"></a>CAN1_RX1_IRQHandler</STRONG> (Thumb, 0 bytes, Stack size 0 bytes, startup_at32f403a_407.o(.text))
<BR>[Address Reference Count : 1]<UL><LI> startup_at32f403a_407.o(RESET)
</UL>
<P><STRONG><a name="[2d]"></a>CAN1_SE_IRQHandler</STRONG> (Thumb, 0 bytes, Stack size 0 bytes, startup_at32f403a_407.o(.text))
<BR>[Address Reference Count : 1]<UL><LI> startup_at32f403a_407.o(RESET)
</UL>
<P><STRONG><a name="[58]"></a>CAN2_RX0_IRQHandler</STRONG> (Thumb, 0 bytes, Stack size 0 bytes, startup_at32f403a_407.o(.text))
<BR>[Address Reference Count : 1]<UL><LI> startup_at32f403a_407.o(RESET)
</UL>
<P><STRONG><a name="[59]"></a>CAN2_RX1_IRQHandler</STRONG> (Thumb, 0 bytes, Stack size 0 bytes, startup_at32f403a_407.o(.text))
<BR>[Address Reference Count : 1]<UL><LI> startup_at32f403a_407.o(RESET)
</UL>
<P><STRONG><a name="[5a]"></a>CAN2_SE_IRQHandler</STRONG> (Thumb, 0 bytes, Stack size 0 bytes, startup_at32f403a_407.o(.text))
<BR>[Address Reference Count : 1]<UL><LI> startup_at32f403a_407.o(RESET)
</UL>
<P><STRONG><a name="[57]"></a>CAN2_TX_IRQHandler</STRONG> (Thumb, 0 bytes, Stack size 0 bytes, startup_at32f403a_407.o(.text))
<BR>[Address Reference Count : 1]<UL><LI> startup_at32f403a_407.o(RESET)
</UL>
<P><STRONG><a name="[1c]"></a>CRM_IRQHandler</STRONG> (Thumb, 0 bytes, Stack size 0 bytes, startup_at32f403a_407.o(.text))
<BR>[Address Reference Count : 1]<UL><LI> startup_at32f403a_407.o(RESET)
</UL>
<P><STRONG><a name="[22]"></a>DMA1_Channel1_IRQHandler</STRONG> (Thumb, 0 bytes, Stack size 0 bytes, startup_at32f403a_407.o(.text))
<BR>[Address Reference Count : 1]<UL><LI> startup_at32f403a_407.o(RESET)
</UL>
<P><STRONG><a name="[23]"></a>DMA1_Channel2_IRQHandler</STRONG> (Thumb, 0 bytes, Stack size 0 bytes, startup_at32f403a_407.o(.text))
<BR>[Address Reference Count : 1]<UL><LI> startup_at32f403a_407.o(RESET)
</UL>
<P><STRONG><a name="[24]"></a>DMA1_Channel3_IRQHandler</STRONG> (Thumb, 0 bytes, Stack size 0 bytes, startup_at32f403a_407.o(.text))
<BR>[Address Reference Count : 1]<UL><LI> startup_at32f403a_407.o(RESET)
</UL>
<P><STRONG><a name="[25]"></a>DMA1_Channel4_IRQHandler</STRONG> (Thumb, 0 bytes, Stack size 0 bytes, startup_at32f403a_407.o(.text))
<BR>[Address Reference Count : 1]<UL><LI> startup_at32f403a_407.o(RESET)
</UL>
<P><STRONG><a name="[26]"></a>DMA1_Channel5_IRQHandler</STRONG> (Thumb, 0 bytes, Stack size 0 bytes, startup_at32f403a_407.o(.text))
<BR>[Address Reference Count : 1]<UL><LI> startup_at32f403a_407.o(RESET)
</UL>
<P><STRONG><a name="[27]"></a>DMA1_Channel6_IRQHandler</STRONG> (Thumb, 0 bytes, Stack size 0 bytes, startup_at32f403a_407.o(.text))
<BR>[Address Reference Count : 1]<UL><LI> startup_at32f403a_407.o(RESET)
</UL>
<P><STRONG><a name="[28]"></a>DMA1_Channel7_IRQHandler</STRONG> (Thumb, 0 bytes, Stack size 0 bytes, startup_at32f403a_407.o(.text))
<BR>[Address Reference Count : 1]<UL><LI> startup_at32f403a_407.o(RESET)
</UL>
<P><STRONG><a name="[4f]"></a>DMA2_Channel1_IRQHandler</STRONG> (Thumb, 0 bytes, Stack size 0 bytes, startup_at32f403a_407.o(.text))
<BR>[Address Reference Count : 1]<UL><LI> startup_at32f403a_407.o(RESET)
</UL>
<P><STRONG><a name="[50]"></a>DMA2_Channel2_IRQHandler</STRONG> (Thumb, 0 bytes, Stack size 0 bytes, startup_at32f403a_407.o(.text))
<BR>[Address Reference Count : 1]<UL><LI> startup_at32f403a_407.o(RESET)
</UL>
<P><STRONG><a name="[51]"></a>DMA2_Channel3_IRQHandler</STRONG> (Thumb, 0 bytes, Stack size 0 bytes, startup_at32f403a_407.o(.text))
<BR>[Address Reference Count : 1]<UL><LI> startup_at32f403a_407.o(RESET)
</UL>
<P><STRONG><a name="[52]"></a>DMA2_Channel4_5_IRQHandler</STRONG> (Thumb, 0 bytes, Stack size 0 bytes, startup_at32f403a_407.o(.text))
<BR>[Address Reference Count : 1]<UL><LI> startup_at32f403a_407.o(RESET)
</UL>
<P><STRONG><a name="[5e]"></a>DMA2_Channel6_7_IRQHandler</STRONG> (Thumb, 0 bytes, Stack size 0 bytes, startup_at32f403a_407.o(.text))
<BR>[Address Reference Count : 1]<UL><LI> startup_at32f403a_407.o(RESET)
</UL>
<P><STRONG><a name="[62]"></a>EMAC_IRQHandler</STRONG> (Thumb, 0 bytes, Stack size 0 bytes, startup_at32f403a_407.o(.text))
<BR>[Address Reference Count : 1]<UL><LI> startup_at32f403a_407.o(RESET)
</UL>
<P><STRONG><a name="[63]"></a>EMAC_WKUP_IRQHandler</STRONG> (Thumb, 0 bytes, Stack size 0 bytes, startup_at32f403a_407.o(.text))
<BR>[Address Reference Count : 1]<UL><LI> startup_at32f403a_407.o(RESET)
</UL>
<P><STRONG><a name="[1d]"></a>EXINT0_IRQHandler</STRONG> (Thumb, 0 bytes, Stack size 0 bytes, startup_at32f403a_407.o(.text))
<BR>[Address Reference Count : 1]<UL><LI> startup_at32f403a_407.o(RESET)
</UL>
<P><STRONG><a name="[3f]"></a>EXINT15_10_IRQHandler</STRONG> (Thumb, 0 bytes, Stack size 0 bytes, startup_at32f403a_407.o(.text))
<BR>[Address Reference Count : 1]<UL><LI> startup_at32f403a_407.o(RESET)
</UL>
<P><STRONG><a name="[1e]"></a>EXINT1_IRQHandler</STRONG> (Thumb, 0 bytes, Stack size 0 bytes, startup_at32f403a_407.o(.text))
<BR>[Address Reference Count : 1]<UL><LI> startup_at32f403a_407.o(RESET)
</UL>
<P><STRONG><a name="[1f]"></a>EXINT2_IRQHandler</STRONG> (Thumb, 0 bytes, Stack size 0 bytes, startup_at32f403a_407.o(.text))
<BR>[Address Reference Count : 1]<UL><LI> startup_at32f403a_407.o(RESET)
</UL>
<P><STRONG><a name="[20]"></a>EXINT3_IRQHandler</STRONG> (Thumb, 0 bytes, Stack size 0 bytes, startup_at32f403a_407.o(.text))
<BR>[Address Reference Count : 1]<UL><LI> startup_at32f403a_407.o(RESET)
</UL>
<P><STRONG><a name="[21]"></a>EXINT4_IRQHandler</STRONG> (Thumb, 0 bytes, Stack size 0 bytes, startup_at32f403a_407.o(.text))
<BR>[Address Reference Count : 1]<UL><LI> startup_at32f403a_407.o(RESET)
</UL>
<P><STRONG><a name="[2e]"></a>EXINT9_5_IRQHandler</STRONG> (Thumb, 0 bytes, Stack size 0 bytes, startup_at32f403a_407.o(.text))
<BR>[Address Reference Count : 1]<UL><LI> startup_at32f403a_407.o(RESET)
</UL>
<P><STRONG><a name="[1b]"></a>FLASH_IRQHandler</STRONG> (Thumb, 0 bytes, Stack size 0 bytes, startup_at32f403a_407.o(.text))
<BR>[Address Reference Count : 1]<UL><LI> startup_at32f403a_407.o(RESET)
</UL>
<P><STRONG><a name="[37]"></a>I2C1_ERR_IRQHandler</STRONG> (Thumb, 0 bytes, Stack size 0 bytes, startup_at32f403a_407.o(.text))
<BR>[Address Reference Count : 1]<UL><LI> startup_at32f403a_407.o(RESET)
</UL>
<P><STRONG><a name="[36]"></a>I2C1_EVT_IRQHandler</STRONG> (Thumb, 0 bytes, Stack size 0 bytes, startup_at32f403a_407.o(.text))
<BR>[Address Reference Count : 1]<UL><LI> startup_at32f403a_407.o(RESET)
</UL>
<P><STRONG><a name="[39]"></a>I2C2_ERR_IRQHandler</STRONG> (Thumb, 0 bytes, Stack size 0 bytes, startup_at32f403a_407.o(.text))
<BR>[Address Reference Count : 1]<UL><LI> startup_at32f403a_407.o(RESET)
</UL>
<P><STRONG><a name="[38]"></a>I2C2_EVT_IRQHandler</STRONG> (Thumb, 0 bytes, Stack size 0 bytes, startup_at32f403a_407.o(.text))
<BR>[Address Reference Count : 1]<UL><LI> startup_at32f403a_407.o(RESET)
</UL>
<P><STRONG><a name="[55]"></a>I2C3_ERR_IRQHandler</STRONG> (Thumb, 0 bytes, Stack size 0 bytes, startup_at32f403a_407.o(.text))
<BR>[Address Reference Count : 1]<UL><LI> startup_at32f403a_407.o(RESET)
</UL>
<P><STRONG><a name="[54]"></a>I2C3_EVT_IRQHandler</STRONG> (Thumb, 0 bytes, Stack size 0 bytes, startup_at32f403a_407.o(.text))
<BR>[Address Reference Count : 1]<UL><LI> startup_at32f403a_407.o(RESET)
</UL>
<P><STRONG><a name="[18]"></a>PVM_IRQHandler</STRONG> (Thumb, 0 bytes, Stack size 0 bytes, startup_at32f403a_407.o(.text))
<BR>[Address Reference Count : 1]<UL><LI> startup_at32f403a_407.o(RESET)
</UL>
<P><STRONG><a name="[40]"></a>RTCAlarm_IRQHandler</STRONG> (Thumb, 0 bytes, Stack size 0 bytes, startup_at32f403a_407.o(.text))
<BR>[Address Reference Count : 1]<UL><LI> startup_at32f403a_407.o(RESET)
</UL>
<P><STRONG><a name="[1a]"></a>RTC_IRQHandler</STRONG> (Thumb, 0 bytes, Stack size 0 bytes, startup_at32f403a_407.o(.text))
<BR>[Address Reference Count : 1]<UL><LI> startup_at32f403a_407.o(RESET)
</UL>
<P><STRONG><a name="[48]"></a>SDIO1_IRQHandler</STRONG> (Thumb, 0 bytes, Stack size 0 bytes, startup_at32f403a_407.o(.text))
<BR>[Address Reference Count : 1]<UL><LI> startup_at32f403a_407.o(RESET)
</UL>
<P><STRONG><a name="[53]"></a>SDIO2_IRQHandler</STRONG> (Thumb, 0 bytes, Stack size 0 bytes, startup_at32f403a_407.o(.text))
<BR>[Address Reference Count : 1]<UL><LI> startup_at32f403a_407.o(RESET)
</UL>
<P><STRONG><a name="[3a]"></a>SPI1_IRQHandler</STRONG> (Thumb, 0 bytes, Stack size 0 bytes, startup_at32f403a_407.o(.text))
<BR>[Address Reference Count : 1]<UL><LI> startup_at32f403a_407.o(RESET)
</UL>
<P><STRONG><a name="[3b]"></a>SPI2_I2S2EXT_IRQHandler</STRONG> (Thumb, 0 bytes, Stack size 0 bytes, startup_at32f403a_407.o(.text))
<BR>[Address Reference Count : 1]<UL><LI> startup_at32f403a_407.o(RESET)
</UL>
<P><STRONG><a name="[4a]"></a>SPI3_I2S3EXT_IRQHandler</STRONG> (Thumb, 0 bytes, Stack size 0 bytes, startup_at32f403a_407.o(.text))
<BR>[Address Reference Count : 1]<UL><LI> startup_at32f403a_407.o(RESET)
</UL>
<P><STRONG><a name="[56]"></a>SPI4_IRQHandler</STRONG> (Thumb, 0 bytes, Stack size 0 bytes, startup_at32f403a_407.o(.text))
<BR>[Address Reference Count : 1]<UL><LI> startup_at32f403a_407.o(RESET)
</UL>
<P><STRONG><a name="[19]"></a>TAMPER_IRQHandler</STRONG> (Thumb, 0 bytes, Stack size 0 bytes, startup_at32f403a_407.o(.text))
<BR>[Address Reference Count : 1]<UL><LI> startup_at32f403a_407.o(RESET)
</UL>
<P><STRONG><a name="[2f]"></a>TMR1_BRK_TMR9_IRQHandler</STRONG> (Thumb, 0 bytes, Stack size 0 bytes, startup_at32f403a_407.o(.text))
<BR>[Address Reference Count : 1]<UL><LI> startup_at32f403a_407.o(RESET)
</UL>
<P><STRONG><a name="[32]"></a>TMR1_CH_IRQHandler</STRONG> (Thumb, 0 bytes, Stack size 0 bytes, startup_at32f403a_407.o(.text))
<BR>[Address Reference Count : 1]<UL><LI> startup_at32f403a_407.o(RESET)
</UL>
<P><STRONG><a name="[30]"></a>TMR1_OVF_TMR10_IRQHandler</STRONG> (Thumb, 0 bytes, Stack size 0 bytes, startup_at32f403a_407.o(.text))
<BR>[Address Reference Count : 1]<UL><LI> startup_at32f403a_407.o(RESET)
</UL>
<P><STRONG><a name="[31]"></a>TMR1_TRG_HALL_TMR11_IRQHandler</STRONG> (Thumb, 0 bytes, Stack size 0 bytes, startup_at32f403a_407.o(.text))
<BR>[Address Reference Count : 1]<UL><LI> startup_at32f403a_407.o(RESET)
</UL>
<P><STRONG><a name="[33]"></a>TMR2_GLOBAL_IRQHandler</STRONG> (Thumb, 0 bytes, Stack size 0 bytes, startup_at32f403a_407.o(.text))
<BR>[Address Reference Count : 1]<UL><LI> startup_at32f403a_407.o(RESET)
</UL>
<P><STRONG><a name="[34]"></a>TMR3_GLOBAL_IRQHandler</STRONG> (Thumb, 0 bytes, Stack size 0 bytes, startup_at32f403a_407.o(.text))
<BR>[Address Reference Count : 1]<UL><LI> startup_at32f403a_407.o(RESET)
</UL>
<P><STRONG><a name="[35]"></a>TMR4_GLOBAL_IRQHandler</STRONG> (Thumb, 0 bytes, Stack size 0 bytes, startup_at32f403a_407.o(.text))
<BR>[Address Reference Count : 1]<UL><LI> startup_at32f403a_407.o(RESET)
</UL>
<P><STRONG><a name="[49]"></a>TMR5_GLOBAL_IRQHandler</STRONG> (Thumb, 0 bytes, Stack size 0 bytes, startup_at32f403a_407.o(.text))
<BR>[Address Reference Count : 1]<UL><LI> startup_at32f403a_407.o(RESET)
</UL>
<P><STRONG><a name="[4d]"></a>TMR6_GLOBAL_IRQHandler</STRONG> (Thumb, 0 bytes, Stack size 0 bytes, startup_at32f403a_407.o(.text))
<BR>[Address Reference Count : 1]<UL><LI> startup_at32f403a_407.o(RESET)
</UL>
<P><STRONG><a name="[4e]"></a>TMR7_GLOBAL_IRQHandler</STRONG> (Thumb, 0 bytes, Stack size 0 bytes, startup_at32f403a_407.o(.text))
<BR>[Address Reference Count : 1]<UL><LI> startup_at32f403a_407.o(RESET)
</UL>
<P><STRONG><a name="[42]"></a>TMR8_BRK_TMR12_IRQHandler</STRONG> (Thumb, 0 bytes, Stack size 0 bytes, startup_at32f403a_407.o(.text))
<BR>[Address Reference Count : 1]<UL><LI> startup_at32f403a_407.o(RESET)
</UL>
<P><STRONG><a name="[45]"></a>TMR8_CH_IRQHandler</STRONG> (Thumb, 0 bytes, Stack size 0 bytes, startup_at32f403a_407.o(.text))
<BR>[Address Reference Count : 1]<UL><LI> startup_at32f403a_407.o(RESET)
</UL>
<P><STRONG><a name="[43]"></a>TMR8_OVF_TMR13_IRQHandler</STRONG> (Thumb, 0 bytes, Stack size 0 bytes, startup_at32f403a_407.o(.text))
<BR>[Address Reference Count : 1]<UL><LI> startup_at32f403a_407.o(RESET)
</UL>
<P><STRONG><a name="[44]"></a>TMR8_TRG_HALL_TMR14_IRQHandler</STRONG> (Thumb, 0 bytes, Stack size 0 bytes, startup_at32f403a_407.o(.text))
<BR>[Address Reference Count : 1]<UL><LI> startup_at32f403a_407.o(RESET)
</UL>
<P><STRONG><a name="[4b]"></a>UART4_IRQHandler</STRONG> (Thumb, 0 bytes, Stack size 0 bytes, startup_at32f403a_407.o(.text))
<BR>[Address Reference Count : 1]<UL><LI> startup_at32f403a_407.o(RESET)
</UL>
<P><STRONG><a name="[4c]"></a>UART5_IRQHandler</STRONG> (Thumb, 0 bytes, Stack size 0 bytes, startup_at32f403a_407.o(.text))
<BR>[Address Reference Count : 1]<UL><LI> startup_at32f403a_407.o(RESET)
</UL>
<P><STRONG><a name="[60]"></a>UART7_IRQHandler</STRONG> (Thumb, 0 bytes, Stack size 0 bytes, startup_at32f403a_407.o(.text))
<BR>[Address Reference Count : 1]<UL><LI> startup_at32f403a_407.o(RESET)
</UL>
<P><STRONG><a name="[61]"></a>UART8_IRQHandler</STRONG> (Thumb, 0 bytes, Stack size 0 bytes, startup_at32f403a_407.o(.text))
<BR>[Address Reference Count : 1]<UL><LI> startup_at32f403a_407.o(RESET)
</UL>
<P><STRONG><a name="[3d]"></a>USART2_IRQHandler</STRONG> (Thumb, 0 bytes, Stack size 0 bytes, startup_at32f403a_407.o(.text))
<BR>[Address Reference Count : 1]<UL><LI> startup_at32f403a_407.o(RESET)
</UL>
<P><STRONG><a name="[3e]"></a>USART3_IRQHandler</STRONG> (Thumb, 0 bytes, Stack size 0 bytes, startup_at32f403a_407.o(.text))
<BR>[Address Reference Count : 1]<UL><LI> startup_at32f403a_407.o(RESET)
</UL>
<P><STRONG><a name="[5f]"></a>USART6_IRQHandler</STRONG> (Thumb, 0 bytes, Stack size 0 bytes, startup_at32f403a_407.o(.text))
<BR>[Address Reference Count : 1]<UL><LI> startup_at32f403a_407.o(RESET)
</UL>
<P><STRONG><a name="[41]"></a>USBFSWakeUp_IRQHandler</STRONG> (Thumb, 0 bytes, Stack size 0 bytes, startup_at32f403a_407.o(.text))
<BR>[Address Reference Count : 1]<UL><LI> startup_at32f403a_407.o(RESET)
</UL>
<P><STRONG><a name="[2a]"></a>USBFS_H_CAN1_TX_IRQHandler</STRONG> (Thumb, 0 bytes, Stack size 0 bytes, startup_at32f403a_407.o(.text))
<BR>[Address Reference Count : 1]<UL><LI> startup_at32f403a_407.o(RESET)
</UL>
<P><STRONG><a name="[2b]"></a>USBFS_L_CAN1_RX0_IRQHandler</STRONG> (Thumb, 0 bytes, Stack size 0 bytes, startup_at32f403a_407.o(.text))
<BR>[Address Reference Count : 1]<UL><LI> startup_at32f403a_407.o(RESET)
</UL>
<P><STRONG><a name="[5c]"></a>USBFS_MAPH_IRQHandler</STRONG> (Thumb, 0 bytes, Stack size 0 bytes, startup_at32f403a_407.o(.text))
<BR>[Address Reference Count : 1]<UL><LI> startup_at32f403a_407.o(RESET)
</UL>
<P><STRONG><a name="[5d]"></a>USBFS_MAPL_IRQHandler</STRONG> (Thumb, 0 bytes, Stack size 0 bytes, startup_at32f403a_407.o(.text))
<BR>[Address Reference Count : 1]<UL><LI> startup_at32f403a_407.o(RESET)
</UL>
<P><STRONG><a name="[17]"></a>WWDT_IRQHandler</STRONG> (Thumb, 0 bytes, Stack size 0 bytes, startup_at32f403a_407.o(.text))
<BR>[Address Reference Count : 1]<UL><LI> startup_at32f403a_407.o(RESET)
</UL>
<P><STRONG><a name="[47]"></a>XMC_IRQHandler</STRONG> (Thumb, 0 bytes, Stack size 0 bytes, startup_at32f403a_407.o(.text))
<BR>[Address Reference Count : 1]<UL><LI> startup_at32f403a_407.o(RESET)
</UL>
<P><STRONG><a name="[16]"></a>SysTick_Handler</STRONG> (Thumb, 0 bytes, Stack size unknown bytes, systick_wrapper_gnu.o(.text))
<BR>[Address Reference Count : 1]<UL><LI> startup_at32f403a_407.o(RESET)
</UL>
<P><STRONG><a name="[180]"></a>__ensure_systick_wrapper</STRONG> (Thumb, 0 bytes, Stack size unknown bytes, systick_wrapper_gnu.o(.text), UNUSED)

<P><STRONG><a name="[7f]"></a>__aeabi_ldivmod</STRONG> (Thumb, 98 bytes, Stack size 24 bytes, ldiv.o(.text))
<BR><BR>[Stack]<UL><LI>Max Depth = 64<LI>Call Chain = __aeabi_ldivmod &rArr; __aeabi_uldivmod
</UL>
<BR>[Calls]<UL><LI><a href="#[80]">&gt;&gt;</a>&nbsp;&nbsp;&nbsp;__aeabi_uldivmod
</UL>
<BR>[Called By]<UL><LI><a href="#[67]">&gt;&gt;</a>&nbsp;&nbsp;&nbsp;perfc_port_insert_to_system_timer_insert_ovf_handler
</UL>

<P><STRONG><a name="[82]"></a>__aeabi_memset</STRONG> (Thumb, 14 bytes, Stack size 0 bytes, memseta.o(.text), UNUSED)
<BR><BR>[Called By]<UL><LI><a href="#[83]">&gt;&gt;</a>&nbsp;&nbsp;&nbsp;_memset$wrapper
<LI><a href="#[81]">&gt;&gt;</a>&nbsp;&nbsp;&nbsp;__aeabi_memclr
</UL>

<P><STRONG><a name="[181]"></a>__aeabi_memset4</STRONG> (Thumb, 0 bytes, Stack size 0 bytes, memseta.o(.text), UNUSED)

<P><STRONG><a name="[182]"></a>__aeabi_memset8</STRONG> (Thumb, 0 bytes, Stack size 0 bytes, memseta.o(.text), UNUSED)

<P><STRONG><a name="[81]"></a>__aeabi_memclr</STRONG> (Thumb, 4 bytes, Stack size 0 bytes, memseta.o(.text), UNUSED)
<BR><BR>[Calls]<UL><LI><a href="#[82]">&gt;&gt;</a>&nbsp;&nbsp;&nbsp;__aeabi_memset
</UL>

<P><STRONG><a name="[b9]"></a>__aeabi_memclr4</STRONG> (Thumb, 0 bytes, Stack size 0 bytes, memseta.o(.text))
<BR><BR>[Called By]<UL><LI><a href="#[b8]">&gt;&gt;</a>&nbsp;&nbsp;&nbsp;EventRecorderInitialize
</UL>

<P><STRONG><a name="[bb]"></a>__aeabi_memclr8</STRONG> (Thumb, 0 bytes, Stack size 0 bytes, memseta.o(.text))
<BR><BR>[Called By]<UL><LI><a href="#[b8]">&gt;&gt;</a>&nbsp;&nbsp;&nbsp;EventRecorderInitialize
</UL>

<P><STRONG><a name="[83]"></a>_memset$wrapper</STRONG> (Thumb, 18 bytes, Stack size 8 bytes, memseta.o(.text), UNUSED)
<BR><BR>[Calls]<UL><LI><a href="#[82]">&gt;&gt;</a>&nbsp;&nbsp;&nbsp;__aeabi_memset
</UL>

<P><STRONG><a name="[7b]"></a>__cpp_initialize__aeabi_</STRONG> (Thumb, 32 bytes, Stack size 24 bytes, cpp_init.o(.text))
<BR><BR>[Stack]<UL><LI>Max Depth = 24<LI>Call Chain = __cpp_initialize__aeabi_
</UL>
<BR>[Called By]<UL><LI><a href="#[7e]">&gt;&gt;</a>&nbsp;&nbsp;&nbsp;_main_cpp_init$empty
</UL>

<P><STRONG><a name="[84]"></a>__aeabi_dadd</STRONG> (Thumb, 322 bytes, Stack size 48 bytes, dadd.o(.text))
<BR><BR>[Stack]<UL><LI>Max Depth = 88<LI>Call Chain = __aeabi_dadd &rArr; _double_epilogue &rArr; _double_round
</UL>
<BR>[Calls]<UL><LI><a href="#[88]">&gt;&gt;</a>&nbsp;&nbsp;&nbsp;_double_round
<LI><a href="#[87]">&gt;&gt;</a>&nbsp;&nbsp;&nbsp;_double_epilogue
<LI><a href="#[86]">&gt;&gt;</a>&nbsp;&nbsp;&nbsp;__aeabi_lasr
<LI><a href="#[85]">&gt;&gt;</a>&nbsp;&nbsp;&nbsp;__aeabi_llsl
</UL>
<BR>[Called By]<UL><LI><a href="#[8a]">&gt;&gt;</a>&nbsp;&nbsp;&nbsp;__aeabi_drsub
<LI><a href="#[89]">&gt;&gt;</a>&nbsp;&nbsp;&nbsp;__aeabi_dsub
<LI><a href="#[c8]">&gt;&gt;</a>&nbsp;&nbsp;&nbsp;dac_output_control
<LI><a href="#[ed]">&gt;&gt;</a>&nbsp;&nbsp;&nbsp;collect_typec_usb_data
<LI><a href="#[e8]">&gt;&gt;</a>&nbsp;&nbsp;&nbsp;collect_current
<LI><a href="#[ec]">&gt;&gt;</a>&nbsp;&nbsp;&nbsp;collect_voltage
</UL>

<P><STRONG><a name="[89]"></a>__aeabi_dsub</STRONG> (Thumb, 6 bytes, Stack size 0 bytes, dadd.o(.text), UNUSED)
<BR><BR>[Calls]<UL><LI><a href="#[84]">&gt;&gt;</a>&nbsp;&nbsp;&nbsp;__aeabi_dadd
</UL>

<P><STRONG><a name="[8a]"></a>__aeabi_drsub</STRONG> (Thumb, 6 bytes, Stack size 0 bytes, dadd.o(.text), UNUSED)
<BR><BR>[Calls]<UL><LI><a href="#[84]">&gt;&gt;</a>&nbsp;&nbsp;&nbsp;__aeabi_dadd
</UL>

<P><STRONG><a name="[8b]"></a>__aeabi_dmul</STRONG> (Thumb, 228 bytes, Stack size 48 bytes, dmul.o(.text))
<BR><BR>[Stack]<UL><LI>Max Depth = 88<LI>Call Chain = __aeabi_dmul &rArr; _double_epilogue &rArr; _double_round
</UL>
<BR>[Calls]<UL><LI><a href="#[87]">&gt;&gt;</a>&nbsp;&nbsp;&nbsp;_double_epilogue
</UL>
<BR>[Called By]<UL><LI><a href="#[c8]">&gt;&gt;</a>&nbsp;&nbsp;&nbsp;dac_output_control
</UL>

<P><STRONG><a name="[8c]"></a>__aeabi_ddiv</STRONG> (Thumb, 222 bytes, Stack size 32 bytes, ddiv.o(.text))
<BR><BR>[Stack]<UL><LI>Max Depth = 40<LI>Call Chain = __aeabi_ddiv &rArr; _double_round
</UL>
<BR>[Calls]<UL><LI><a href="#[88]">&gt;&gt;</a>&nbsp;&nbsp;&nbsp;_double_round
</UL>
<BR>[Called By]<UL><LI><a href="#[e8]">&gt;&gt;</a>&nbsp;&nbsp;&nbsp;collect_current
<LI><a href="#[ec]">&gt;&gt;</a>&nbsp;&nbsp;&nbsp;collect_voltage
</UL>

<P><STRONG><a name="[8d]"></a>__aeabi_i2d</STRONG> (Thumb, 34 bytes, Stack size 16 bytes, dflti.o(.text))
<BR><BR>[Stack]<UL><LI>Max Depth = 56<LI>Call Chain = __aeabi_i2d &rArr; _double_epilogue &rArr; _double_round
</UL>
<BR>[Calls]<UL><LI><a href="#[87]">&gt;&gt;</a>&nbsp;&nbsp;&nbsp;_double_epilogue
</UL>
<BR>[Called By]<UL><LI><a href="#[c8]">&gt;&gt;</a>&nbsp;&nbsp;&nbsp;dac_output_control
</UL>

<P><STRONG><a name="[8e]"></a>__aeabi_ui2d</STRONG> (Thumb, 26 bytes, Stack size 16 bytes, dfltui.o(.text))
<BR><BR>[Stack]<UL><LI>Max Depth = 56<LI>Call Chain = __aeabi_ui2d &rArr; _double_epilogue &rArr; _double_round
</UL>
<BR>[Calls]<UL><LI><a href="#[87]">&gt;&gt;</a>&nbsp;&nbsp;&nbsp;_double_epilogue
</UL>
<BR>[Called By]<UL><LI><a href="#[e8]">&gt;&gt;</a>&nbsp;&nbsp;&nbsp;collect_current
<LI><a href="#[ec]">&gt;&gt;</a>&nbsp;&nbsp;&nbsp;collect_voltage
</UL>

<P><STRONG><a name="[8f]"></a>__aeabi_d2iz</STRONG> (Thumb, 62 bytes, Stack size 16 bytes, dfixi.o(.text))
<BR><BR>[Stack]<UL><LI>Max Depth = 16<LI>Call Chain = __aeabi_d2iz
</UL>
<BR>[Calls]<UL><LI><a href="#[90]">&gt;&gt;</a>&nbsp;&nbsp;&nbsp;__aeabi_llsr
</UL>
<BR>[Called By]<UL><LI><a href="#[c8]">&gt;&gt;</a>&nbsp;&nbsp;&nbsp;dac_output_control
<LI><a href="#[ed]">&gt;&gt;</a>&nbsp;&nbsp;&nbsp;collect_typec_usb_data
<LI><a href="#[e8]">&gt;&gt;</a>&nbsp;&nbsp;&nbsp;collect_current
<LI><a href="#[ec]">&gt;&gt;</a>&nbsp;&nbsp;&nbsp;collect_voltage
</UL>

<P><STRONG><a name="[ea]"></a>__aeabi_f2d</STRONG> (Thumb, 38 bytes, Stack size 0 bytes, f2d.o(.text))
<BR><BR>[Called By]<UL><LI><a href="#[c8]">&gt;&gt;</a>&nbsp;&nbsp;&nbsp;dac_output_control
<LI><a href="#[ed]">&gt;&gt;</a>&nbsp;&nbsp;&nbsp;collect_typec_usb_data
<LI><a href="#[e8]">&gt;&gt;</a>&nbsp;&nbsp;&nbsp;collect_current
<LI><a href="#[ec]">&gt;&gt;</a>&nbsp;&nbsp;&nbsp;collect_voltage
</UL>

<P><STRONG><a name="[91]"></a>__aeabi_d2f</STRONG> (Thumb, 56 bytes, Stack size 8 bytes, d2f.o(.text))
<BR><BR>[Stack]<UL><LI>Max Depth = 8<LI>Call Chain = __aeabi_d2f
</UL>
<BR>[Calls]<UL><LI><a href="#[92]">&gt;&gt;</a>&nbsp;&nbsp;&nbsp;_float_round
</UL>
<BR>[Called By]<UL><LI><a href="#[c8]">&gt;&gt;</a>&nbsp;&nbsp;&nbsp;dac_output_control
<LI><a href="#[e8]">&gt;&gt;</a>&nbsp;&nbsp;&nbsp;collect_current
<LI><a href="#[ec]">&gt;&gt;</a>&nbsp;&nbsp;&nbsp;collect_voltage
</UL>

<P><STRONG><a name="[80]"></a>__aeabi_uldivmod</STRONG> (Thumb, 98 bytes, Stack size 40 bytes, uldiv.o(.text))
<BR><BR>[Stack]<UL><LI>Max Depth = 40<LI>Call Chain = __aeabi_uldivmod
</UL>
<BR>[Calls]<UL><LI><a href="#[90]">&gt;&gt;</a>&nbsp;&nbsp;&nbsp;__aeabi_llsr
<LI><a href="#[85]">&gt;&gt;</a>&nbsp;&nbsp;&nbsp;__aeabi_llsl
</UL>
<BR>[Called By]<UL><LI><a href="#[7f]">&gt;&gt;</a>&nbsp;&nbsp;&nbsp;__aeabi_ldivmod
</UL>

<P><STRONG><a name="[85]"></a>__aeabi_llsl</STRONG> (Thumb, 30 bytes, Stack size 0 bytes, llshl.o(.text))
<BR><BR>[Called By]<UL><LI><a href="#[87]">&gt;&gt;</a>&nbsp;&nbsp;&nbsp;_double_epilogue
<LI><a href="#[84]">&gt;&gt;</a>&nbsp;&nbsp;&nbsp;__aeabi_dadd
<LI><a href="#[80]">&gt;&gt;</a>&nbsp;&nbsp;&nbsp;__aeabi_uldivmod
</UL>

<P><STRONG><a name="[183]"></a>_ll_shift_l</STRONG> (Thumb, 0 bytes, Stack size 0 bytes, llshl.o(.text), UNUSED)

<P><STRONG><a name="[90]"></a>__aeabi_llsr</STRONG> (Thumb, 32 bytes, Stack size 0 bytes, llushr.o(.text))
<BR><BR>[Called By]<UL><LI><a href="#[87]">&gt;&gt;</a>&nbsp;&nbsp;&nbsp;_double_epilogue
<LI><a href="#[8f]">&gt;&gt;</a>&nbsp;&nbsp;&nbsp;__aeabi_d2iz
<LI><a href="#[80]">&gt;&gt;</a>&nbsp;&nbsp;&nbsp;__aeabi_uldivmod
</UL>

<P><STRONG><a name="[184]"></a>_ll_ushift_r</STRONG> (Thumb, 0 bytes, Stack size 0 bytes, llushr.o(.text), UNUSED)

<P><STRONG><a name="[86]"></a>__aeabi_lasr</STRONG> (Thumb, 36 bytes, Stack size 0 bytes, llsshr.o(.text))
<BR><BR>[Called By]<UL><LI><a href="#[84]">&gt;&gt;</a>&nbsp;&nbsp;&nbsp;__aeabi_dadd
</UL>

<P><STRONG><a name="[185]"></a>_ll_sshift_r</STRONG> (Thumb, 0 bytes, Stack size 0 bytes, llsshr.o(.text), UNUSED)

<P><STRONG><a name="[186]"></a>__I$use$fp</STRONG> (Thumb, 0 bytes, Stack size 0 bytes, iusefp.o(.text), UNUSED)

<P><STRONG><a name="[92]"></a>_float_round</STRONG> (Thumb, 18 bytes, Stack size 0 bytes, fepilogue.o(.text))
<BR><BR>[Called By]<UL><LI><a href="#[91]">&gt;&gt;</a>&nbsp;&nbsp;&nbsp;__aeabi_d2f
</UL>

<P><STRONG><a name="[187]"></a>_float_epilogue</STRONG> (Thumb, 92 bytes, Stack size 4 bytes, fepilogue.o(.text), UNUSED)

<P><STRONG><a name="[88]"></a>_double_round</STRONG> (Thumb, 30 bytes, Stack size 8 bytes, depilogue.o(.text))
<BR><BR>[Stack]<UL><LI>Max Depth = 8<LI>Call Chain = _double_round
</UL>
<BR>[Called By]<UL><LI><a href="#[87]">&gt;&gt;</a>&nbsp;&nbsp;&nbsp;_double_epilogue
<LI><a href="#[84]">&gt;&gt;</a>&nbsp;&nbsp;&nbsp;__aeabi_dadd
<LI><a href="#[8c]">&gt;&gt;</a>&nbsp;&nbsp;&nbsp;__aeabi_ddiv
</UL>

<P><STRONG><a name="[87]"></a>_double_epilogue</STRONG> (Thumb, 156 bytes, Stack size 32 bytes, depilogue.o(.text))
<BR><BR>[Stack]<UL><LI>Max Depth = 40<LI>Call Chain = _double_epilogue &rArr; _double_round
</UL>
<BR>[Calls]<UL><LI><a href="#[88]">&gt;&gt;</a>&nbsp;&nbsp;&nbsp;_double_round
<LI><a href="#[90]">&gt;&gt;</a>&nbsp;&nbsp;&nbsp;__aeabi_llsr
<LI><a href="#[85]">&gt;&gt;</a>&nbsp;&nbsp;&nbsp;__aeabi_llsl
</UL>
<BR>[Called By]<UL><LI><a href="#[8b]">&gt;&gt;</a>&nbsp;&nbsp;&nbsp;__aeabi_dmul
<LI><a href="#[8d]">&gt;&gt;</a>&nbsp;&nbsp;&nbsp;__aeabi_i2d
<LI><a href="#[84]">&gt;&gt;</a>&nbsp;&nbsp;&nbsp;__aeabi_dadd
<LI><a href="#[8e]">&gt;&gt;</a>&nbsp;&nbsp;&nbsp;__aeabi_ui2d
</UL>

<P><STRONG><a name="[7d]"></a>__scatterload</STRONG> (Thumb, 38 bytes, Stack size 0 bytes, init.o(.text))
<BR><BR>[Calls]<UL><LI><a href="#[93]">&gt;&gt;</a>&nbsp;&nbsp;&nbsp;__main_after_scatterload
</UL>
<BR>[Called By]<UL><LI><a href="#[7c]">&gt;&gt;</a>&nbsp;&nbsp;&nbsp;_main_scatterload
</UL>

<P><STRONG><a name="[188]"></a>__scatterload_rt2</STRONG> (Thumb, 0 bytes, Stack size 0 bytes, init.o(.text), UNUSED)

<P><STRONG><a name="[189]"></a>__decompress</STRONG> (Thumb, 0 bytes, Stack size unknown bytes, __dczerorl2.o(.text), UNUSED)

<P><STRONG><a name="[18a]"></a>__decompress1</STRONG> (Thumb, 86 bytes, Stack size unknown bytes, __dczerorl2.o(.text), UNUSED)

<P><STRONG><a name="[94]"></a>ACK</STRONG> (Thumb, 184 bytes, Stack size 24 bytes, tm1680.o(.text.ACK))
<BR><BR>[Stack]<UL><LI>Max Depth = 112<LI>Call Chain = ACK &rArr; delay_us &rArr; get_system_ticks &rArr; check_systick
</UL>
<BR>[Calls]<UL><LI><a href="#[97]">&gt;&gt;</a>&nbsp;&nbsp;&nbsp;gpio_bits_set
<LI><a href="#[98]">&gt;&gt;</a>&nbsp;&nbsp;&nbsp;gpio_input_data_bit_read
<LI><a href="#[95]">&gt;&gt;</a>&nbsp;&nbsp;&nbsp;gpio_bits_reset
<LI><a href="#[96]">&gt;&gt;</a>&nbsp;&nbsp;&nbsp;delay_us
</UL>
<BR>[Called By]<UL><LI><a href="#[a9]">&gt;&gt;</a>&nbsp;&nbsp;&nbsp;TM1680WriteByte
<LI><a href="#[d5]">&gt;&gt;</a>&nbsp;&nbsp;&nbsp;tm1680SendByte
<LI><a href="#[d8]">&gt;&gt;</a>&nbsp;&nbsp;&nbsp;TM1680Write4bit
</UL>

<P><STRONG><a name="[99]"></a>Actual_Current_display</STRONG> (Thumb, 120 bytes, Stack size 16 bytes, lcd_handle.o(.text.Actual_Current_display))
<BR><BR>[Stack]<UL><LI>Max Depth = 184<LI>Call Chain = Actual_Current_display &rArr; Disp_one_person &rArr; TM1680WriteByte &rArr; tm1680SendByte &rArr; ACK &rArr; delay_us &rArr; get_system_ticks &rArr; check_systick
</UL>
<BR>[Calls]<UL><LI><a href="#[9b]">&gt;&gt;</a>&nbsp;&nbsp;&nbsp;Disp_one_person
<LI><a href="#[9a]">&gt;&gt;</a>&nbsp;&nbsp;&nbsp;get_digit
</UL>
<BR>[Called By]<UL><LI><a href="#[f2]">&gt;&gt;</a>&nbsp;&nbsp;&nbsp;current_display_handle
</UL>

<P><STRONG><a name="[9c]"></a>Actual_Typec_Current_display</STRONG> (Thumb, 170 bytes, Stack size 16 bytes, lcd_handle.o(.text.Actual_Typec_Current_display))
<BR><BR>[Stack]<UL><LI>Max Depth = 184<LI>Call Chain = Actual_Typec_Current_display &rArr; Disp_one_person &rArr; TM1680WriteByte &rArr; tm1680SendByte &rArr; ACK &rArr; delay_us &rArr; get_system_ticks &rArr; check_systick
</UL>
<BR>[Calls]<UL><LI><a href="#[9b]">&gt;&gt;</a>&nbsp;&nbsp;&nbsp;Disp_one_person
<LI><a href="#[9a]">&gt;&gt;</a>&nbsp;&nbsp;&nbsp;get_digit
</UL>
<BR>[Called By]<UL><LI><a href="#[124]">&gt;&gt;</a>&nbsp;&nbsp;&nbsp;typec_display_handle
</UL>

<P><STRONG><a name="[9d]"></a>Actual_Typec_Voltage_display</STRONG> (Thumb, 170 bytes, Stack size 16 bytes, lcd_handle.o(.text.Actual_Typec_Voltage_display))
<BR><BR>[Stack]<UL><LI>Max Depth = 184<LI>Call Chain = Actual_Typec_Voltage_display &rArr; Disp_one_person &rArr; TM1680WriteByte &rArr; tm1680SendByte &rArr; ACK &rArr; delay_us &rArr; get_system_ticks &rArr; check_systick
</UL>
<BR>[Calls]<UL><LI><a href="#[9b]">&gt;&gt;</a>&nbsp;&nbsp;&nbsp;Disp_one_person
<LI><a href="#[9a]">&gt;&gt;</a>&nbsp;&nbsp;&nbsp;get_digit
</UL>
<BR>[Called By]<UL><LI><a href="#[124]">&gt;&gt;</a>&nbsp;&nbsp;&nbsp;typec_display_handle
</UL>

<P><STRONG><a name="[9e]"></a>Actual_Usb_Current_display</STRONG> (Thumb, 170 bytes, Stack size 16 bytes, lcd_handle.o(.text.Actual_Usb_Current_display))
<BR><BR>[Stack]<UL><LI>Max Depth = 184<LI>Call Chain = Actual_Usb_Current_display &rArr; Disp_one_person &rArr; TM1680WriteByte &rArr; tm1680SendByte &rArr; ACK &rArr; delay_us &rArr; get_system_ticks &rArr; check_systick
</UL>
<BR>[Calls]<UL><LI><a href="#[9b]">&gt;&gt;</a>&nbsp;&nbsp;&nbsp;Disp_one_person
<LI><a href="#[9a]">&gt;&gt;</a>&nbsp;&nbsp;&nbsp;get_digit
</UL>
<BR>[Called By]<UL><LI><a href="#[123]">&gt;&gt;</a>&nbsp;&nbsp;&nbsp;usb_display_handle
</UL>

<P><STRONG><a name="[9f]"></a>Actual_Usb_Voltage_display</STRONG> (Thumb, 170 bytes, Stack size 16 bytes, lcd_handle.o(.text.Actual_Usb_Voltage_display))
<BR><BR>[Stack]<UL><LI>Max Depth = 184<LI>Call Chain = Actual_Usb_Voltage_display &rArr; Disp_one_person &rArr; TM1680WriteByte &rArr; tm1680SendByte &rArr; ACK &rArr; delay_us &rArr; get_system_ticks &rArr; check_systick
</UL>
<BR>[Calls]<UL><LI><a href="#[9b]">&gt;&gt;</a>&nbsp;&nbsp;&nbsp;Disp_one_person
<LI><a href="#[9a]">&gt;&gt;</a>&nbsp;&nbsp;&nbsp;get_digit
</UL>
<BR>[Called By]<UL><LI><a href="#[123]">&gt;&gt;</a>&nbsp;&nbsp;&nbsp;usb_display_handle
</UL>

<P><STRONG><a name="[a0]"></a>Actual_Voltage_display</STRONG> (Thumb, 118 bytes, Stack size 16 bytes, lcd_handle.o(.text.Actual_Voltage_display))
<BR><BR>[Stack]<UL><LI>Max Depth = 184<LI>Call Chain = Actual_Voltage_display &rArr; Disp_one_person &rArr; TM1680WriteByte &rArr; tm1680SendByte &rArr; ACK &rArr; delay_us &rArr; get_system_ticks &rArr; check_systick
</UL>
<BR>[Calls]<UL><LI><a href="#[9b]">&gt;&gt;</a>&nbsp;&nbsp;&nbsp;Disp_one_person
<LI><a href="#[9a]">&gt;&gt;</a>&nbsp;&nbsp;&nbsp;get_digit
</UL>
<BR>[Called By]<UL><LI><a href="#[122]">&gt;&gt;</a>&nbsp;&nbsp;&nbsp;voltage_display_handle
</UL>

<P><STRONG><a name="[a1]"></a>BSP_UsartInit</STRONG> (Thumb, 66 bytes, Stack size 16 bytes, at32_usart.o(.text.BSP_UsartInit))
<BR><BR>[Stack]<UL><LI>Max Depth = 32<LI>Call Chain = BSP_UsartInit &rArr; queue_init
</UL>
<BR>[Calls]<UL><LI><a href="#[a2]">&gt;&gt;</a>&nbsp;&nbsp;&nbsp;queue_init
</UL>
<BR>[Called By]<UL><LI><a href="#[64]">&gt;&gt;</a>&nbsp;&nbsp;&nbsp;main
</UL>

<P><STRONG><a name="[e3]"></a>BeepProc</STRONG> (Thumb, 252 bytes, Stack size 16 bytes, beep.o(.text.BeepProc))
<BR><BR>[Stack]<UL><LI>Max Depth = 16<LI>Call Chain = BeepProc
</UL>
<BR>[Called By]<UL><LI><a href="#[6e]">&gt;&gt;</a>&nbsp;&nbsp;&nbsp;beep_task
</UL>

<P><STRONG><a name="[11]"></a>BusFault_Handler</STRONG> (Thumb, 4 bytes, Stack size 0 bytes, at32f403a_407_int.o(.text.BusFault_Handler))
<BR>[Address Reference Count : 1]<UL><LI> startup_at32f403a_407.o(RESET)
</UL>
<P><STRONG><a name="[a3]"></a>CC_CV_OCP_handle</STRONG> (Thumb, 64 bytes, Stack size 16 bytes, work_handle.o(.text.CC_CV_OCP_handle))
<BR><BR>[Stack]<UL><LI>Max Depth = 40<LI>Call Chain = CC_CV_OCP_handle &rArr; ocp_handle &rArr; gpio_bits_set
</UL>
<BR>[Calls]<UL><LI><a href="#[a6]">&gt;&gt;</a>&nbsp;&nbsp;&nbsp;ocp_handle
<LI><a href="#[a5]">&gt;&gt;</a>&nbsp;&nbsp;&nbsp;CC_handle
<LI><a href="#[a4]">&gt;&gt;</a>&nbsp;&nbsp;&nbsp;CV_handle
</UL>
<BR>[Called By]<UL><LI><a href="#[179]">&gt;&gt;</a>&nbsp;&nbsp;&nbsp;work_handle
</UL>

<P><STRONG><a name="[a5]"></a>CC_handle</STRONG> (Thumb, 162 bytes, Stack size 8 bytes, work_handle.o(.text.CC_handle))
<BR><BR>[Stack]<UL><LI>Max Depth = 16<LI>Call Chain = CC_handle &rArr; gpio_input_data_bit_read
</UL>
<BR>[Calls]<UL><LI><a href="#[98]">&gt;&gt;</a>&nbsp;&nbsp;&nbsp;gpio_input_data_bit_read
</UL>
<BR>[Called By]<UL><LI><a href="#[a3]">&gt;&gt;</a>&nbsp;&nbsp;&nbsp;CC_CV_OCP_handle
</UL>

<P><STRONG><a name="[a4]"></a>CV_handle</STRONG> (Thumb, 160 bytes, Stack size 8 bytes, work_handle.o(.text.CV_handle))
<BR><BR>[Stack]<UL><LI>Max Depth = 16<LI>Call Chain = CV_handle &rArr; gpio_input_data_bit_read
</UL>
<BR>[Calls]<UL><LI><a href="#[98]">&gt;&gt;</a>&nbsp;&nbsp;&nbsp;gpio_input_data_bit_read
</UL>
<BR>[Called By]<UL><LI><a href="#[a3]">&gt;&gt;</a>&nbsp;&nbsp;&nbsp;CC_CV_OCP_handle
</UL>

<P><STRONG><a name="[a7]"></a>Check_Ammeter</STRONG> (Thumb, 722 bytes, Stack size 32 bytes, work_handle.o(.text.Check_Ammeter))
<BR><BR>[Stack]<UL><LI>Max Depth = 120<LI>Call Chain = Check_Ammeter &rArr; delay_ms &rArr; get_system_ticks &rArr; check_systick
</UL>
<BR>[Calls]<UL><LI><a href="#[97]">&gt;&gt;</a>&nbsp;&nbsp;&nbsp;gpio_bits_set
<LI><a href="#[98]">&gt;&gt;</a>&nbsp;&nbsp;&nbsp;gpio_input_data_bit_read
<LI><a href="#[95]">&gt;&gt;</a>&nbsp;&nbsp;&nbsp;gpio_bits_reset
<LI><a href="#[a8]">&gt;&gt;</a>&nbsp;&nbsp;&nbsp;delay_ms
</UL>
<BR>[Called By]<UL><LI><a href="#[179]">&gt;&gt;</a>&nbsp;&nbsp;&nbsp;work_handle
</UL>

<P><STRONG><a name="[136]"></a>Compensator_Init</STRONG> (Thumb, 64 bytes, Stack size 20 bytes, pid_handle.o(.text.Compensator_Init))
<BR><BR>[Stack]<UL><LI>Max Depth = 20<LI>Call Chain = Compensator_Init
</UL>
<BR>[Called By]<UL><LI><a href="#[64]">&gt;&gt;</a>&nbsp;&nbsp;&nbsp;main
</UL>

<P><STRONG><a name="[14]"></a>DebugMon_Handler</STRONG> (Thumb, 2 bytes, Stack size 0 bytes, at32f403a_407_int.o(.text.DebugMon_Handler))
<BR>[Address Reference Count : 1]<UL><LI> startup_at32f403a_407.o(RESET)
</UL>
<P><STRONG><a name="[9b]"></a>Disp_one_person</STRONG> (Thumb, 70 bytes, Stack size 16 bytes, tm1680.o(.text.Disp_one_person))
<BR><BR>[Stack]<UL><LI>Max Depth = 168<LI>Call Chain = Disp_one_person &rArr; TM1680WriteByte &rArr; tm1680SendByte &rArr; ACK &rArr; delay_us &rArr; get_system_ticks &rArr; check_systick
</UL>
<BR>[Calls]<UL><LI><a href="#[a9]">&gt;&gt;</a>&nbsp;&nbsp;&nbsp;TM1680WriteByte
</UL>
<BR>[Called By]<UL><LI><a href="#[9d]">&gt;&gt;</a>&nbsp;&nbsp;&nbsp;Actual_Typec_Voltage_display
<LI><a href="#[9c]">&gt;&gt;</a>&nbsp;&nbsp;&nbsp;Actual_Typec_Current_display
<LI><a href="#[9f]">&gt;&gt;</a>&nbsp;&nbsp;&nbsp;Actual_Usb_Voltage_display
<LI><a href="#[9e]">&gt;&gt;</a>&nbsp;&nbsp;&nbsp;Actual_Usb_Current_display
<LI><a href="#[a0]">&gt;&gt;</a>&nbsp;&nbsp;&nbsp;Actual_Voltage_display
<LI><a href="#[cf]">&gt;&gt;</a>&nbsp;&nbsp;&nbsp;Set_Voltage_display
<LI><a href="#[99]">&gt;&gt;</a>&nbsp;&nbsp;&nbsp;Actual_Current_display
<LI><a href="#[ce]">&gt;&gt;</a>&nbsp;&nbsp;&nbsp;Set_Current_display
</UL>

<P><STRONG><a name="[aa]"></a>EC11_Analyze</STRONG> (Thumb, 562 bytes, Stack size 32 bytes, encoderec11.o(.text.EC11_Analyze))
<BR><BR>[Stack]<UL><LI>Max Depth = 40<LI>Call Chain = EC11_Analyze &rArr; EC11_CheckRotationSpeed
</UL>
<BR>[Calls]<UL><LI><a href="#[ac]">&gt;&gt;</a>&nbsp;&nbsp;&nbsp;EC11_ResetKeyState
<LI><a href="#[ab]">&gt;&gt;</a>&nbsp;&nbsp;&nbsp;EC11_CheckRotationSpeed
</UL>
<BR>[Called By]<UL><LI><a href="#[d0]">&gt;&gt;</a>&nbsp;&nbsp;&nbsp;ec11_handle
</UL>

<P><STRONG><a name="[ae]"></a>EC11_Scan</STRONG> (Thumb, 692 bytes, Stack size 16 bytes, encoderec11.o(.text.EC11_Scan))
<BR><BR>[Stack]<UL><LI>Max Depth = 40<LI>Call Chain = EC11_Scan &rArr; EC11_ReadPin &rArr; gpio_input_data_bit_read
</UL>
<BR>[Calls]<UL><LI><a href="#[ad]">&gt;&gt;</a>&nbsp;&nbsp;&nbsp;EC11_ReadPin
</UL>
<BR>[Called By]<UL><LI><a href="#[d0]">&gt;&gt;</a>&nbsp;&nbsp;&nbsp;ec11_handle
</UL>

<P><STRONG><a name="[be]"></a>EventRecorderEnable</STRONG> (Thumb, 146 bytes, Stack size 28 bytes, eventrecorder.o(.text.EventRecorderEnable))
<BR><BR>[Stack]<UL><LI>Max Depth = 28<LI>Call Chain = EventRecorderEnable
</UL>
<BR>[Called By]<UL><LI><a href="#[b8]">&gt;&gt;</a>&nbsp;&nbsp;&nbsp;EventRecorderInitialize
</UL>

<P><STRONG><a name="[b8]"></a>EventRecorderInitialize</STRONG> (Thumb, 440 bytes, Stack size 48 bytes, eventrecorder.o(.text.EventRecorderInitialize))
<BR><BR>[Stack]<UL><LI>Max Depth = 168<LI>Call Chain = EventRecorderInitialize &rArr; EventRecorderStart &rArr; EventGetTS &rArr; EventRecorderTimerGetCount &rArr; get_system_ticks &rArr; check_systick
</UL>
<BR>[Calls]<UL><LI><a href="#[bb]">&gt;&gt;</a>&nbsp;&nbsp;&nbsp;__aeabi_memclr8
<LI><a href="#[b9]">&gt;&gt;</a>&nbsp;&nbsp;&nbsp;__aeabi_memclr4
<LI><a href="#[bd]">&gt;&gt;</a>&nbsp;&nbsp;&nbsp;EventRecorderTimerGetFreq
<LI><a href="#[bc]">&gt;&gt;</a>&nbsp;&nbsp;&nbsp;EventRecorderTimerSetup
<LI><a href="#[bf]">&gt;&gt;</a>&nbsp;&nbsp;&nbsp;EventRecorderStart
<LI><a href="#[be]">&gt;&gt;</a>&nbsp;&nbsp;&nbsp;EventRecorderEnable
<LI><a href="#[b2]">&gt;&gt;</a>&nbsp;&nbsp;&nbsp;EventRecordItem
<LI><a href="#[af]">&gt;&gt;</a>&nbsp;&nbsp;&nbsp;EventGetTS
<LI><a href="#[ba]">&gt;&gt;</a>&nbsp;&nbsp;&nbsp;crc16_ccitt
</UL>
<BR>[Called By]<UL><LI><a href="#[64]">&gt;&gt;</a>&nbsp;&nbsp;&nbsp;main
</UL>

<P><STRONG><a name="[bf]"></a>EventRecorderStart</STRONG> (Thumb, 74 bytes, Stack size 24 bytes, eventrecorder.o(.text.EventRecorderStart))
<BR><BR>[Stack]<UL><LI>Max Depth = 120<LI>Call Chain = EventRecorderStart &rArr; EventGetTS &rArr; EventRecorderTimerGetCount &rArr; get_system_ticks &rArr; check_systick
</UL>
<BR>[Calls]<UL><LI><a href="#[b2]">&gt;&gt;</a>&nbsp;&nbsp;&nbsp;EventRecordItem
<LI><a href="#[af]">&gt;&gt;</a>&nbsp;&nbsp;&nbsp;EventGetTS
</UL>
<BR>[Called By]<UL><LI><a href="#[b8]">&gt;&gt;</a>&nbsp;&nbsp;&nbsp;EventRecorderInitialize
</UL>

<P><STRONG><a name="[b0]"></a>EventRecorderTimerGetCount</STRONG> (Thumb, 8 bytes, Stack size 8 bytes, perf_counter.o(.text.EventRecorderTimerGetCount))
<BR><BR>[Stack]<UL><LI>Max Depth = 64<LI>Call Chain = EventRecorderTimerGetCount &rArr; get_system_ticks &rArr; check_systick
</UL>
<BR>[Calls]<UL><LI><a href="#[c0]">&gt;&gt;</a>&nbsp;&nbsp;&nbsp;get_system_ticks
</UL>
<BR>[Called By]<UL><LI><a href="#[af]">&gt;&gt;</a>&nbsp;&nbsp;&nbsp;EventGetTS
</UL>

<P><STRONG><a name="[bd]"></a>EventRecorderTimerGetFreq</STRONG> (Thumb, 8 bytes, Stack size 8 bytes, perf_counter.o(.text.EventRecorderTimerGetFreq))
<BR><BR>[Stack]<UL><LI>Max Depth = 8<LI>Call Chain = EventRecorderTimerGetFreq
</UL>
<BR>[Calls]<UL><LI><a href="#[c1]">&gt;&gt;</a>&nbsp;&nbsp;&nbsp;perfc_port_get_system_timer_freq
</UL>
<BR>[Called By]<UL><LI><a href="#[b8]">&gt;&gt;</a>&nbsp;&nbsp;&nbsp;EventRecorderInitialize
</UL>

<P><STRONG><a name="[bc]"></a>EventRecorderTimerSetup</STRONG> (Thumb, 4 bytes, Stack size 0 bytes, perf_counter.o(.text.EventRecorderTimerSetup))
<BR><BR>[Called By]<UL><LI><a href="#[b8]">&gt;&gt;</a>&nbsp;&nbsp;&nbsp;EventRecorderInitialize
</UL>

<P><STRONG><a name="[c2]"></a>FAN_Control</STRONG> (Thumb, 248 bytes, Stack size 8 bytes, work_handle.o(.text.FAN_Control))
<BR><BR>[Stack]<UL><LI>Max Depth = 60<LI>Call Chain = FAN_Control &rArr; get_adcval_average &rArr; get_adcval &rArr; adc_ordinary_channel_set
</UL>
<BR>[Calls]<UL><LI><a href="#[c3]">&gt;&gt;</a>&nbsp;&nbsp;&nbsp;tmr_channel_value_set
<LI><a href="#[c4]">&gt;&gt;</a>&nbsp;&nbsp;&nbsp;get_adcval_average
</UL>
<BR>[Called By]<UL><LI><a href="#[179]">&gt;&gt;</a>&nbsp;&nbsp;&nbsp;work_handle
</UL>

<P><STRONG><a name="[f]"></a>HardFault_Handler</STRONG> (Thumb, 4 bytes, Stack size 0 bytes, at32f403a_407_int.o(.text.HardFault_Handler))
<BR>[Address Reference Count : 1]<UL><LI> startup_at32f403a_407.o(RESET)
</UL>
<P><STRONG><a name="[10]"></a>MemManage_Handler</STRONG> (Thumb, 4 bytes, Stack size 0 bytes, at32f403a_407_int.o(.text.MemManage_Handler))
<BR>[Address Reference Count : 1]<UL><LI> startup_at32f403a_407.o(RESET)
</UL>
<P><STRONG><a name="[e]"></a>NMI_Handler</STRONG> (Thumb, 2 bytes, Stack size 0 bytes, at32f403a_407_int.o(.text.NMI_Handler))
<BR>[Address Reference Count : 1]<UL><LI> startup_at32f403a_407.o(RESET)
</UL>
<P><STRONG><a name="[6f]"></a>Output_task</STRONG> (Thumb, 28 bytes, Stack size 8 bytes, main.o(.text.Output_task))
<BR><BR>[Stack]<UL><LI>Max Depth = 144<LI>Call Chain = Output_task &rArr; Power_Output_Control_Loop &rArr; dac_output_control &rArr; __aeabi_dmul &rArr; _double_epilogue &rArr; _double_round
</UL>
<BR>[Calls]<UL><LI><a href="#[c6]">&gt;&gt;</a>&nbsp;&nbsp;&nbsp;Power_Output_Control_Loop
</UL>
<BR>[Address Reference Count : 1]<UL><LI> main.o(.text.main)
</UL>
<P><STRONG><a name="[134]"></a>PS305D_init</STRONG> (Thumb, 356 bytes, Stack size 4 bytes, ps305d_handle.o(.text.PS305D_init))
<BR><BR>[Stack]<UL><LI>Max Depth = 4<LI>Call Chain = PS305D_init
</UL>
<BR>[Called By]<UL><LI><a href="#[64]">&gt;&gt;</a>&nbsp;&nbsp;&nbsp;main
</UL>

<P><STRONG><a name="[15]"></a>PendSV_Handler</STRONG> (Thumb, 2 bytes, Stack size 0 bytes, at32f403a_407_int.o(.text.PendSV_Handler))
<BR>[Address Reference Count : 1]<UL><LI> startup_at32f403a_407.o(RESET)
</UL>
<P><STRONG><a name="[c6]"></a>Power_Output_Control_Loop</STRONG> (Thumb, 266 bytes, Stack size 16 bytes, output_handle.o(.text.Power_Output_Control_Loop))
<BR><BR>[Stack]<UL><LI>Max Depth = 136<LI>Call Chain = Power_Output_Control_Loop &rArr; dac_output_control &rArr; __aeabi_dmul &rArr; _double_epilogue &rArr; _double_round
</UL>
<BR>[Calls]<UL><LI><a href="#[c8]">&gt;&gt;</a>&nbsp;&nbsp;&nbsp;dac_output_control
<LI><a href="#[c7]">&gt;&gt;</a>&nbsp;&nbsp;&nbsp;check_compensation
</UL>
<BR>[Called By]<UL><LI><a href="#[6f]">&gt;&gt;</a>&nbsp;&nbsp;&nbsp;Output_task
</UL>

<P><STRONG><a name="[13]"></a>SVC_Handler</STRONG> (Thumb, 2 bytes, Stack size 0 bytes, at32f403a_407_int.o(.text.SVC_Handler))
<BR>[Address Reference Count : 1]<UL><LI> startup_at32f403a_407.o(RESET)
</UL>
<P><STRONG><a name="[ce]"></a>Set_Current_display</STRONG> (Thumb, 1036 bytes, Stack size 24 bytes, lcd_handle.o(.text.Set_Current_display))
<BR><BR>[Stack]<UL><LI>Max Depth = 192<LI>Call Chain = Set_Current_display &rArr; Disp_one_person &rArr; TM1680WriteByte &rArr; tm1680SendByte &rArr; ACK &rArr; delay_us &rArr; get_system_ticks &rArr; check_systick
</UL>
<BR>[Calls]<UL><LI><a href="#[9b]">&gt;&gt;</a>&nbsp;&nbsp;&nbsp;Disp_one_person
<LI><a href="#[9a]">&gt;&gt;</a>&nbsp;&nbsp;&nbsp;get_digit
</UL>
<BR>[Called By]<UL><LI><a href="#[f2]">&gt;&gt;</a>&nbsp;&nbsp;&nbsp;current_display_handle
</UL>

<P><STRONG><a name="[cf]"></a>Set_Voltage_display</STRONG> (Thumb, 1022 bytes, Stack size 24 bytes, lcd_handle.o(.text.Set_Voltage_display))
<BR><BR>[Stack]<UL><LI>Max Depth = 192<LI>Call Chain = Set_Voltage_display &rArr; Disp_one_person &rArr; TM1680WriteByte &rArr; tm1680SendByte &rArr; ACK &rArr; delay_us &rArr; get_system_ticks &rArr; check_systick
</UL>
<BR>[Calls]<UL><LI><a href="#[9b]">&gt;&gt;</a>&nbsp;&nbsp;&nbsp;Disp_one_person
<LI><a href="#[9a]">&gt;&gt;</a>&nbsp;&nbsp;&nbsp;get_digit
</UL>
<BR>[Called By]<UL><LI><a href="#[122]">&gt;&gt;</a>&nbsp;&nbsp;&nbsp;voltage_display_handle
</UL>

<P><STRONG><a name="[68]"></a>$Super$$SysTick_Handler</STRONG> (Thumb, 160 bytes, Stack size 8 bytes, at32f403a_407_int.o(.text.SysTick_Handler))
<BR><BR>[Stack]<UL><LI>Max Depth = 72<LI>Call Chain = $Super$$SysTick_Handler &rArr; ec11_handle &rArr; EC11_Analyze &rArr; EC11_CheckRotationSpeed
</UL>
<BR>[Calls]<UL><LI><a href="#[d2]">&gt;&gt;</a>&nbsp;&nbsp;&nbsp;wk_timebase_handler
<LI><a href="#[d1]">&gt;&gt;</a>&nbsp;&nbsp;&nbsp;USART1_TimeOutCounter
<LI><a href="#[d0]">&gt;&gt;</a>&nbsp;&nbsp;&nbsp;ec11_handle
</UL>
<BR>[Address Reference Count : 1]<UL><LI> systick_wrapper_gnu.o(.text)
</UL>
<P><STRONG><a name="[65]"></a>SystemInit</STRONG> (Thumb, 168 bytes, Stack size 0 bytes, system_at32f403a_407.o(.text.SystemInit))
<BR>[Address Reference Count : 1]<UL><LI> startup_at32f403a_407.o(.text)
</UL>
<P><STRONG><a name="[d3]"></a>TM1680Init</STRONG> (Thumb, 90 bytes, Stack size 16 bytes, tm1680.o(.text.TM1680Init))
<BR><BR>[Stack]<UL><LI>Max Depth = 176<LI>Call Chain = TM1680Init &rArr; TM1680PageAllWrite &rArr; tm1680SendByte &rArr; ACK &rArr; delay_us &rArr; get_system_ticks &rArr; check_systick
</UL>
<BR>[Calls]<UL><LI><a href="#[d7]">&gt;&gt;</a>&nbsp;&nbsp;&nbsp;TM1680PageAllWrite
<LI><a href="#[d5]">&gt;&gt;</a>&nbsp;&nbsp;&nbsp;tm1680SendByte
<LI><a href="#[d6]">&gt;&gt;</a>&nbsp;&nbsp;&nbsp;tm1680_stop
<LI><a href="#[d4]">&gt;&gt;</a>&nbsp;&nbsp;&nbsp;tm1680_start
<LI><a href="#[a8]">&gt;&gt;</a>&nbsp;&nbsp;&nbsp;delay_ms
</UL>
<BR>[Called By]<UL><LI><a href="#[64]">&gt;&gt;</a>&nbsp;&nbsp;&nbsp;main
</UL>

<P><STRONG><a name="[d7]"></a>TM1680PageAllWrite</STRONG> (Thumb, 106 bytes, Stack size 24 bytes, tm1680.o(.text.TM1680PageAllWrite))
<BR><BR>[Stack]<UL><LI>Max Depth = 160<LI>Call Chain = TM1680PageAllWrite &rArr; tm1680SendByte &rArr; ACK &rArr; delay_us &rArr; get_system_ticks &rArr; check_systick
</UL>
<BR>[Calls]<UL><LI><a href="#[d5]">&gt;&gt;</a>&nbsp;&nbsp;&nbsp;tm1680SendByte
<LI><a href="#[d6]">&gt;&gt;</a>&nbsp;&nbsp;&nbsp;tm1680_stop
<LI><a href="#[d4]">&gt;&gt;</a>&nbsp;&nbsp;&nbsp;tm1680_start
</UL>
<BR>[Called By]<UL><LI><a href="#[d3]">&gt;&gt;</a>&nbsp;&nbsp;&nbsp;TM1680Init
</UL>

<P><STRONG><a name="[d8]"></a>TM1680Write4bit</STRONG> (Thumb, 50 bytes, Stack size 16 bytes, tm1680.o(.text.TM1680Write4bit))
<BR><BR>[Stack]<UL><LI>Max Depth = 152<LI>Call Chain = TM1680Write4bit &rArr; tm1680SendByte &rArr; ACK &rArr; delay_us &rArr; get_system_ticks &rArr; check_systick
</UL>
<BR>[Calls]<UL><LI><a href="#[d9]">&gt;&gt;</a>&nbsp;&nbsp;&nbsp;tm1680Send_4bit
<LI><a href="#[d5]">&gt;&gt;</a>&nbsp;&nbsp;&nbsp;tm1680SendByte
<LI><a href="#[94]">&gt;&gt;</a>&nbsp;&nbsp;&nbsp;ACK
<LI><a href="#[d6]">&gt;&gt;</a>&nbsp;&nbsp;&nbsp;tm1680_stop
<LI><a href="#[d4]">&gt;&gt;</a>&nbsp;&nbsp;&nbsp;tm1680_start
</UL>
<BR>[Called By]<UL><LI><a href="#[125]">&gt;&gt;</a>&nbsp;&nbsp;&nbsp;led_display_handle
</UL>

<P><STRONG><a name="[a9]"></a>TM1680WriteByte</STRONG> (Thumb, 62 bytes, Stack size 16 bytes, tm1680.o(.text.TM1680WriteByte))
<BR><BR>[Stack]<UL><LI>Max Depth = 152<LI>Call Chain = TM1680WriteByte &rArr; tm1680SendByte &rArr; ACK &rArr; delay_us &rArr; get_system_ticks &rArr; check_systick
</UL>
<BR>[Calls]<UL><LI><a href="#[d9]">&gt;&gt;</a>&nbsp;&nbsp;&nbsp;tm1680Send_4bit
<LI><a href="#[d5]">&gt;&gt;</a>&nbsp;&nbsp;&nbsp;tm1680SendByte
<LI><a href="#[94]">&gt;&gt;</a>&nbsp;&nbsp;&nbsp;ACK
<LI><a href="#[d6]">&gt;&gt;</a>&nbsp;&nbsp;&nbsp;tm1680_stop
<LI><a href="#[d4]">&gt;&gt;</a>&nbsp;&nbsp;&nbsp;tm1680_start
</UL>
<BR>[Called By]<UL><LI><a href="#[9b]">&gt;&gt;</a>&nbsp;&nbsp;&nbsp;Disp_one_person
</UL>

<P><STRONG><a name="[3c]"></a>USART1_IRQHandler</STRONG> (Thumb, 194 bytes, Stack size 16 bytes, at32_usart.o(.text.USART1_IRQHandler))
<BR><BR>[Stack]<UL><LI>Max Depth = 44<LI>Call Chain = USART1_IRQHandler &rArr; queue_read &rArr; queue_isEmpty
</UL>
<BR>[Calls]<UL><LI><a href="#[dd]">&gt;&gt;</a>&nbsp;&nbsp;&nbsp;usart_flag_clear
<LI><a href="#[da]">&gt;&gt;</a>&nbsp;&nbsp;&nbsp;usart_flag_get
<LI><a href="#[db]">&gt;&gt;</a>&nbsp;&nbsp;&nbsp;usart_data_receive
<LI><a href="#[df]">&gt;&gt;</a>&nbsp;&nbsp;&nbsp;usart_data_transmit
<LI><a href="#[de]">&gt;&gt;</a>&nbsp;&nbsp;&nbsp;queue_read
<LI><a href="#[dc]">&gt;&gt;</a>&nbsp;&nbsp;&nbsp;queue_write
</UL>
<BR>[Address Reference Count : 1]<UL><LI> startup_at32f403a_407.o(RESET)
</UL>
<P><STRONG><a name="[d1]"></a>USART1_TimeOutCounter</STRONG> (Thumb, 94 bytes, Stack size 0 bytes, at32_usart.o(.text.USART1_TimeOutCounter))
<BR><BR>[Called By]<UL><LI><a href="#[68]">&gt;&gt;</a>&nbsp;&nbsp;&nbsp;$Super$$SysTick_Handler
</UL>

<P><STRONG><a name="[12]"></a>UsageFault_Handler</STRONG> (Thumb, 4 bytes, Stack size 0 bytes, at32f403a_407_int.o(.text.UsageFault_Handler))
<BR>[Address Reference Count : 1]<UL><LI> startup_at32f403a_407.o(RESET)
</UL>
<P><STRONG><a name="[7a]"></a>__perf_counter_init</STRONG> (Thumb, 10 bytes, Stack size 8 bytes, perf_counter.o(.text.__perf_counter_init))
<BR><BR>[Stack]<UL><LI>Max Depth = 112<LI>Call Chain = __perf_counter_init &rArr; init_cycle_counter &rArr; update_perf_counter &rArr; get_system_ticks &rArr; check_systick
</UL>
<BR>[Calls]<UL><LI><a href="#[e2]">&gt;&gt;</a>&nbsp;&nbsp;&nbsp;init_cycle_counter
</UL>
<BR>[Address Reference Count : 1]<UL><LI> perf_counter.o(.init_array)
</UL>
<P><STRONG><a name="[11e]"></a>__perf_os_patch_init</STRONG> (Thumb, 2 bytes, Stack size 0 bytes, perf_counter.o(.text.__perf_os_patch_init))
<BR><BR>[Called By]<UL><LI><a href="#[e2]">&gt;&gt;</a>&nbsp;&nbsp;&nbsp;init_cycle_counter
</UL>

<P><STRONG><a name="[149]"></a>adc_base_config</STRONG> (Thumb, 100 bytes, Stack size 8 bytes, at32f403a_407_adc.o(.text.adc_base_config))
<BR><BR>[Stack]<UL><LI>Max Depth = 8<LI>Call Chain = adc_base_config
</UL>
<BR>[Called By]<UL><LI><a href="#[12e]">&gt;&gt;</a>&nbsp;&nbsp;&nbsp;wk_adc1_init
</UL>

<P><STRONG><a name="[148]"></a>adc_base_default_para_init</STRONG> (Thumb, 28 bytes, Stack size 4 bytes, at32f403a_407_adc.o(.text.adc_base_default_para_init))
<BR><BR>[Stack]<UL><LI>Max Depth = 4<LI>Call Chain = adc_base_default_para_init
</UL>
<BR>[Called By]<UL><LI><a href="#[12e]">&gt;&gt;</a>&nbsp;&nbsp;&nbsp;wk_adc1_init
</UL>

<P><STRONG><a name="[14d]"></a>adc_calibration_init</STRONG> (Thumb, 18 bytes, Stack size 4 bytes, at32f403a_407_adc.o(.text.adc_calibration_init))
<BR><BR>[Stack]<UL><LI>Max Depth = 4<LI>Call Chain = adc_calibration_init
</UL>
<BR>[Called By]<UL><LI><a href="#[12e]">&gt;&gt;</a>&nbsp;&nbsp;&nbsp;wk_adc1_init
</UL>

<P><STRONG><a name="[14e]"></a>adc_calibration_init_status_get</STRONG> (Thumb, 40 bytes, Stack size 8 bytes, at32f403a_407_adc.o(.text.adc_calibration_init_status_get))
<BR><BR>[Stack]<UL><LI>Max Depth = 8<LI>Call Chain = adc_calibration_init_status_get
</UL>
<BR>[Called By]<UL><LI><a href="#[12e]">&gt;&gt;</a>&nbsp;&nbsp;&nbsp;wk_adc1_init
</UL>

<P><STRONG><a name="[14f]"></a>adc_calibration_start</STRONG> (Thumb, 18 bytes, Stack size 4 bytes, at32f403a_407_adc.o(.text.adc_calibration_start))
<BR><BR>[Stack]<UL><LI>Max Depth = 4<LI>Call Chain = adc_calibration_start
</UL>
<BR>[Called By]<UL><LI><a href="#[12e]">&gt;&gt;</a>&nbsp;&nbsp;&nbsp;wk_adc1_init
</UL>

<P><STRONG><a name="[150]"></a>adc_calibration_status_get</STRONG> (Thumb, 40 bytes, Stack size 8 bytes, at32f403a_407_adc.o(.text.adc_calibration_status_get))
<BR><BR>[Stack]<UL><LI>Max Depth = 8<LI>Call Chain = adc_calibration_status_get
</UL>
<BR>[Called By]<UL><LI><a href="#[12e]">&gt;&gt;</a>&nbsp;&nbsp;&nbsp;wk_adc1_init
</UL>

<P><STRONG><a name="[147]"></a>adc_combine_mode_select</STRONG> (Thumb, 38 bytes, Stack size 4 bytes, at32f403a_407_adc.o(.text.adc_combine_mode_select))
<BR><BR>[Stack]<UL><LI>Max Depth = 4<LI>Call Chain = adc_combine_mode_select
</UL>
<BR>[Called By]<UL><LI><a href="#[12e]">&gt;&gt;</a>&nbsp;&nbsp;&nbsp;wk_adc1_init
</UL>

<P><STRONG><a name="[14c]"></a>adc_enable</STRONG> (Thumb, 26 bytes, Stack size 8 bytes, at32f403a_407_adc.o(.text.adc_enable))
<BR><BR>[Stack]<UL><LI>Max Depth = 8<LI>Call Chain = adc_enable
</UL>
<BR>[Called By]<UL><LI><a href="#[12e]">&gt;&gt;</a>&nbsp;&nbsp;&nbsp;wk_adc1_init
</UL>

<P><STRONG><a name="[112]"></a>adc_flag_get</STRONG> (Thumb, 52 bytes, Stack size 8 bytes, at32f403a_407_adc.o(.text.adc_flag_get))
<BR><BR>[Stack]<UL><LI>Max Depth = 8<LI>Call Chain = adc_flag_get
</UL>
<BR>[Called By]<UL><LI><a href="#[10f]">&gt;&gt;</a>&nbsp;&nbsp;&nbsp;get_adcval
</UL>

<P><STRONG><a name="[110]"></a>adc_ordinary_channel_set</STRONG> (Thumb, 354 bytes, Stack size 12 bytes, at32f403a_407_adc.o(.text.adc_ordinary_channel_set))
<BR><BR>[Stack]<UL><LI>Max Depth = 12<LI>Call Chain = adc_ordinary_channel_set
</UL>
<BR>[Called By]<UL><LI><a href="#[12e]">&gt;&gt;</a>&nbsp;&nbsp;&nbsp;wk_adc1_init
<LI><a href="#[10f]">&gt;&gt;</a>&nbsp;&nbsp;&nbsp;get_adcval
</UL>

<P><STRONG><a name="[113]"></a>adc_ordinary_conversion_data_get</STRONG> (Thumb, 14 bytes, Stack size 4 bytes, at32f403a_407_adc.o(.text.adc_ordinary_conversion_data_get))
<BR><BR>[Stack]<UL><LI>Max Depth = 4<LI>Call Chain = adc_ordinary_conversion_data_get
</UL>
<BR>[Called By]<UL><LI><a href="#[10f]">&gt;&gt;</a>&nbsp;&nbsp;&nbsp;get_adcval
</UL>

<P><STRONG><a name="[14a]"></a>adc_ordinary_conversion_trigger_set</STRONG> (Thumb, 116 bytes, Stack size 8 bytes, at32f403a_407_adc.o(.text.adc_ordinary_conversion_trigger_set))
<BR><BR>[Stack]<UL><LI>Max Depth = 8<LI>Call Chain = adc_ordinary_conversion_trigger_set
</UL>
<BR>[Called By]<UL><LI><a href="#[12e]">&gt;&gt;</a>&nbsp;&nbsp;&nbsp;wk_adc1_init
</UL>

<P><STRONG><a name="[14b]"></a>adc_ordinary_part_mode_enable</STRONG> (Thumb, 34 bytes, Stack size 8 bytes, at32f403a_407_adc.o(.text.adc_ordinary_part_mode_enable))
<BR><BR>[Stack]<UL><LI>Max Depth = 8<LI>Call Chain = adc_ordinary_part_mode_enable
</UL>
<BR>[Called By]<UL><LI><a href="#[12e]">&gt;&gt;</a>&nbsp;&nbsp;&nbsp;wk_adc1_init
</UL>

<P><STRONG><a name="[111]"></a>adc_ordinary_software_trigger_enable</STRONG> (Thumb, 34 bytes, Stack size 8 bytes, at32f403a_407_adc.o(.text.adc_ordinary_software_trigger_enable))
<BR><BR>[Stack]<UL><LI>Max Depth = 8<LI>Call Chain = adc_ordinary_software_trigger_enable
</UL>
<BR>[Called By]<UL><LI><a href="#[10f]">&gt;&gt;</a>&nbsp;&nbsp;&nbsp;get_adcval
</UL>

<P><STRONG><a name="[6e]"></a>beep_task</STRONG> (Thumb, 206 bytes, Stack size 8 bytes, main.o(.text.beep_task))
<BR><BR>[Stack]<UL><LI>Max Depth = 24<LI>Call Chain = beep_task &rArr; BeepProc
</UL>
<BR>[Calls]<UL><LI><a href="#[e3]">&gt;&gt;</a>&nbsp;&nbsp;&nbsp;BeepProc
</UL>
<BR>[Address Reference Count : 1]<UL><LI> main.o(.text.main)
</UL>
<P><STRONG><a name="[c7]"></a>check_compensation</STRONG> (Thumb, 32 bytes, Stack size 8 bytes, output_handle.o(.text.check_compensation))
<BR><BR>[Stack]<UL><LI>Max Depth = 8<LI>Call Chain = check_compensation
</UL>
<BR>[Called By]<UL><LI><a href="#[c6]">&gt;&gt;</a>&nbsp;&nbsp;&nbsp;Power_Output_Control_Loop
</UL>

<P><STRONG><a name="[e8]"></a>collect_current</STRONG> (Thumb, 200 bytes, Stack size 24 bytes, collect_data_handle.o(.text.collect_current))
<BR><BR>[Stack]<UL><LI>Max Depth = 112<LI>Call Chain = collect_current &rArr; __aeabi_dadd &rArr; _double_epilogue &rArr; _double_round
</UL>
<BR>[Calls]<UL><LI><a href="#[8f]">&gt;&gt;</a>&nbsp;&nbsp;&nbsp;__aeabi_d2iz
<LI><a href="#[84]">&gt;&gt;</a>&nbsp;&nbsp;&nbsp;__aeabi_dadd
<LI><a href="#[ea]">&gt;&gt;</a>&nbsp;&nbsp;&nbsp;__aeabi_f2d
<LI><a href="#[91]">&gt;&gt;</a>&nbsp;&nbsp;&nbsp;__aeabi_d2f
<LI><a href="#[8c]">&gt;&gt;</a>&nbsp;&nbsp;&nbsp;__aeabi_ddiv
<LI><a href="#[8e]">&gt;&gt;</a>&nbsp;&nbsp;&nbsp;__aeabi_ui2d
<LI><a href="#[e9]">&gt;&gt;</a>&nbsp;&nbsp;&nbsp;move_average_filter
</UL>
<BR>[Called By]<UL><LI><a href="#[eb]">&gt;&gt;</a>&nbsp;&nbsp;&nbsp;collect_data_handle
</UL>

<P><STRONG><a name="[eb]"></a>collect_data_handle</STRONG> (Thumb, 36 bytes, Stack size 16 bytes, collect_data_handle.o(.text.collect_data_handle))
<BR><BR>[Stack]<UL><LI>Max Depth = 128<LI>Call Chain = collect_data_handle &rArr; collect_typec_usb_data &rArr; __aeabi_dadd &rArr; _double_epilogue &rArr; _double_round
</UL>
<BR>[Calls]<UL><LI><a href="#[ed]">&gt;&gt;</a>&nbsp;&nbsp;&nbsp;collect_typec_usb_data
<LI><a href="#[e8]">&gt;&gt;</a>&nbsp;&nbsp;&nbsp;collect_current
<LI><a href="#[ec]">&gt;&gt;</a>&nbsp;&nbsp;&nbsp;collect_voltage
</UL>
<BR>[Called By]<UL><LI><a href="#[71]">&gt;&gt;</a>&nbsp;&nbsp;&nbsp;collect_data_task
</UL>

<P><STRONG><a name="[71]"></a>collect_data_task</STRONG> (Thumb, 8 bytes, Stack size 8 bytes, main.o(.text.collect_data_task))
<BR><BR>[Stack]<UL><LI>Max Depth = 136<LI>Call Chain = collect_data_task &rArr; collect_data_handle &rArr; collect_typec_usb_data &rArr; __aeabi_dadd &rArr; _double_epilogue &rArr; _double_round
</UL>
<BR>[Calls]<UL><LI><a href="#[eb]">&gt;&gt;</a>&nbsp;&nbsp;&nbsp;collect_data_handle
</UL>
<BR>[Address Reference Count : 1]<UL><LI> main.o(.text.main)
</UL>
<P><STRONG><a name="[ed]"></a>collect_typec_usb_data</STRONG> (Thumb, 712 bytes, Stack size 24 bytes, collect_data_handle.o(.text.collect_typec_usb_data))
<BR><BR>[Stack]<UL><LI>Max Depth = 112<LI>Call Chain = collect_typec_usb_data &rArr; __aeabi_dadd &rArr; _double_epilogue &rArr; _double_round
</UL>
<BR>[Calls]<UL><LI><a href="#[c4]">&gt;&gt;</a>&nbsp;&nbsp;&nbsp;get_adcval_average
<LI><a href="#[8f]">&gt;&gt;</a>&nbsp;&nbsp;&nbsp;__aeabi_d2iz
<LI><a href="#[84]">&gt;&gt;</a>&nbsp;&nbsp;&nbsp;__aeabi_dadd
<LI><a href="#[ea]">&gt;&gt;</a>&nbsp;&nbsp;&nbsp;__aeabi_f2d
</UL>
<BR>[Called By]<UL><LI><a href="#[eb]">&gt;&gt;</a>&nbsp;&nbsp;&nbsp;collect_data_handle
</UL>

<P><STRONG><a name="[ec]"></a>collect_voltage</STRONG> (Thumb, 200 bytes, Stack size 24 bytes, collect_data_handle.o(.text.collect_voltage))
<BR><BR>[Stack]<UL><LI>Max Depth = 112<LI>Call Chain = collect_voltage &rArr; __aeabi_dadd &rArr; _double_epilogue &rArr; _double_round
</UL>
<BR>[Calls]<UL><LI><a href="#[8f]">&gt;&gt;</a>&nbsp;&nbsp;&nbsp;__aeabi_d2iz
<LI><a href="#[84]">&gt;&gt;</a>&nbsp;&nbsp;&nbsp;__aeabi_dadd
<LI><a href="#[ea]">&gt;&gt;</a>&nbsp;&nbsp;&nbsp;__aeabi_f2d
<LI><a href="#[91]">&gt;&gt;</a>&nbsp;&nbsp;&nbsp;__aeabi_d2f
<LI><a href="#[8c]">&gt;&gt;</a>&nbsp;&nbsp;&nbsp;__aeabi_ddiv
<LI><a href="#[8e]">&gt;&gt;</a>&nbsp;&nbsp;&nbsp;__aeabi_ui2d
<LI><a href="#[e9]">&gt;&gt;</a>&nbsp;&nbsp;&nbsp;move_average_filter
</UL>
<BR>[Called By]<UL><LI><a href="#[eb]">&gt;&gt;</a>&nbsp;&nbsp;&nbsp;collect_data_handle
</UL>

<P><STRONG><a name="[cb]"></a>convert_data</STRONG> (Thumb, 226 bytes, Stack size 44 bytes, at32_usart.o(.text.convert_data))
<BR><BR>[Stack]<UL><LI>Max Depth = 44<LI>Call Chain = convert_data
</UL>
<BR>[Called By]<UL><LI><a href="#[e0]">&gt;&gt;</a>&nbsp;&nbsp;&nbsp;WriteDataToPC
<LI><a href="#[c9]">&gt;&gt;</a>&nbsp;&nbsp;&nbsp;RecvDataFromPC
</UL>

<P><STRONG><a name="[cc]"></a>crc_block_calculate</STRONG> (Thumb, 66 bytes, Stack size 12 bytes, at32f403a_407_crc.o(.text.crc_block_calculate))
<BR><BR>[Stack]<UL><LI>Max Depth = 12<LI>Call Chain = crc_block_calculate
</UL>
<BR>[Called By]<UL><LI><a href="#[e0]">&gt;&gt;</a>&nbsp;&nbsp;&nbsp;WriteDataToPC
<LI><a href="#[c9]">&gt;&gt;</a>&nbsp;&nbsp;&nbsp;RecvDataFromPC
</UL>

<P><STRONG><a name="[cd]"></a>crc_data_reset</STRONG> (Thumb, 18 bytes, Stack size 0 bytes, at32f403a_407_crc.o(.text.crc_data_reset))
<BR><BR>[Called By]<UL><LI><a href="#[e0]">&gt;&gt;</a>&nbsp;&nbsp;&nbsp;WriteDataToPC
<LI><a href="#[c9]">&gt;&gt;</a>&nbsp;&nbsp;&nbsp;RecvDataFromPC
<LI><a href="#[131]">&gt;&gt;</a>&nbsp;&nbsp;&nbsp;wk_crc_init
</UL>

<P><STRONG><a name="[151]"></a>crc_init_data_set</STRONG> (Thumb, 20 bytes, Stack size 4 bytes, at32f403a_407_crc.o(.text.crc_init_data_set))
<BR><BR>[Stack]<UL><LI>Max Depth = 4<LI>Call Chain = crc_init_data_set
</UL>
<BR>[Called By]<UL><LI><a href="#[131]">&gt;&gt;</a>&nbsp;&nbsp;&nbsp;wk_crc_init
</UL>

<P><STRONG><a name="[152]"></a>crc_poly_size_set</STRONG> (Thumb, 38 bytes, Stack size 4 bytes, at32f403a_407_crc.o(.text.crc_poly_size_set))
<BR><BR>[Stack]<UL><LI>Max Depth = 4<LI>Call Chain = crc_poly_size_set
</UL>
<BR>[Called By]<UL><LI><a href="#[131]">&gt;&gt;</a>&nbsp;&nbsp;&nbsp;wk_crc_init
</UL>

<P><STRONG><a name="[153]"></a>crc_poly_value_set</STRONG> (Thumb, 20 bytes, Stack size 4 bytes, at32f403a_407_crc.o(.text.crc_poly_value_set))
<BR><BR>[Stack]<UL><LI>Max Depth = 4<LI>Call Chain = crc_poly_value_set
</UL>
<BR>[Called By]<UL><LI><a href="#[131]">&gt;&gt;</a>&nbsp;&nbsp;&nbsp;wk_crc_init
</UL>

<P><STRONG><a name="[154]"></a>crc_reverse_input_data_set</STRONG> (Thumb, 38 bytes, Stack size 4 bytes, at32f403a_407_crc.o(.text.crc_reverse_input_data_set))
<BR><BR>[Stack]<UL><LI>Max Depth = 4<LI>Call Chain = crc_reverse_input_data_set
</UL>
<BR>[Called By]<UL><LI><a href="#[131]">&gt;&gt;</a>&nbsp;&nbsp;&nbsp;wk_crc_init
</UL>

<P><STRONG><a name="[155]"></a>crc_reverse_output_data_set</STRONG> (Thumb, 38 bytes, Stack size 4 bytes, at32f403a_407_crc.o(.text.crc_reverse_output_data_set))
<BR><BR>[Stack]<UL><LI>Max Depth = 4<LI>Call Chain = crc_reverse_output_data_set
</UL>
<BR>[Called By]<UL><LI><a href="#[131]">&gt;&gt;</a>&nbsp;&nbsp;&nbsp;wk_crc_init
</UL>

<P><STRONG><a name="[146]"></a>crm_adc_clock_div_set</STRONG> (Thumb, 52 bytes, Stack size 4 bytes, at32f403a_407_crm.o(.text.crm_adc_clock_div_set))
<BR><BR>[Stack]<UL><LI>Max Depth = 4<LI>Call Chain = crm_adc_clock_div_set
</UL>
<BR>[Called By]<UL><LI><a href="#[12e]">&gt;&gt;</a>&nbsp;&nbsp;&nbsp;wk_adc1_init
</UL>

[...]
</UL>

<P><STRONG><a name="[138]"></a>__NVIC_SetPriorityGrouping</STRONG> (Thumb, 60 bytes, Stack size 12 bytes, at32f403a_407_misc.o(.text.__NVIC_SetPriorityGrouping))
<BR><BR>[Stack]<UL><LI>Max Depth = 12<LI>Call Chain = __NVIC_SetPriorityGrouping
</UL>
<BR>[Called By]<UL><LI><a href="#[137]">&gt;&gt;</a>&nbsp;&nbsp;&nbsp;nvic_priority_group_config
</UL>

<P><STRONG><a name="[74]"></a>tmt_run</STRONG> (Thumb, 178 bytes, Stack size 16 bytes, tmt.o(.text.tmt_run))
<BR><BR>[Stack]<UL><LI>Max Depth = 16<LI>Call Chain = tmt_run
</UL>
<BR>[Address Reference Count : 1]<UL><LI> tmt.o(.text.tmt_init)
</UL>
<P><STRONG><a name="[75]"></a>tmt_update_tick</STRONG> (Thumb, 106 bytes, Stack size 4 bytes, tmt.o(.text.tmt_update_tick))
<BR><BR>[Stack]<UL><LI>Max Depth = 4<LI>Call Chain = tmt_update_tick
</UL>
<BR>[Address Reference Count : 1]<UL><LI> tmt.o(.text.tmt_init)
</UL>
<P><STRONG><a name="[76]"></a>tmt_create</STRONG> (Thumb, 136 bytes, Stack size 12 bytes, tmt.o(.text.tmt_create))
<BR><BR>[Stack]<UL><LI>Max Depth = 12<LI>Call Chain = tmt_create
</UL>
<BR>[Address Reference Count : 1]<UL><LI> tmt.o(.text.tmt_init)
</UL>
<P><STRONG><a name="[77]"></a>tmt_delete</STRONG> (Thumb, 302 bytes, Stack size 16 bytes, tmt.o(.text.tmt_delete))
<BR><BR>[Stack]<UL><LI>Max Depth = 16<LI>Call Chain = tmt_delete
</UL>
<BR>[Address Reference Count : 1]<UL><LI> tmt.o(.text.tmt_init)
</UL>
<P><STRONG><a name="[78]"></a>tmt_time_ctrl</STRONG> (Thumb, 152 bytes, Stack size 12 bytes, tmt.o(.text.tmt_time_ctrl))
<BR><BR>[Stack]<UL><LI>Max Depth = 12<LI>Call Chain = tmt_time_ctrl
</UL>
<BR>[Address Reference Count : 1]<UL><LI> tmt.o(.text.tmt_init)
</UL>
<P><STRONG><a name="[79]"></a>tmt_run_ctrl</STRONG> (Thumb, 134 bytes, Stack size 12 bytes, tmt.o(.text.tmt_run_ctrl))
<BR><BR>[Stack]<UL><LI>Max Depth = 12<LI>Call Chain = tmt_run_ctrl
</UL>
<BR>[Address Reference Count : 1]<UL><LI> tmt.o(.text.tmt_init)
</UL>
<P><STRONG><a name="[c9]"></a>RecvDataFromPC</STRONG> (Thumb, 266 bytes, Stack size 16 bytes, pc_comm_handle.o(.text.RecvDataFromPC))
<BR><BR>[Stack]<UL><LI>Max Depth = 76<LI>Call Chain = RecvDataFromPC &rArr; usart_receiveData &rArr; queue_read &rArr; queue_isEmpty
</UL>
<BR>[Calls]<UL><LI><a href="#[cc]">&gt;&gt;</a>&nbsp;&nbsp;&nbsp;crc_block_calculate
<LI><a href="#[cd]">&gt;&gt;</a>&nbsp;&nbsp;&nbsp;crc_data_reset
<LI><a href="#[cb]">&gt;&gt;</a>&nbsp;&nbsp;&nbsp;convert_data
<LI><a href="#[ca]">&gt;&gt;</a>&nbsp;&nbsp;&nbsp;usart_receiveData
</UL>
<BR>[Called By]<UL><LI><a href="#[13b]">&gt;&gt;</a>&nbsp;&nbsp;&nbsp;pc_comm_handle
</UL>

<P><STRONG><a name="[e0]"></a>WriteDataToPC</STRONG> (Thumb, 346 bytes, Stack size 56 bytes, pc_comm_handle.o(.text.WriteDataToPC))
<BR><BR>[Stack]<UL><LI>Max Depth = 116<LI>Call Chain = WriteDataToPC &rArr; usart_sendData &rArr; queue_read &rArr; queue_isEmpty
</UL>
<BR>[Calls]<UL><LI><a href="#[cc]">&gt;&gt;</a>&nbsp;&nbsp;&nbsp;crc_block_calculate
<LI><a href="#[cd]">&gt;&gt;</a>&nbsp;&nbsp;&nbsp;crc_data_reset
<LI><a href="#[e1]">&gt;&gt;</a>&nbsp;&nbsp;&nbsp;usart_sendData
<LI><a href="#[cb]">&gt;&gt;</a>&nbsp;&nbsp;&nbsp;convert_data
</UL>
<BR>[Called By]<UL><LI><a href="#[13c]">&gt;&gt;</a>&nbsp;&nbsp;&nbsp;pc_event_handle
</UL>

<P><STRONG><a name="[f7]"></a>data_check_len</STRONG> (Thumb, 86 bytes, Stack size 24 bytes, flash_handle.o(.text.data_check_len))
<BR><BR>[Stack]<UL><LI>Max Depth = 32<LI>Call Chain = data_check_len &rArr; flash_read_halfword
</UL>
<BR>[Calls]<UL><LI><a href="#[f8]">&gt;&gt;</a>&nbsp;&nbsp;&nbsp;flash_read_halfword
</UL>
<BR>[Called By]<UL><LI><a href="#[105]">&gt;&gt;</a>&nbsp;&nbsp;&nbsp;flash_handle
</UL>

<P><STRONG><a name="[106]"></a>get_data_from_a</STRONG> (Thumb, 362 bytes, Stack size 16 bytes, flash_handle.o(.text.get_data_from_a))
<BR><BR>[Stack]<UL><LI>Max Depth = 24<LI>Call Chain = get_data_from_a &rArr; flash_read_halfword
</UL>
<BR>[Calls]<UL><LI><a href="#[f8]">&gt;&gt;</a>&nbsp;&nbsp;&nbsp;flash_read_halfword
</UL>
<BR>[Called By]<UL><LI><a href="#[105]">&gt;&gt;</a>&nbsp;&nbsp;&nbsp;flash_handle
</UL>

<P><STRONG><a name="[107]"></a>get_data_from_b</STRONG> (Thumb, 362 bytes, Stack size 16 bytes, flash_handle.o(.text.get_data_from_b))
<BR><BR>[Stack]<UL><LI>Max Depth = 24<LI>Call Chain = get_data_from_b &rArr; flash_read_halfword
</UL>
<BR>[Calls]<UL><LI><a href="#[f8]">&gt;&gt;</a>&nbsp;&nbsp;&nbsp;flash_read_halfword
</UL>
<BR>[Called By]<UL><LI><a href="#[105]">&gt;&gt;</a>&nbsp;&nbsp;&nbsp;flash_handle
</UL>

<P><STRONG><a name="[108]"></a>get_reset_data</STRONG> (Thumb, 114 bytes, Stack size 0 bytes, flash_handle.o(.text.get_reset_data))
<BR><BR>[Called By]<UL><LI><a href="#[105]">&gt;&gt;</a>&nbsp;&nbsp;&nbsp;flash_handle
</UL>

<P><STRONG><a name="[109]"></a>check_data_all</STRONG> (Thumb, 1110 bytes, Stack size 0 bytes, flash_handle.o(.text.check_data_all))
<BR><BR>[Called By]<UL><LI><a href="#[105]">&gt;&gt;</a>&nbsp;&nbsp;&nbsp;flash_handle
</UL>

<P><STRONG><a name="[114]"></a>get_key</STRONG> (Thumb, 2186 bytes, Stack size 32 bytes, key_handle.o(.text.get_key))
<BR><BR>[Stack]<UL><LI>Max Depth = 56<LI>Call Chain = get_key &rArr; key_event_check
</UL>
<BR>[Calls]<UL><LI><a href="#[97]">&gt;&gt;</a>&nbsp;&nbsp;&nbsp;gpio_bits_set
<LI><a href="#[95]">&gt;&gt;</a>&nbsp;&nbsp;&nbsp;gpio_bits_reset
<LI><a href="#[115]">&gt;&gt;</a>&nbsp;&nbsp;&nbsp;key_event_check
<LI><a href="#[a]">&gt;&gt;</a>&nbsp;&nbsp;&nbsp;get_output
<LI><a href="#[9]">&gt;&gt;</a>&nbsp;&nbsp;&nbsp;get_once_ocp
<LI><a href="#[8]">&gt;&gt;</a>&nbsp;&nbsp;&nbsp;get_cont_ocp
<LI><a href="#[7]">&gt;&gt;</a>&nbsp;&nbsp;&nbsp;get_cc_cv
<LI><a href="#[6]">&gt;&gt;</a>&nbsp;&nbsp;&nbsp;get_reach_5v
<LI><a href="#[5]">&gt;&gt;</a>&nbsp;&nbsp;&nbsp;get_v_limin
<LI><a href="#[4]">&gt;&gt;</a>&nbsp;&nbsp;&nbsp;get_a_limin
<LI><a href="#[3]">&gt;&gt;</a>&nbsp;&nbsp;&nbsp;get_mod4
<LI><a href="#[2]">&gt;&gt;</a>&nbsp;&nbsp;&nbsp;get_mod3
<LI><a href="#[1]">&gt;&gt;</a>&nbsp;&nbsp;&nbsp;get_mod2
<LI><a href="#[0]">&gt;&gt;</a>&nbsp;&nbsp;&nbsp;get_mod1
</UL>
<BR>[Called By]<UL><LI><a href="#[11f]">&gt;&gt;</a>&nbsp;&nbsp;&nbsp;key_handle
</UL>

<P><STRONG><a name="[0]"></a>get_mod1</STRONG> (Thumb, 48 bytes, Stack size 16 bytes, key_handle.o(.text.get_mod1))
<BR><BR>[Stack]<UL><LI>Max Depth = 24<LI>Call Chain = get_mod1 &rArr; gpio_input_data_bit_read
</UL>
<BR>[Calls]<UL><LI><a href="#[98]">&gt;&gt;</a>&nbsp;&nbsp;&nbsp;gpio_input_data_bit_read
</UL>
<BR>[Called By]<UL><LI><a href="#[114]">&gt;&gt;</a>&nbsp;&nbsp;&nbsp;get_key
</UL>
<BR>[Address Reference Count : 1]<UL><LI> key_handle.o(.data.keys)
</UL>
<P><STRONG><a name="[1]"></a>get_mod2</STRONG> (Thumb, 48 bytes, Stack size 16 bytes, key_handle.o(.text.get_mod2))
<BR><BR>[Stack]<UL><LI>Max Depth = 24<LI>Call Chain = get_mod2 &rArr; gpio_input_data_bit_read
</UL>
<BR>[Calls]<UL><LI><a href="#[98]">&gt;&gt;</a>&nbsp;&nbsp;&nbsp;gpio_input_data_bit_read
</UL>
<BR>[Called By]<UL><LI><a href="#[114]">&gt;&gt;</a>&nbsp;&nbsp;&nbsp;get_key
</UL>
<BR>[Address Reference Count : 1]<UL><LI> key_handle.o(.data.keys)
</UL>
<P><STRONG><a name="[2]"></a>get_mod3</STRONG> (Thumb, 48 bytes, Stack size 16 bytes, key_handle.o(.text.get_mod3))
<BR><BR>[Stack]<UL><LI>Max Depth = 24<LI>Call Chain = get_mod3 &rArr; gpio_input_data_bit_read
</UL>
<BR>[Calls]<UL><LI><a href="#[98]">&gt;&gt;</a>&nbsp;&nbsp;&nbsp;gpio_input_data_bit_read
</UL>
<BR>[Called By]<UL><LI><a href="#[114]">&gt;&gt;</a>&nbsp;&nbsp;&nbsp;get_key
</UL>
<BR>[Address Reference Count : 1]<UL><LI> key_handle.o(.data.keys)
</UL>
<P><STRONG><a name="[3]"></a>get_mod4</STRONG> (Thumb, 48 bytes, Stack size 16 bytes, key_handle.o(.text.get_mod4))
<BR><BR>[Stack]<UL><LI>Max Depth = 24<LI>Call Chain = get_mod4 &rArr; gpio_input_data_bit_read
</UL>
<BR>[Calls]<UL><LI><a href="#[98]">&gt;&gt;</a>&nbsp;&nbsp;&nbsp;gpio_input_data_bit_read
</UL>
<BR>[Called By]<UL><LI><a href="#[114]">&gt;&gt;</a>&nbsp;&nbsp;&nbsp;get_key
</UL>
<BR>[Address Reference Count : 1]<UL><LI> key_handle.o(.data.keys)
</UL>
<P><STRONG><a name="[4]"></a>get_a_limin</STRONG> (Thumb, 48 bytes, Stack size 16 bytes, key_handle.o(.text.get_a_limin))
<BR><BR>[Stack]<UL><LI>Max Depth = 24<LI>Call Chain = get_a_limin &rArr; gpio_input_data_bit_read
</UL>
<BR>[Calls]<UL><LI><a href="#[98]">&gt;&gt;</a>&nbsp;&nbsp;&nbsp;gpio_input_data_bit_read
</UL>
<BR>[Called By]<UL><LI><a href="#[114]">&gt;&gt;</a>&nbsp;&nbsp;&nbsp;get_key
</UL>
<BR>[Address Reference Count : 1]<UL><LI> key_handle.o(.data.keys)
</UL>
<P><STRONG><a name="[5]"></a>get_v_limin</STRONG> (Thumb, 48 bytes, Stack size 16 bytes, key_handle.o(.text.get_v_limin))
<BR><BR>[Stack]<UL><LI>Max Depth = 24<LI>Call Chain = get_v_limin &rArr; gpio_input_data_bit_read
</UL>
<BR>[Calls]<UL><LI><a href="#[98]">&gt;&gt;</a>&nbsp;&nbsp;&nbsp;gpio_input_data_bit_read
</UL>
<BR>[Called By]<UL><LI><a href="#[114]">&gt;&gt;</a>&nbsp;&nbsp;&nbsp;get_key
</UL>
<BR>[Address Reference Count : 1]<UL><LI> key_handle.o(.data.keys)
</UL>
<P><STRONG><a name="[6]"></a>get_reach_5v</STRONG> (Thumb, 46 bytes, Stack size 16 bytes, key_handle.o(.text.get_reach_5v))
<BR><BR>[Stack]<UL><LI>Max Depth = 24<LI>Call Chain = get_reach_5v &rArr; gpio_input_data_bit_read
</UL>
<BR>[Calls]<UL><LI><a href="#[98]">&gt;&gt;</a>&nbsp;&nbsp;&nbsp;gpio_input_data_bit_read
</UL>
<BR>[Called By]<UL><LI><a href="#[114]">&gt;&gt;</a>&nbsp;&nbsp;&nbsp;get_key
</UL>
<BR>[Address Reference Count : 1]<UL><LI> key_handle.o(.data.keys)
</UL>
<P><STRONG><a name="[7]"></a>get_cc_cv</STRONG> (Thumb, 48 bytes, Stack size 16 bytes, key_handle.o(.text.get_cc_cv))
<BR><BR>[Stack]<UL><LI>Max Depth = 24<LI>Call Chain = get_cc_cv &rArr; gpio_input_data_bit_read
</UL>
<BR>[Calls]<UL><LI><a href="#[98]">&gt;&gt;</a>&nbsp;&nbsp;&nbsp;gpio_input_data_bit_read
</UL>
<BR>[Called By]<UL><LI><a href="#[114]">&gt;&gt;</a>&nbsp;&nbsp;&nbsp;get_key
</UL>
<BR>[Address Reference Count : 1]<UL><LI> key_handle.o(.data.keys)
</UL>
<P><STRONG><a name="[8]"></a>get_cont_ocp</STRONG> (Thumb, 48 bytes, Stack size 16 bytes, key_handle.o(.text.get_cont_ocp))
<BR><BR>[Stack]<UL><LI>Max Depth = 24<LI>Call Chain = get_cont_ocp &rArr; gpio_input_data_bit_read
</UL>
<BR>[Calls]<UL><LI><a href="#[98]">&gt;&gt;</a>&nbsp;&nbsp;&nbsp;gpio_input_data_bit_read
</UL>
<BR>[Called By]<UL><LI><a href="#[114]">&gt;&gt;</a>&nbsp;&nbsp;&nbsp;get_key
</UL>
<BR>[Address Reference Count : 1]<UL><LI> key_handle.o(.data.keys)
</UL>
<P><STRONG><a name="[9]"></a>get_once_ocp</STRONG> (Thumb, 48 bytes, Stack size 16 bytes, key_handle.o(.text.get_once_ocp))
<BR><BR>[Stack]<UL><LI>Max Depth = 24<LI>Call Chain = get_once_ocp &rArr; gpio_input_data_bit_read
</UL>
<BR>[Calls]<UL><LI><a href="#[98]">&gt;&gt;</a>&nbsp;&nbsp;&nbsp;gpio_input_data_bit_read
</UL>
<BR>[Called By]<UL><LI><a href="#[114]">&gt;&gt;</a>&nbsp;&nbsp;&nbsp;get_key
</UL>
<BR>[Address Reference Count : 1]<UL><LI> key_handle.o(.data.keys)
</UL>
<P><STRONG><a name="[a]"></a>get_output</STRONG> (Thumb, 48 bytes, Stack size 16 bytes, key_handle.o(.text.get_output))
<BR><BR>[Stack]<UL><LI>Max Depth = 24<LI>Call Chain = get_output &rArr; gpio_input_data_bit_read
</UL>
<BR>[Calls]<UL><LI><a href="#[98]">&gt;&gt;</a>&nbsp;&nbsp;&nbsp;gpio_input_data_bit_read
</UL>
<BR>[Called By]<UL><LI><a href="#[114]">&gt;&gt;</a>&nbsp;&nbsp;&nbsp;get_key
</UL>
<BR>[Address Reference Count : 1]<UL><LI> key_handle.o(.data.keys)
</UL>
<P><STRONG><a name="[b]"></a>beep_on</STRONG> (Thumb, 20 bytes, Stack size 8 bytes, beep.o(.text.beep_on))
<BR><BR>[Stack]<UL><LI>Max Depth = 16<LI>Call Chain = beep_on &rArr; gpio_bits_set
</UL>
<BR>[Calls]<UL><LI><a href="#[97]">&gt;&gt;</a>&nbsp;&nbsp;&nbsp;gpio_bits_set
</UL>
<BR>[Address Reference Count : 1]<UL><LI> beep.o(.data.sbeep)
</UL>
<P><STRONG><a name="[c]"></a>beep_off</STRONG> (Thumb, 20 bytes, Stack size 8 bytes, beep.o(.text.beep_off))
<BR><BR>[Stack]<UL><LI>Max Depth = 16<LI>Call Chain = beep_off &rArr; gpio_bits_reset
</UL>
<BR>[Calls]<UL><LI><a href="#[95]">&gt;&gt;</a>&nbsp;&nbsp;&nbsp;gpio_bits_reset
</UL>
<BR>[Address Reference Count : 1]<UL><LI> beep.o(.data.sbeep)
</UL>
<P><STRONG><a name="[ad]"></a>EC11_ReadPin</STRONG> (Thumb, 32 bytes, Stack size 16 bytes, encoderec11.o(.text.EC11_ReadPin))
<BR><BR>[Stack]<UL><LI>Max Depth = 24<LI>Call Chain = EC11_ReadPin &rArr; gpio_input_data_bit_read
</UL>
<BR>[Calls]<UL><LI><a href="#[98]">&gt;&gt;</a>&nbsp;&nbsp;&nbsp;gpio_input_data_bit_read
</UL>
<BR>[Called By]<UL><LI><a href="#[ae]">&gt;&gt;</a>&nbsp;&nbsp;&nbsp;EC11_Scan
</UL>

<P><STRONG><a name="[ab]"></a>EC11_CheckRotationSpeed</STRONG> (Thumb, 50 bytes, Stack size 8 bytes, encoderec11.o(.text.EC11_CheckRotationSpeed))
<BR><BR>[Stack]<UL><LI>Max Depth = 8<LI>Call Chain = EC11_CheckRotationSpeed
</UL>
<BR>[Called By]<UL><LI><a href="#[aa]">&gt;&gt;</a>&nbsp;&nbsp;&nbsp;EC11_Analyze
</UL>

<P><STRONG><a name="[ac]"></a>EC11_ResetKeyState</STRONG> (Thumb, 34 bytes, Stack size 4 bytes, encoderec11.o(.text.EC11_ResetKeyState))
<BR><BR>[Stack]<UL><LI>Max Depth = 4<LI>Call Chain = EC11_ResetKeyState
</UL>
<BR>[Called By]<UL><LI><a href="#[aa]">&gt;&gt;</a>&nbsp;&nbsp;&nbsp;EC11_Analyze
</UL>

<P><STRONG><a name="[ba]"></a>crc16_ccitt</STRONG> (Thumb, 130 bytes, Stack size 16 bytes, eventrecorder.o(.text.crc16_ccitt))
<BR><BR>[Stack]<UL><LI>Max Depth = 16<LI>Call Chain = crc16_ccitt
</UL>
<BR>[Called By]<UL><LI><a href="#[b8]">&gt;&gt;</a>&nbsp;&nbsp;&nbsp;EventRecorderInitialize
</UL>

<P><STRONG><a name="[af]"></a>EventGetTS</STRONG> (Thumb, 154 bytes, Stack size 32 bytes, eventrecorder.o(.text.EventGetTS))
<BR><BR>[Stack]<UL><LI>Max Depth = 96<LI>Call Chain = EventGetTS &rArr; EventRecorderTimerGetCount &rArr; get_system_ticks &rArr; check_systick
</UL>
<BR>[Calls]<UL><LI><a href="#[b0]">&gt;&gt;</a>&nbsp;&nbsp;&nbsp;EventRecorderTimerGetCount
<LI><a href="#[b1]">&gt;&gt;</a>&nbsp;&nbsp;&nbsp;atomic_cmp_xch_32
</UL>
<BR>[Called By]<UL><LI><a href="#[b8]">&gt;&gt;</a>&nbsp;&nbsp;&nbsp;EventRecorderInitialize
<LI><a href="#[bf]">&gt;&gt;</a>&nbsp;&nbsp;&nbsp;EventRecorderStart
</UL>

<P><STRONG><a name="[b2]"></a>EventRecordItem</STRONG> (Thumb, 240 bytes, Stack size 56 bytes, eventrecorder.o(.text.EventRecordItem))
<BR><BR>[Stack]<UL><LI>Max Depth = 92<LI>Call Chain = EventRecordItem &rArr; IncrementRecordsDumped &rArr; atomic_inc_32
</UL>
<BR>[Calls]<UL><LI><a href="#[b7]">&gt;&gt;</a>&nbsp;&nbsp;&nbsp;IncrementRecordsDumped
<LI><a href="#[b6]">&gt;&gt;</a>&nbsp;&nbsp;&nbsp;IncrementRecordsWritten
<LI><a href="#[b5]">&gt;&gt;</a>&nbsp;&nbsp;&nbsp;UnlockRecord
<LI><a href="#[b4]">&gt;&gt;</a>&nbsp;&nbsp;&nbsp;LockRecord
<LI><a href="#[b3]">&gt;&gt;</a>&nbsp;&nbsp;&nbsp;GetRecordIndex
</UL>
<BR>[Called By]<UL><LI><a href="#[b8]">&gt;&gt;</a>&nbsp;&nbsp;&nbsp;EventRecorderInitialize
<LI><a href="#[bf]">&gt;&gt;</a>&nbsp;&nbsp;&nbsp;EventRecorderStart
</UL>

<P><STRONG><a name="[b1]"></a>atomic_cmp_xch_32</STRONG> (Thumb, 96 bytes, Stack size 32 bytes, eventrecorder.o(.text.atomic_cmp_xch_32))
<BR><BR>[Stack]<UL><LI>Max Depth = 32<LI>Call Chain = atomic_cmp_xch_32
</UL>
<BR>[Called By]<UL><LI><a href="#[af]">&gt;&gt;</a>&nbsp;&nbsp;&nbsp;EventGetTS
</UL>

<P><STRONG><a name="[b3]"></a>GetRecordIndex</STRONG> (Thumb, 18 bytes, Stack size 8 bytes, eventrecorder.o(.text.GetRecordIndex))
<BR><BR>[Stack]<UL><LI>Max Depth = 36<LI>Call Chain = GetRecordIndex &rArr; atomic_inc_32
</UL>
<BR>[Calls]<UL><LI><a href="#[c5]">&gt;&gt;</a>&nbsp;&nbsp;&nbsp;atomic_inc_32
</UL>
<BR>[Called By]<UL><LI><a href="#[b2]">&gt;&gt;</a>&nbsp;&nbsp;&nbsp;EventRecordItem
</UL>

<P><STRONG><a name="[b4]"></a>LockRecord</STRONG> (Thumb, 140 bytes, Stack size 36 bytes, eventrecorder.o(.text.LockRecord))
<BR><BR>[Stack]<UL><LI>Max Depth = 36<LI>Call Chain = LockRecord
</UL>
<BR>[Called By]<UL><LI><a href="#[b2]">&gt;&gt;</a>&nbsp;&nbsp;&nbsp;EventRecordItem
</UL>

<P><STRONG><a name="[b5]"></a>UnlockRecord</STRONG> (Thumb, 86 bytes, Stack size 36 bytes, eventrecorder.o(.text.UnlockRecord))
<BR><BR>[Stack]<UL><LI>Max Depth = 36<LI>Call Chain = UnlockRecord
</UL>
<BR>[Called By]<UL><LI><a href="#[b2]">&gt;&gt;</a>&nbsp;&nbsp;&nbsp;EventRecordItem
</UL>

<P><STRONG><a name="[b6]"></a>IncrementRecordsWritten</STRONG> (Thumb, 18 bytes, Stack size 8 bytes, eventrecorder.o(.text.IncrementRecordsWritten))
<BR><BR>[Stack]<UL><LI>Max Depth = 36<LI>Call Chain = IncrementRecordsWritten &rArr; atomic_inc_32
</UL>
<BR>[Calls]<UL><LI><a href="#[c5]">&gt;&gt;</a>&nbsp;&nbsp;&nbsp;atomic_inc_32
</UL>
<BR>[Called By]<UL><LI><a href="#[b2]">&gt;&gt;</a>&nbsp;&nbsp;&nbsp;EventRecordItem
</UL>

<P><STRONG><a name="[b7]"></a>IncrementRecordsDumped</STRONG> (Thumb, 18 bytes, Stack size 8 bytes, eventrecorder.o(.text.IncrementRecordsDumped))
<BR><BR>[Stack]<UL><LI>Max Depth = 36<LI>Call Chain = IncrementRecordsDumped &rArr; atomic_inc_32
</UL>
<BR>[Calls]<UL><LI><a href="#[c5]">&gt;&gt;</a>&nbsp;&nbsp;&nbsp;atomic_inc_32
</UL>
<BR>[Called By]<UL><LI><a href="#[b2]">&gt;&gt;</a>&nbsp;&nbsp;&nbsp;EventRecordItem
</UL>

<P><STRONG><a name="[c5]"></a>atomic_inc_32</STRONG> (Thumb, 76 bytes, Stack size 28 bytes, eventrecorder.o(.text.atomic_inc_32))
<BR><BR>[Stack]<UL><LI>Max Depth = 28<LI>Call Chain = atomic_inc_32
</UL>
<BR>[Called By]<UL><LI><a href="#[b7]">&gt;&gt;</a>&nbsp;&nbsp;&nbsp;IncrementRecordsDumped
<LI><a href="#[b6]">&gt;&gt;</a>&nbsp;&nbsp;&nbsp;IncrementRecordsWritten
<LI><a href="#[b3]">&gt;&gt;</a>&nbsp;&nbsp;&nbsp;GetRecordIndex
</UL>

<P><STRONG><a name="[116]"></a>perfc_port_disable_global_interrupt</STRONG> (Thumb, 20 bytes, Stack size 8 bytes, perf_counter.o(.text.perfc_port_disable_global_interrupt))
<BR><BR>[Stack]<UL><LI>Max Depth = 8<LI>Call Chain = perfc_port_disable_global_interrupt
</UL>
<BR>[Called By]<UL><LI><a href="#[e2]">&gt;&gt;</a>&nbsp;&nbsp;&nbsp;init_cycle_counter
<LI><a href="#[c0]">&gt;&gt;</a>&nbsp;&nbsp;&nbsp;get_system_ticks
<LI><a href="#[11d]">&gt;&gt;</a>&nbsp;&nbsp;&nbsp;update_perf_counter
<LI><a href="#[67]">&gt;&gt;</a>&nbsp;&nbsp;&nbsp;perfc_port_insert_to_system_timer_insert_ovf_handler
</UL>

<P><STRONG><a name="[117]"></a>perfc_port_resume_global_interrupt</STRONG> (Thumb, 18 bytes, Stack size 8 bytes, perf_counter.o(.text.perfc_port_resume_global_interrupt))
<BR><BR>[Stack]<UL><LI>Max Depth = 8<LI>Call Chain = perfc_port_resume_global_interrupt
</UL>
<BR>[Called By]<UL><LI><a href="#[e2]">&gt;&gt;</a>&nbsp;&nbsp;&nbsp;init_cycle_counter
<LI><a href="#[c0]">&gt;&gt;</a>&nbsp;&nbsp;&nbsp;get_system_ticks
<LI><a href="#[11d]">&gt;&gt;</a>&nbsp;&nbsp;&nbsp;update_perf_counter
<LI><a href="#[67]">&gt;&gt;</a>&nbsp;&nbsp;&nbsp;perfc_port_insert_to_system_timer_insert_ovf_handler
</UL>

<P><STRONG><a name="[e4]"></a>check_systick</STRONG> (Thumb, 66 bytes, Stack size 24 bytes, perf_counter.o(.text.check_systick))
<BR><BR>[Stack]<UL><LI>Max Depth = 24<LI>Call Chain = check_systick
</UL>
<BR>[Calls]<UL><LI><a href="#[e5]">&gt;&gt;</a>&nbsp;&nbsp;&nbsp;perfc_port_get_system_timer_elapsed
<LI><a href="#[e6]">&gt;&gt;</a>&nbsp;&nbsp;&nbsp;perfc_port_is_system_timer_ovf_pending
<LI><a href="#[e7]">&gt;&gt;</a>&nbsp;&nbsp;&nbsp;perfc_port_get_system_timer_top
</UL>
<BR>[Called By]<UL><LI><a href="#[c0]">&gt;&gt;</a>&nbsp;&nbsp;&nbsp;get_system_ticks
</UL>

<P><STRONG><a name="[13d]"></a>perfc_port_disable_global_interrupt</STRONG> (Thumb, 20 bytes, Stack size 8 bytes, perfc_port_default.o(.text.perfc_port_disable_global_interrupt))
<BR><BR>[Stack]<UL><LI>Max Depth = 8<LI>Call Chain = perfc_port_disable_global_interrupt
</UL>
<BR>[Called By]<UL><LI><a href="#[11b]">&gt;&gt;</a>&nbsp;&nbsp;&nbsp;perfc_port_init_system_timer
</UL>

<P><STRONG><a name="[13e]"></a>perfc_port_resume_global_interrupt</STRONG> (Thumb, 18 bytes, Stack size 8 bytes, perfc_port_default.o(.text.perfc_port_resume_global_interrupt))
<BR><BR>[Stack]<UL><LI>Max Depth = 8<LI>Call Chain = perfc_port_resume_global_interrupt
</UL>
<BR>[Called By]<UL><LI><a href="#[11b]">&gt;&gt;</a>&nbsp;&nbsp;&nbsp;perfc_port_init_system_timer
</UL>
<P>
<H3>
Undefined Global Symbols
</H3><HR></body></html>
